16:44:26 **** Incremental Build of configuration Debug for project Projet ****
make -j all 
Building file: ../lv_examples/lv_tutorial/7_fonts/arial_ascii_20.c
Building file: ../lv_examples/lv_tutorial/7_fonts/arial_cyrillic_20.c
Building file: ../lv_examples/lv_tutorial/7_fonts/arial_math_20.c
Building file: ../lv_examples/lv_tutorial/7_fonts/lv_tutorial_fonts.c
Building file: ../lv_examples/lv_tutorial/6_images/lv_tutorial_images.c
Invoking: MCU GCC Compiler
Invoking: MCU GCC Compiler
Invoking: MCU GCC Compiler
Building file: ../lv_examples/lv_tutorial/6_images/red_flower.c
Invoking: MCU GCC Compiler
Invoking: MCU GCC Compiler
C:\PerfectTuning\Projet\Debug
C:\PerfectTuning\Projet\Debug
C:\PerfectTuning\Projet\Debug
arm-none-eabi-gcc -mcpu=cortex-m7 -mthumb -mfloat-abi=hard -mfpu=fpv5-d16 '-D__weak=__attribute__((weak))' '-D__packed=__attribute__((__packed__))' -DUSE_HAL_DRIVER -DSTM32F769xx -I"C:/PerfectTuning/Projet/Inc" -I"C:/PerfectTuning/Projet/Drivers/STM32F7xx_HAL_Driver/Inc" -I"C:/PerfectTuning/Projet/Drivers/STM32F7xx_HAL_Driver/Inc/Legacy" -I"C:/PerfectTuning/Projet/Drivers/CMSIS/Device/ST/STM32F7xx/Include" -I"C:/PerfectTuning/Projet/Drivers/CMSIS/Include" -I"C:/PerfectTuning/Projet" -I"C:/PerfectTuning/Projet/lv_examples" -I"C:/PerfectTuning/Projet/Drivers/BSP/Components" -I"C:/PerfectTuning/Projet/Drivers/BSP/STM32F769I-Discovery" -I"C:/PerfectTuning/Projet/Utilities/Fonts" -I"C:/PerfectTuning/Projet/Drivers"  -O0 -g3 -Wall -fmessage-length=0 -ffunction-sections -c -fmessage-length=0 -MMD -MP -MF"lv_examples/lv_tutorial/7_fonts/arial_ascii_20.d" -MT"lv_examples/lv_tutorial/7_fonts/arial_ascii_20.o" -o "lv_examples/lv_tutorial/7_fonts/arial_ascii_20.o" "../lv_examples/lv_tutorial/7_fonts/arial_ascii_20.c"
Invoking: MCU GCC Compiler
arm-none-eabi-gcc -mcpu=cortex-m7 -mthumb -mfloat-abi=hard -mfpu=fpv5-d16 '-D__weak=__attribute__((weak))' '-D__packed=__attribute__((__packed__))' -DUSE_HAL_DRIVER -DSTM32F769xx -I"C:/PerfectTuning/Projet/Inc" -I"C:/PerfectTuning/Projet/Drivers/STM32F7xx_HAL_Driver/Inc" -I"C:/PerfectTuning/Projet/Drivers/STM32F7xx_HAL_Driver/Inc/Legacy" -I"C:/PerfectTuning/Projet/Drivers/CMSIS/Device/ST/STM32F7xx/Include" -I"C:/PerfectTuning/Projet/Drivers/CMSIS/Include" -I"C:/PerfectTuning/Projet" -I"C:/PerfectTuning/Projet/lv_examples" -I"C:/PerfectTuning/Projet/Drivers/BSP/Components" -I"C:/PerfectTuning/Projet/Drivers/BSP/STM32F769I-Discovery" -I"C:/PerfectTuning/Projet/Utilities/Fonts" -I"C:/PerfectTuning/Projet/Drivers"  -O0 -g3 -Wall -fmessage-length=0 -ffunction-sections -c -fmessage-length=0 -MMD -MP -MF"lv_examples/lv_tutorial/7_fonts/arial_cyrillic_20.d" -MT"lv_examples/lv_tutorial/7_fonts/arial_cyrillic_20.o" -o "lv_examples/lv_tutorial/7_fonts/arial_cyrillic_20.o" "../lv_examples/lv_tutorial/7_fonts/arial_cyrillic_20.c"
Building file: ../lv_examples/lv_tutorial/5_antialiasing/apple_icon_alpha.c
arm-none-eabi-gcc -mcpu=cortex-m7 -mthumb -mfloat-abi=hard -mfpu=fpv5-d16 '-D__weak=__attribute__((weak))' '-D__packed=__attribute__((__packed__))' -DUSE_HAL_DRIVER -DSTM32F769xx -I"C:/PerfectTuning/Projet/Inc" -I"C:/PerfectTuning/Projet/Drivers/STM32F7xx_HAL_Driver/Inc" -I"C:/PerfectTuning/Projet/Drivers/STM32F7xx_HAL_Driver/Inc/Legacy" -I"C:/PerfectTuning/Projet/Drivers/CMSIS/Device/ST/STM32F7xx/Include" -I"C:/PerfectTuning/Projet/Drivers/CMSIS/Include" -I"C:/PerfectTuning/Projet" -I"C:/PerfectTuning/Projet/lv_examples" -I"C:/PerfectTuning/Projet/Drivers/BSP/Components" -I"C:/PerfectTuning/Projet/Drivers/BSP/STM32F769I-Discovery" -I"C:/PerfectTuning/Projet/Utilities/Fonts" -I"C:/PerfectTuning/Projet/Drivers"  -O0 -g3 -Wall -fmessage-length=0 -ffunction-sections -c -fmessage-length=0 -MMD -MP -MF"lv_examples/lv_tutorial/7_fonts/arial_math_20.d" -MT"lv_examples/lv_tutorial/7_fonts/arial_math_20.o" -o "lv_examples/lv_tutorial/7_fonts/arial_math_20.o" "../lv_examples/lv_tutorial/7_fonts/arial_math_20.c"
C:\PerfectTuning\Projet\Debug
C:\PerfectTuning\Projet\Debug
C:\PerfectTuning\Projet\Debug
Building file: ../lv_examples/lv_tutorial/4_themes/lv_tutorial_themes.c
Building file: ../lv_examples/lv_tutorial/5_antialiasing/apple_icon_chroma.c
Building file: ../lv_examples/lv_tutorial/3_styles/lv_tutorial_styles.c
Building file: ../lv_examples/lv_tutorial/1_hello_world/lv_tutorial_hello_world.c
Building file: ../lv_examples/lv_tutorial/10_keyboard/lv_tutorial_keyboard.c
Building file: ../lv_examples/lv_tests/lv_test_stress/lv_test_stress.c
Invoking: MCU GCC Compiler
Building file: ../lv_examples/lv_tutorial/2_objects/lv_tutorial_objects.c
Building file: ../lv_examples/lv_tests/lv_test_theme/lv_test_theme.c
arm-none-eabi-gcc -mcpu=cortex-m7 -mthumb -mfloat-abi=hard -mfpu=fpv5-d16 '-D__weak=__attribute__((weak))' '-D__packed=__attribute__((__packed__))' -DUSE_HAL_DRIVER -DSTM32F769xx -I"C:/PerfectTuning/Projet/Inc" -I"C:/PerfectTuning/Projet/Drivers/STM32F7xx_HAL_Driver/Inc" -I"C:/PerfectTuning/Projet/Drivers/STM32F7xx_HAL_Driver/Inc/Legacy" -I"C:/PerfectTuning/Projet/Drivers/CMSIS/Device/ST/STM32F7xx/Include" -I"C:/PerfectTuning/Projet/Drivers/CMSIS/Include" -I"C:/PerfectTuning/Projet" -I"C:/PerfectTuning/Projet/lv_examples" -I"C:/PerfectTuning/Projet/Drivers/BSP/Components" -I"C:/PerfectTuning/Projet/Drivers/BSP/STM32F769I-Discovery" -I"C:/PerfectTuning/Projet/Utilities/Fonts" -I"C:/PerfectTuning/Projet/Drivers"  -O0 -g3 -Wall -fmessage-length=0 -ffunction-sections -c -fmessage-length=0 -MMD -MP -MF"lv_examples/lv_tutorial/7_fonts/lv_tutorial_fonts.d" -MT"lv_examples/lv_tutorial/7_fonts/lv_tutorial_fonts.o" -o "lv_examples/lv_tutorial/7_fonts/lv_tutorial_fonts.o" "../lv_examples/lv_tutorial/7_fonts/lv_tutorial_fonts.c"
arm-none-eabi-gcc -mcpu=cortex-m7 -mthumb -mfloat-abi=hard -mfpu=fpv5-d16 '-D__weak=__attribute__((weak))' '-D__packed=__attribute__((__packed__))' -DUSE_HAL_DRIVER -DSTM32F769xx -I"C:/PerfectTuning/Projet/Inc" -I"C:/PerfectTuning/Projet/Drivers/STM32F7xx_HAL_Driver/Inc" -I"C:/PerfectTuning/Projet/Drivers/STM32F7xx_HAL_Driver/Inc/Legacy" -I"C:/PerfectTuning/Projet/Drivers/CMSIS/Device/ST/STM32F7xx/Include" -I"C:/PerfectTuning/Projet/Drivers/CMSIS/Include" -I"C:/PerfectTuning/Projet" -I"C:/PerfectTuning/Projet/lv_examples" -I"C:/PerfectTuning/Projet/Drivers/BSP/Components" -I"C:/PerfectTuning/Projet/Drivers/BSP/STM32F769I-Discovery" -I"C:/PerfectTuning/Projet/Utilities/Fonts" -I"C:/PerfectTuning/Projet/Drivers"  -O0 -g3 -Wall -fmessage-length=0 -ffunction-sections -c -fmessage-length=0 -MMD -MP -MF"lv_examples/lv_tutorial/6_images/lv_tutorial_images.d" -MT"lv_examples/lv_tutorial/6_images/lv_tutorial_images.o" -o "lv_examples/lv_tutorial/6_images/lv_tutorial_images.o" "../lv_examples/lv_tutorial/6_images/lv_tutorial_images.c"
Building file: ../lv_examples/lv_tests/lv_test_objx/lv_test_win/lv_test_win.c
Building file: ../lv_examples/lv_tutorial/0_porting/lv_tutorial_porting.c
arm-none-eabi-gcc -mcpu=cortex-m7 -mthumb -mfloat-abi=hard -mfpu=fpv5-d16 '-D__weak=__attribute__((weak))' '-D__packed=__attribute__((__packed__))' -DUSE_HAL_DRIVER -DSTM32F769xx -I"C:/PerfectTuning/Projet/Inc" -I"C:/PerfectTuning/Projet/Drivers/STM32F7xx_HAL_Driver/Inc" -I"C:/PerfectTuning/Projet/Drivers/STM32F7xx_HAL_Driver/Inc/Legacy" -I"C:/PerfectTuning/Projet/Drivers/CMSIS/Device/ST/STM32F7xx/Include" -I"C:/PerfectTuning/Projet/Drivers/CMSIS/Include" -I"C:/PerfectTuning/Projet" -I"C:/PerfectTuning/Projet/lv_examples" -I"C:/PerfectTuning/Projet/Drivers/BSP/Components" -I"C:/PerfectTuning/Projet/Drivers/BSP/STM32F769I-Discovery" -I"C:/PerfectTuning/Projet/Utilities/Fonts" -I"C:/PerfectTuning/Projet/Drivers"  -O0 -g3 -Wall -fmessage-length=0 -ffunction-sections -c -fmessage-length=0 -MMD -MP -MF"lv_examples/lv_tutorial/6_images/red_flower.d" -MT"lv_examples/lv_tutorial/6_images/red_flower.o" -o "lv_examples/lv_tutorial/6_images/red_flower.o" "../lv_examples/lv_tutorial/6_images/red_flower.c"
Building file: ../lv_examples/lv_tests/lv_test_objx/lv_test_tabview/lv_test_tabview.c
Building file: ../lv_examples/lv_tutorial/5_antialiasing/lv_tutorial_antialiasing.c
Invoking: MCU GCC Compiler
Invoking: MCU GCC Compiler
Invoking: MCU GCC Compiler
Invoking: MCU GCC Compiler
Building file: ../lv_examples/lv_tests/lv_test_objx/lv_test_ta/lv_test_ta.c
Invoking: MCU GCC Compiler
Building file: ../lv_examples/lv_tests/lv_test_objx/lv_test_slider/lv_test_slider.c
C:\PerfectTuning\Projet\Debug
Invoking: MCU GCC Compiler
Invoking: MCU GCC Compiler
Invoking: MCU GCC Compiler
Building file: ../lv_examples/lv_tests/lv_test_objx/lv_test_mbox/lv_test_mbox.c
Building file: ../lv_examples/lv_tests/lv_test_objx/lv_test_sw/lv_test_sw.c
Building file: ../lv_examples/lv_tests/lv_test_objx/lv_test_roller/lv_test_roller.c
Invoking: MCU GCC Compiler
C:\PerfectTuning\Projet\Debug
Building file: ../lv_examples/lv_tests/lv_test_objx/lv_test_page/lv_test_page.c
Building file: ../lv_examples/lv_tests/lv_test_objx/lv_test_lmeter/lv_test_lmeter.c
C:\PerfectTuning\Projet\Debug
Invoking: MCU GCC Compiler
arm-none-eabi-gcc -mcpu=cortex-m7 -mthumb -mfloat-abi=hard -mfpu=fpv5-d16 '-D__weak=__attribute__((weak))' '-D__packed=__attribute__((__packed__))' -DUSE_HAL_DRIVER -DSTM32F769xx -I"C:/PerfectTuning/Projet/Inc" -I"C:/PerfectTuning/Projet/Drivers/STM32F7xx_HAL_Driver/Inc" -I"C:/PerfectTuning/Projet/Drivers/STM32F7xx_HAL_Driver/Inc/Legacy" -I"C:/PerfectTuning/Projet/Drivers/CMSIS/Device/ST/STM32F7xx/Include" -I"C:/PerfectTuning/Projet/Drivers/CMSIS/Include" -I"C:/PerfectTuning/Projet" -I"C:/PerfectTuning/Projet/lv_examples" -I"C:/PerfectTuning/Projet/Drivers/BSP/Components" -I"C:/PerfectTuning/Projet/Drivers/BSP/STM32F769I-Discovery" -I"C:/PerfectTuning/Projet/Utilities/Fonts" -I"C:/PerfectTuning/Projet/Drivers"  -O0 -g3 -Wall -fmessage-length=0 -ffunction-sections -c -fmessage-length=0 -MMD -MP -MF"lv_examples/lv_tutorial/5_antialiasing/apple_icon_alpha.d" -MT"lv_examples/lv_tutorial/5_antialiasing/apple_icon_alpha.o" -o "lv_examples/lv_tutorial/5_antialiasing/apple_icon_alpha.o" "../lv_examples/lv_tutorial/5_antialiasing/apple_icon_alpha.c"
C:\PerfectTuning\Projet\Debug
C:\PerfectTuning\Projet\Debug
Invoking: MCU GCC Compiler
Invoking: MCU GCC Compiler
C:\PerfectTuning\Projet\Debug
Invoking: MCU GCC Compiler
Invoking: MCU GCC Compiler
C:\PerfectTuning\Projet\Debug
Invoking: MCU GCC Compiler
Invoking: MCU GCC Compiler
arm-none-eabi-gcc -mcpu=cortex-m7 -mthumb -mfloat-abi=hard -mfpu=fpv5-d16 '-D__weak=__attribute__((weak))' '-D__packed=__attribute__((__packed__))' -DUSE_HAL_DRIVER -DSTM32F769xx -I"C:/PerfectTuning/Projet/Inc" -I"C:/PerfectTuning/Projet/Drivers/STM32F7xx_HAL_Driver/Inc" -I"C:/PerfectTuning/Projet/Drivers/STM32F7xx_HAL_Driver/Inc/Legacy" -I"C:/PerfectTuning/Projet/Drivers/CMSIS/Device/ST/STM32F7xx/Include" -I"C:/PerfectTuning/Projet/Drivers/CMSIS/Include" -I"C:/PerfectTuning/Projet" -I"C:/PerfectTuning/Projet/lv_examples" -I"C:/PerfectTuning/Projet/Drivers/BSP/Components" -I"C:/PerfectTuning/Projet/Drivers/BSP/STM32F769I-Discovery" -I"C:/PerfectTuning/Projet/Utilities/Fonts" -I"C:/PerfectTuning/Projet/Drivers"  -O0 -g3 -Wall -fmessage-length=0 -ffunction-sections -c -fmessage-length=0 -MMD -MP -MF"lv_examples/lv_tests/lv_test_objx/lv_test_tabview/lv_test_tabview.d" -MT"lv_examples/lv_tests/lv_test_objx/lv_test_tabview/lv_test_tabview.o" -o "lv_examples/lv_tests/lv_test_objx/lv_test_tabview/lv_test_tabview.o" "../lv_examples/lv_tests/lv_test_objx/lv_test_tabview/lv_test_tabview.c"
Invoking: MCU GCC Compiler
Building file: ../lv_examples/lv_tests/lv_test_objx/lv_test_list/lv_test_list.c
C:\PerfectTuning\Projet\Debug
C:\PerfectTuning\Projet\Debug
arm-none-eabi-gcc -mcpu=cortex-m7 -mthumb -mfloat-abi=hard -mfpu=fpv5-d16 '-D__weak=__attribute__((weak))' '-D__packed=__attribute__((__packed__))' -DUSE_HAL_DRIVER -DSTM32F769xx -I"C:/PerfectTuning/Projet/Inc" -I"C:/PerfectTuning/Projet/Drivers/STM32F7xx_HAL_Driver/Inc" -I"C:/PerfectTuning/Projet/Drivers/STM32F7xx_HAL_Driver/Inc/Legacy" -I"C:/PerfectTuning/Projet/Drivers/CMSIS/Device/ST/STM32F7xx/Include" -I"C:/PerfectTuning/Projet/Drivers/CMSIS/Include" -I"C:/PerfectTuning/Projet" -I"C:/PerfectTuning/Projet/lv_examples" -I"C:/PerfectTuning/Projet/Drivers/BSP/Components" -I"C:/PerfectTuning/Projet/Drivers/BSP/STM32F769I-Discovery" -I"C:/PerfectTuning/Projet/Utilities/Fonts" -I"C:/PerfectTuning/Projet/Drivers"  -O0 -g3 -Wall -fmessage-length=0 -ffunction-sections -c -fmessage-length=0 -MMD -MP -MF"lv_examples/lv_tutorial/10_keyboard/lv_tutorial_keyboard.d" -MT"lv_examples/lv_tutorial/10_keyboard/lv_tutorial_keyboard.o" -o "lv_examples/lv_tutorial/10_keyboard/lv_tutorial_keyboard.o" "../lv_examples/lv_tutorial/10_keyboard/lv_tutorial_keyboard.c"
arm-none-eabi-gcc -mcpu=cortex-m7 -mthumb -mfloat-abi=hard -mfpu=fpv5-d16 '-D__weak=__attribute__((weak))' '-D__packed=__attribute__((__packed__))' -DUSE_HAL_DRIVER -DSTM32F769xx -I"C:/PerfectTuning/Projet/Inc" -I"C:/PerfectTuning/Projet/Drivers/STM32F7xx_HAL_Driver/Inc" -I"C:/PerfectTuning/Projet/Drivers/STM32F7xx_HAL_Driver/Inc/Legacy" -I"C:/PerfectTuning/Projet/Drivers/CMSIS/Device/ST/STM32F7xx/Include" -I"C:/PerfectTuning/Projet/Drivers/CMSIS/Include" -I"C:/PerfectTuning/Projet" -I"C:/PerfectTuning/Projet/lv_examples" -I"C:/PerfectTuning/Projet/Drivers/BSP/Components" -I"C:/PerfectTuning/Projet/Drivers/BSP/STM32F769I-Discovery" -I"C:/PerfectTuning/Projet/Utilities/Fonts" -I"C:/PerfectTuning/Projet/Drivers"  -O0 -g3 -Wall -fmessage-length=0 -ffunction-sections -c -fmessage-length=0 -MMD -MP -MF"lv_examples/lv_tutorial/3_styles/lv_tutorial_styles.d" -MT"lv_examples/lv_tutorial/3_styles/lv_tutorial_styles.o" -o "lv_examples/lv_tutorial/3_styles/lv_tutorial_styles.o" "../lv_examples/lv_tutorial/3_styles/lv_tutorial_styles.c"
Building file: ../lv_examples/lv_tests/lv_test_objx/lv_test_label/lv_test_label.c
Building file: ../lv_examples/lv_tests/lv_test_objx/lv_test_led/lv_test_led.c
C:\PerfectTuning\Projet\Debug
Building file: ../lv_examples/lv_tests/lv_test_objx/lv_test_img/img_flower_icon.c
C:\PerfectTuning\Projet\Debug
arm-none-eabi-gcc -mcpu=cortex-m7 -mthumb -mfloat-abi=hard -mfpu=fpv5-d16 '-D__weak=__attribute__((weak))' '-D__packed=__attribute__((__packed__))' -DUSE_HAL_DRIVER -DSTM32F769xx -I"C:/PerfectTuning/Projet/Inc" -I"C:/PerfectTuning/Projet/Drivers/STM32F7xx_HAL_Driver/Inc" -I"C:/PerfectTuning/Projet/Drivers/STM32F7xx_HAL_Driver/Inc/Legacy" -I"C:/PerfectTuning/Projet/Drivers/CMSIS/Device/ST/STM32F7xx/Include" -I"C:/PerfectTuning/Projet/Drivers/CMSIS/Include" -I"C:/PerfectTuning/Projet" -I"C:/PerfectTuning/Projet/lv_examples" -I"C:/PerfectTuning/Projet/Drivers/BSP/Components" -I"C:/PerfectTuning/Projet/Drivers/BSP/STM32F769I-Discovery" -I"C:/PerfectTuning/Projet/Utilities/Fonts" -I"C:/PerfectTuning/Projet/Drivers"  -O0 -g3 -Wall -fmessage-length=0 -ffunction-sections -c -fmessage-length=0 -MMD -MP -MF"lv_examples/lv_tests/lv_test_stress/lv_test_stress.d" -MT"lv_examples/lv_tests/lv_test_stress/lv_test_stress.o" -o "lv_examples/lv_tests/lv_test_stress/lv_test_stress.o" "../lv_examples/lv_tests/lv_test_stress/lv_test_stress.c"
Building file: ../lv_examples/lv_tests/lv_test_objx/lv_test_gauge/lv_test_gauge.c
Building file: ../lv_examples/lv_tests/lv_test_objx/lv_test_chart/lv_test_chart.c
Building file: ../lv_examples/lv_tests/lv_test_objx/lv_test_btnm/lv_test_btnm.c
Invoking: MCU GCC Compiler
Building file: ../lv_examples/lv_tests/lv_test_objx/lv_test_btn/lv_test_btn.c
Building file: ../lv_examples/lv_tests/lv_test_objx/lv_test_line/lv_test_line.c
Building file: ../lv_examples/lv_tests/lv_test_objx/lv_test_kb/lv_test_kb.c
Building file: ../lv_examples/lv_tests/lv_test_objx/lv_test_ddlist/lv_test_ddlist.c
Building file: ../lv_examples/lv_tests/lv_test_objx/lv_test_cont/lv_test_cont.c
Building file: ../lv_examples/lv_tests/lv_test_objx/lv_test_cb/lv_test_cb.c
Building file: ../lv_examples/lv_tests/lv_test_objx/lv_test_img/lv_test_img.c
arm-none-eabi-gcc -mcpu=cortex-m7 -mthumb -mfloat-abi=hard -mfpu=fpv5-d16 '-D__weak=__attribute__((weak))' '-D__packed=__attribute__((__packed__))' -DUSE_HAL_DRIVER -DSTM32F769xx -I"C:/PerfectTuning/Projet/Inc" -I"C:/PerfectTuning/Projet/Drivers/STM32F7xx_HAL_Driver/Inc" -I"C:/PerfectTuning/Projet/Drivers/STM32F7xx_HAL_Driver/Inc/Legacy" -I"C:/PerfectTuning/Projet/Drivers/CMSIS/Device/ST/STM32F7xx/Include" -I"C:/PerfectTuning/Projet/Drivers/CMSIS/Include" -I"C:/PerfectTuning/Projet" -I"C:/PerfectTuning/Projet/lv_examples" -I"C:/PerfectTuning/Projet/Drivers/BSP/Components" -I"C:/PerfectTuning/Projet/Drivers/BSP/STM32F769I-Discovery" -I"C:/PerfectTuning/Projet/Utilities/Fonts" -I"C:/PerfectTuning/Projet/Drivers"  -O0 -g3 -Wall -fmessage-length=0 -ffunction-sections -c -fmessage-length=0 -MMD -MP -MF"lv_examples/lv_tutorial/4_themes/lv_tutorial_themes.d" -MT"lv_examples/lv_tutorial/4_themes/lv_tutorial_themes.o" -o "lv_examples/lv_tutorial/4_themes/lv_tutorial_themes.o" "../lv_examples/lv_tutorial/4_themes/lv_tutorial_themes.c"
arm-none-eabi-gcc -mcpu=cortex-m7 -mthumb -mfloat-abi=hard -mfpu=fpv5-d16 '-D__weak=__attribute__((weak))' '-D__packed=__attribute__((__packed__))' -DUSE_HAL_DRIVER -DSTM32F769xx -I"C:/PerfectTuning/Projet/Inc" -I"C:/PerfectTuning/Projet/Drivers/STM32F7xx_HAL_Driver/Inc" -I"C:/PerfectTuning/Projet/Drivers/STM32F7xx_HAL_Driver/Inc/Legacy" -I"C:/PerfectTuning/Projet/Drivers/CMSIS/Device/ST/STM32F7xx/Include" -I"C:/PerfectTuning/Projet/Drivers/CMSIS/Include" -I"C:/PerfectTuning/Projet" -I"C:/PerfectTuning/Projet/lv_examples" -I"C:/PerfectTuning/Projet/Drivers/BSP/Components" -I"C:/PerfectTuning/Projet/Drivers/BSP/STM32F769I-Discovery" -I"C:/PerfectTuning/Projet/Utilities/Fonts" -I"C:/PerfectTuning/Projet/Drivers"  -O0 -g3 -Wall -fmessage-length=0 -ffunction-sections -c -fmessage-length=0 -MMD -MP -MF"lv_examples/lv_tests/lv_test_objx/lv_test_slider/lv_test_slider.d" -MT"lv_examples/lv_tests/lv_test_objx/lv_test_slider/lv_test_slider.o" -o "lv_examples/lv_tests/lv_test_objx/lv_test_slider/lv_test_slider.o" "../lv_examples/lv_tests/lv_test_objx/lv_test_slider/lv_test_slider.c"
C:\PerfectTuning\Projet\Debug
C:\PerfectTuning\Projet\Debug
C:\PerfectTuning\Projet\Debug
arm-none-eabi-gcc -mcpu=cortex-m7 -mthumb -mfloat-abi=hard -mfpu=fpv5-d16 '-D__weak=__attribute__((weak))' '-D__packed=__attribute__((__packed__))' -DUSE_HAL_DRIVER -DSTM32F769xx -I"C:/PerfectTuning/Projet/Inc" -I"C:/PerfectTuning/Projet/Drivers/STM32F7xx_HAL_Driver/Inc" -I"C:/PerfectTuning/Projet/Drivers/STM32F7xx_HAL_Driver/Inc/Legacy" -I"C:/PerfectTuning/Projet/Drivers/CMSIS/Device/ST/STM32F7xx/Include" -I"C:/PerfectTuning/Projet/Drivers/CMSIS/Include" -I"C:/PerfectTuning/Projet" -I"C:/PerfectTuning/Projet/lv_examples" -I"C:/PerfectTuning/Projet/Drivers/BSP/Components" -I"C:/PerfectTuning/Projet/Drivers/BSP/STM32F769I-Discovery" -I"C:/PerfectTuning/Projet/Utilities/Fonts" -I"C:/PerfectTuning/Projet/Drivers"  -O0 -g3 -Wall -fmessage-length=0 -ffunction-sections -c -fmessage-length=0 -MMD -MP -MF"lv_examples/lv_tutorial/2_objects/lv_tutorial_objects.d" -MT"lv_examples/lv_tutorial/2_objects/lv_tutorial_objects.o" -o "lv_examples/lv_tutorial/2_objects/lv_tutorial_objects.o" "../lv_examples/lv_tutorial/2_objects/lv_tutorial_objects.c"
Invoking: MCU GCC Compiler
arm-none-eabi-gcc -mcpu=cortex-m7 -mthumb -mfloat-abi=hard -mfpu=fpv5-d16 '-D__weak=__attribute__((weak))' '-D__packed=__attribute__((__packed__))' -DUSE_HAL_DRIVER -DSTM32F769xx -I"C:/PerfectTuning/Projet/Inc" -I"C:/PerfectTuning/Projet/Drivers/STM32F7xx_HAL_Driver/Inc" -I"C:/PerfectTuning/Projet/Drivers/STM32F7xx_HAL_Driver/Inc/Legacy" -I"C:/PerfectTuning/Projet/Drivers/CMSIS/Device/ST/STM32F7xx/Include" -I"C:/PerfectTuning/Projet/Drivers/CMSIS/Include" -I"C:/PerfectTuning/Projet" -I"C:/PerfectTuning/Projet/lv_examples" -I"C:/PerfectTuning/Projet/Drivers/BSP/Components" -I"C:/PerfectTuning/Projet/Drivers/BSP/STM32F769I-Discovery" -I"C:/PerfectTuning/Projet/Utilities/Fonts" -I"C:/PerfectTuning/Projet/Drivers"  -O0 -g3 -Wall -fmessage-length=0 -ffunction-sections -c -fmessage-length=0 -MMD -MP -MF"lv_examples/lv_tutorial/5_antialiasing/apple_icon_chroma.d" -MT"lv_examples/lv_tutorial/5_antialiasing/apple_icon_chroma.o" -o "lv_examples/lv_tutorial/5_antialiasing/apple_icon_chroma.o" "../lv_examples/lv_tutorial/5_antialiasing/apple_icon_chroma.c"
Invoking: MCU GCC Compiler
arm-none-eabi-gcc -mcpu=cortex-m7 -mthumb -mfloat-abi=hard -mfpu=fpv5-d16 '-D__weak=__attribute__((weak))' '-D__packed=__attribute__((__packed__))' -DUSE_HAL_DRIVER -DSTM32F769xx -I"C:/PerfectTuning/Projet/Inc" -I"C:/PerfectTuning/Projet/Drivers/STM32F7xx_HAL_Driver/Inc" -I"C:/PerfectTuning/Projet/Drivers/STM32F7xx_HAL_Driver/Inc/Legacy" -I"C:/PerfectTuning/Projet/Drivers/CMSIS/Device/ST/STM32F7xx/Include" -I"C:/PerfectTuning/Projet/Drivers/CMSIS/Include" -I"C:/PerfectTuning/Projet" -I"C:/PerfectTuning/Projet/lv_examples" -I"C:/PerfectTuning/Projet/Drivers/BSP/Components" -I"C:/PerfectTuning/Projet/Drivers/BSP/STM32F769I-Discovery" -I"C:/PerfectTuning/Projet/Utilities/Fonts" -I"C:/PerfectTuning/Projet/Drivers"  -O0 -g3 -Wall -fmessage-length=0 -ffunction-sections -c -fmessage-length=0 -MMD -MP -MF"lv_examples/lv_tests/lv_test_theme/lv_test_theme.d" -MT"lv_examples/lv_tests/lv_test_theme/lv_test_theme.o" -o "lv_examples/lv_tests/lv_test_theme/lv_test_theme.o" "../lv_examples/lv_tests/lv_test_theme/lv_test_theme.c"
arm-none-eabi-gcc -mcpu=cortex-m7 -mthumb -mfloat-abi=hard -mfpu=fpv5-d16 '-D__weak=__attribute__((weak))' '-D__packed=__attribute__((__packed__))' -DUSE_HAL_DRIVER -DSTM32F769xx -I"C:/PerfectTuning/Projet/Inc" -I"C:/PerfectTuning/Projet/Drivers/STM32F7xx_HAL_Driver/Inc" -I"C:/PerfectTuning/Projet/Drivers/STM32F7xx_HAL_Driver/Inc/Legacy" -I"C:/PerfectTuning/Projet/Drivers/CMSIS/Device/ST/STM32F7xx/Include" -I"C:/PerfectTuning/Projet/Drivers/CMSIS/Include" -I"C:/PerfectTuning/Projet" -I"C:/PerfectTuning/Projet/lv_examples" -I"C:/PerfectTuning/Projet/Drivers/BSP/Components" -I"C:/PerfectTuning/Projet/Drivers/BSP/STM32F769I-Discovery" -I"C:/PerfectTuning/Projet/Utilities/Fonts" -I"C:/PerfectTuning/Projet/Drivers"  -O0 -g3 -Wall -fmessage-length=0 -ffunction-sections -c -fmessage-length=0 -MMD -MP -MF"lv_examples/lv_tutorial/5_antialiasing/lv_tutorial_antialiasing.d" -MT"lv_examples/lv_tutorial/5_antialiasing/lv_tutorial_antialiasing.o" -o "lv_examples/lv_tutorial/5_antialiasing/lv_tutorial_antialiasing.o" "../lv_examples/lv_tutorial/5_antialiasing/lv_tutorial_antialiasing.c"
C:\PerfectTuning\Projet\Debug
Invoking: MCU GCC Compiler
C:\PerfectTuning\Projet\Debug
Invoking: MCU GCC Compiler
arm-none-eabi-gcc -mcpu=cortex-m7 -mthumb -mfloat-abi=hard -mfpu=fpv5-d16 '-D__weak=__attribute__((weak))' '-D__packed=__attribute__((__packed__))' -DUSE_HAL_DRIVER -DSTM32F769xx -I"C:/PerfectTuning/Projet/Inc" -I"C:/PerfectTuning/Projet/Drivers/STM32F7xx_HAL_Driver/Inc" -I"C:/PerfectTuning/Projet/Drivers/STM32F7xx_HAL_Driver/Inc/Legacy" -I"C:/PerfectTuning/Projet/Drivers/CMSIS/Device/ST/STM32F7xx/Include" -I"C:/PerfectTuning/Projet/Drivers/CMSIS/Include" -I"C:/PerfectTuning/Projet" -I"C:/PerfectTuning/Projet/lv_examples" -I"C:/PerfectTuning/Projet/Drivers/BSP/Components" -I"C:/PerfectTuning/Projet/Drivers/BSP/STM32F769I-Discovery" -I"C:/PerfectTuning/Projet/Utilities/Fonts" -I"C:/PerfectTuning/Projet/Drivers"  -O0 -g3 -Wall -fmessage-length=0 -ffunction-sections -c -fmessage-length=0 -MMD -MP -MF"lv_examples/lv_tutorial/1_hello_world/lv_tutorial_hello_world.d" -MT"lv_examples/lv_tutorial/1_hello_world/lv_tutorial_hello_world.o" -o "lv_examples/lv_tutorial/1_hello_world/lv_tutorial_hello_world.o" "../lv_examples/lv_tutorial/1_hello_world/lv_tutorial_hello_world.c"
arm-none-eabi-gcc -mcpu=cortex-m7 -mthumb -mfloat-abi=hard -mfpu=fpv5-d16 '-D__weak=__attribute__((weak))' '-D__packed=__attribute__((__packed__))' -DUSE_HAL_DRIVER -DSTM32F769xx -I"C:/PerfectTuning/Projet/Inc" -I"C:/PerfectTuning/Projet/Drivers/STM32F7xx_HAL_Driver/Inc" -I"C:/PerfectTuning/Projet/Drivers/STM32F7xx_HAL_Driver/Inc/Legacy" -I"C:/PerfectTuning/Projet/Drivers/CMSIS/Device/ST/STM32F7xx/Include" -I"C:/PerfectTuning/Projet/Drivers/CMSIS/Include" -I"C:/PerfectTuning/Projet" -I"C:/PerfectTuning/Projet/lv_examples" -I"C:/PerfectTuning/Projet/Drivers/BSP/Components" -I"C:/PerfectTuning/Projet/Drivers/BSP/STM32F769I-Discovery" -I"C:/PerfectTuning/Projet/Utilities/Fonts" -I"C:/PerfectTuning/Projet/Drivers"  -O0 -g3 -Wall -fmessage-length=0 -ffunction-sections -c -fmessage-length=0 -MMD -MP -MF"lv_examples/lv_tutorial/0_porting/lv_tutorial_porting.d" -MT"lv_examples/lv_tutorial/0_porting/lv_tutorial_porting.o" -o "lv_examples/lv_tutorial/0_porting/lv_tutorial_porting.o" "../lv_examples/lv_tutorial/0_porting/lv_tutorial_porting.c"
Invoking: MCU GCC Compiler
Invoking: MCU GCC Compiler
C:\PerfectTuning\Projet\Debug
Invoking: MCU GCC Compiler
C:\PerfectTuning\Projet\Debug
Invoking: MCU GCC Compiler
Invoking: MCU GCC Compiler
Invoking: MCU GCC Compiler
arm-none-eabi-gcc -mcpu=cortex-m7 -mthumb -mfloat-abi=hard -mfpu=fpv5-d16 '-D__weak=__attribute__((weak))' '-D__packed=__attribute__((__packed__))' -DUSE_HAL_DRIVER -DSTM32F769xx -I"C:/PerfectTuning/Projet/Inc" -I"C:/PerfectTuning/Projet/Drivers/STM32F7xx_HAL_Driver/Inc" -I"C:/PerfectTuning/Projet/Drivers/STM32F7xx_HAL_Driver/Inc/Legacy" -I"C:/PerfectTuning/Projet/Drivers/CMSIS/Device/ST/STM32F7xx/Include" -I"C:/PerfectTuning/Projet/Drivers/CMSIS/Include" -I"C:/PerfectTuning/Projet" -I"C:/PerfectTuning/Projet/lv_examples" -I"C:/PerfectTuning/Projet/Drivers/BSP/Components" -I"C:/PerfectTuning/Projet/Drivers/BSP/STM32F769I-Discovery" -I"C:/PerfectTuning/Projet/Utilities/Fonts" -I"C:/PerfectTuning/Projet/Drivers"  -O0 -g3 -Wall -fmessage-length=0 -ffunction-sections -c -fmessage-length=0 -MMD -MP -MF"lv_examples/lv_tests/lv_test_objx/lv_test_win/lv_test_win.d" -MT"lv_examples/lv_tests/lv_test_objx/lv_test_win/lv_test_win.o" -o "lv_examples/lv_tests/lv_test_objx/lv_test_win/lv_test_win.o" "../lv_examples/lv_tests/lv_test_objx/lv_test_win/lv_test_win.c"
arm-none-eabi-gcc -mcpu=cortex-m7 -mthumb -mfloat-abi=hard -mfpu=fpv5-d16 '-D__weak=__attribute__((weak))' '-D__packed=__attribute__((__packed__))' -DUSE_HAL_DRIVER -DSTM32F769xx -I"C:/PerfectTuning/Projet/Inc" -I"C:/PerfectTuning/Projet/Drivers/STM32F7xx_HAL_Driver/Inc" -I"C:/PerfectTuning/Projet/Drivers/STM32F7xx_HAL_Driver/Inc/Legacy" -I"C:/PerfectTuning/Projet/Drivers/CMSIS/Device/ST/STM32F7xx/Include" -I"C:/PerfectTuning/Projet/Drivers/CMSIS/Include" -I"C:/PerfectTuning/Projet" -I"C:/PerfectTuning/Projet/lv_examples" -I"C:/PerfectTuning/Projet/Drivers/BSP/Components" -I"C:/PerfectTuning/Projet/Drivers/BSP/STM32F769I-Discovery" -I"C:/PerfectTuning/Projet/Utilities/Fonts" -I"C:/PerfectTuning/Projet/Drivers"  -O0 -g3 -Wall -fmessage-length=0 -ffunction-sections -c -fmessage-length=0 -MMD -MP -MF"lv_examples/lv_tests/lv_test_objx/lv_test_sw/lv_test_sw.d" -MT"lv_examples/lv_tests/lv_test_objx/lv_test_sw/lv_test_sw.o" -o "lv_examples/lv_tests/lv_test_objx/lv_test_sw/lv_test_sw.o" "../lv_examples/lv_tests/lv_test_objx/lv_test_sw/lv_test_sw.c"
arm-none-eabi-gcc -mcpu=cortex-m7 -mthumb -mfloat-abi=hard -mfpu=fpv5-d16 '-D__weak=__attribute__((weak))' '-D__packed=__attribute__((__packed__))' -DUSE_HAL_DRIVER -DSTM32F769xx -I"C:/PerfectTuning/Projet/Inc" -I"C:/PerfectTuning/Projet/Drivers/STM32F7xx_HAL_Driver/Inc" -I"C:/PerfectTuning/Projet/Drivers/STM32F7xx_HAL_Driver/Inc/Legacy" -I"C:/PerfectTuning/Projet/Drivers/CMSIS/Device/ST/STM32F7xx/Include" -I"C:/PerfectTuning/Projet/Drivers/CMSIS/Include" -I"C:/PerfectTuning/Projet" -I"C:/PerfectTuning/Projet/lv_examples" -I"C:/PerfectTuning/Projet/Drivers/BSP/Components" -I"C:/PerfectTuning/Projet/Drivers/BSP/STM32F769I-Discovery" -I"C:/PerfectTuning/Projet/Utilities/Fonts" -I"C:/PerfectTuning/Projet/Drivers"  -O0 -g3 -Wall -fmessage-length=0 -ffunction-sections -c -fmessage-length=0 -MMD -MP -MF"lv_examples/lv_tests/lv_test_objx/lv_test_page/lv_test_page.d" -MT"lv_examples/lv_tests/lv_test_objx/lv_test_page/lv_test_page.o" -o "lv_examples/lv_tests/lv_test_objx/lv_test_page/lv_test_page.o" "../lv_examples/lv_tests/lv_test_objx/lv_test_page/lv_test_page.c"
Invoking: MCU GCC Compiler
arm-none-eabi-gcc -mcpu=cortex-m7 -mthumb -mfloat-abi=hard -mfpu=fpv5-d16 '-D__weak=__attribute__((weak))' '-D__packed=__attribute__((__packed__))' -DUSE_HAL_DRIVER -DSTM32F769xx -I"C:/PerfectTuning/Projet/Inc" -I"C:/PerfectTuning/Projet/Drivers/STM32F7xx_HAL_Driver/Inc" -I"C:/PerfectTuning/Projet/Drivers/STM32F7xx_HAL_Driver/Inc/Legacy" -I"C:/PerfectTuning/Projet/Drivers/CMSIS/Device/ST/STM32F7xx/Include" -I"C:/PerfectTuning/Projet/Drivers/CMSIS/Include" -I"C:/PerfectTuning/Projet" -I"C:/PerfectTuning/Projet/lv_examples" -I"C:/PerfectTuning/Projet/Drivers/BSP/Components" -I"C:/PerfectTuning/Projet/Drivers/BSP/STM32F769I-Discovery" -I"C:/PerfectTuning/Projet/Utilities/Fonts" -I"C:/PerfectTuning/Projet/Drivers"  -O0 -g3 -Wall -fmessage-length=0 -ffunction-sections -c -fmessage-length=0 -MMD -MP -MF"lv_examples/lv_tests/lv_test_objx/lv_test_lmeter/lv_test_lmeter.d" -MT"lv_examples/lv_tests/lv_test_objx/lv_test_lmeter/lv_test_lmeter.o" -o "lv_examples/lv_tests/lv_test_objx/lv_test_lmeter/lv_test_lmeter.o" "../lv_examples/lv_tests/lv_test_objx/lv_test_lmeter/lv_test_lmeter.c"
C:\PerfectTuning\Projet\Debug
Invoking: MCU GCC Compiler
C:\PerfectTuning\Projet\Debug
C:\PerfectTuning\Projet\Debug
Invoking: MCU GCC Compiler
Invoking: MCU GCC Compiler
C:\PerfectTuning\Projet\Debug
C:\PerfectTuning\Projet\Debug
Building file: ../Src/main.c
Invoking: MCU GCC Compiler
C:\PerfectTuning\Projet\Debug
Finished building: ../lv_examples/lv_tutorial/7_fonts/arial_math_20.c
arm-none-eabi-gcc -mcpu=cortex-m7 -mthumb -mfloat-abi=hard -mfpu=fpv5-d16 '-D__weak=__attribute__((weak))' '-D__packed=__attribute__((__packed__))' -DUSE_HAL_DRIVER -DSTM32F769xx -I"C:/PerfectTuning/Projet/Inc" -I"C:/PerfectTuning/Projet/Drivers/STM32F7xx_HAL_Driver/Inc" -I"C:/PerfectTuning/Projet/Drivers/STM32F7xx_HAL_Driver/Inc/Legacy" -I"C:/PerfectTuning/Projet/Drivers/CMSIS/Device/ST/STM32F7xx/Include" -I"C:/PerfectTuning/Projet/Drivers/CMSIS/Include" -I"C:/PerfectTuning/Projet" -I"C:/PerfectTuning/Projet/lv_examples" -I"C:/PerfectTuning/Projet/Drivers/BSP/Components" -I"C:/PerfectTuning/Projet/Drivers/BSP/STM32F769I-Discovery" -I"C:/PerfectTuning/Projet/Utilities/Fonts" -I"C:/PerfectTuning/Projet/Drivers"  -O0 -g3 -Wall -fmessage-length=0 -ffunction-sections -c -fmessage-length=0 -MMD -MP -MF"lv_examples/lv_tests/lv_test_objx/lv_test_ta/lv_test_ta.d" -MT"lv_examples/lv_tests/lv_test_objx/lv_test_ta/lv_test_ta.o" -o "lv_examples/lv_tests/lv_test_objx/lv_test_ta/lv_test_ta.o" "../lv_examples/lv_tests/lv_test_objx/lv_test_ta/lv_test_ta.c"
Finished building: ../lv_examples/lv_tutorial/7_fonts/arial_ascii_20.c
arm-none-eabi-gcc -mcpu=cortex-m7 -mthumb -mfloat-abi=hard -mfpu=fpv5-d16 '-D__weak=__attribute__((weak))' '-D__packed=__attribute__((__packed__))' -DUSE_HAL_DRIVER -DSTM32F769xx -I"C:/PerfectTuning/Projet/Inc" -I"C:/PerfectTuning/Projet/Drivers/STM32F7xx_HAL_Driver/Inc" -I"C:/PerfectTuning/Projet/Drivers/STM32F7xx_HAL_Driver/Inc/Legacy" -I"C:/PerfectTuning/Projet/Drivers/CMSIS/Device/ST/STM32F7xx/Include" -I"C:/PerfectTuning/Projet/Drivers/CMSIS/Include" -I"C:/PerfectTuning/Projet" -I"C:/PerfectTuning/Projet/lv_examples" -I"C:/PerfectTuning/Projet/Drivers/BSP/Components" -I"C:/PerfectTuning/Projet/Drivers/BSP/STM32F769I-Discovery" -I"C:/PerfectTuning/Projet/Utilities/Fonts" -I"C:/PerfectTuning/Projet/Drivers"  -O0 -g3 -Wall -fmessage-length=0 -ffunction-sections -c -fmessage-length=0 -MMD -MP -MF"lv_examples/lv_tests/lv_test_objx/lv_test_mbox/lv_test_mbox.d" -MT"lv_examples/lv_tests/lv_test_objx/lv_test_mbox/lv_test_mbox.o" -o "lv_examples/lv_tests/lv_test_objx/lv_test_mbox/lv_test_mbox.o" "../lv_examples/lv_tests/lv_test_objx/lv_test_mbox/lv_test_mbox.c"
Finished building: ../lv_examples/lv_tutorial/6_images/lv_tutorial_images.c
Finished building: ../lv_examples/lv_tutorial/7_fonts/arial_cyrillic_20.c
Finished building: ../lv_examples/lv_tutorial/7_fonts/lv_tutorial_fonts.c
C:\PerfectTuning\Projet\Debug
Finished building: ../lv_examples/lv_tutorial/6_images/red_flower.c
C:\PerfectTuning\Projet\Debug
C:\PerfectTuning\Projet\Debug
C:\PerfectTuning\Projet\Debug
arm-none-eabi-gcc -mcpu=cortex-m7 -mthumb -mfloat-abi=hard -mfpu=fpv5-d16 '-D__weak=__attribute__((weak))' '-D__packed=__attribute__((__packed__))' -DUSE_HAL_DRIVER -DSTM32F769xx -I"C:/PerfectTuning/Projet/Inc" -I"C:/PerfectTuning/Projet/Drivers/STM32F7xx_HAL_Driver/Inc" -I"C:/PerfectTuning/Projet/Drivers/STM32F7xx_HAL_Driver/Inc/Legacy" -I"C:/PerfectTuning/Projet/Drivers/CMSIS/Device/ST/STM32F7xx/Include" -I"C:/PerfectTuning/Projet/Drivers/CMSIS/Include" -I"C:/PerfectTuning/Projet" -I"C:/PerfectTuning/Projet/lv_examples" -I"C:/PerfectTuning/Projet/Drivers/BSP/Components" -I"C:/PerfectTuning/Projet/Drivers/BSP/STM32F769I-Discovery" -I"C:/PerfectTuning/Projet/Utilities/Fonts" -I"C:/PerfectTuning/Projet/Drivers"  -O0 -g3 -Wall -fmessage-length=0 -ffunction-sections -c -fmessage-length=0 -MMD -MP -MF"lv_examples/lv_tests/lv_test_objx/lv_test_led/lv_test_led.d" -MT"lv_examples/lv_tests/lv_test_objx/lv_test_led/lv_test_led.o" -o "lv_examples/lv_tests/lv_test_objx/lv_test_led/lv_test_led.o" "../lv_examples/lv_tests/lv_test_objx/lv_test_led/lv_test_led.c"
arm-none-eabi-gcc -mcpu=cortex-m7 -mthumb -mfloat-abi=hard -mfpu=fpv5-d16 '-D__weak=__attribute__((weak))' '-D__packed=__attribute__((__packed__))' -DUSE_HAL_DRIVER -DSTM32F769xx -I"C:/PerfectTuning/Projet/Inc" -I"C:/PerfectTuning/Projet/Drivers/STM32F7xx_HAL_Driver/Inc" -I"C:/PerfectTuning/Projet/Drivers/STM32F7xx_HAL_Driver/Inc/Legacy" -I"C:/PerfectTuning/Projet/Drivers/CMSIS/Device/ST/STM32F7xx/Include" -I"C:/PerfectTuning/Projet/Drivers/CMSIS/Include" -I"C:/PerfectTuning/Projet" -I"C:/PerfectTuning/Projet/lv_examples" -I"C:/PerfectTuning/Projet/Drivers/BSP/Components" -I"C:/PerfectTuning/Projet/Drivers/BSP/STM32F769I-Discovery" -I"C:/PerfectTuning/Projet/Utilities/Fonts" -I"C:/PerfectTuning/Projet/Drivers"  -O0 -g3 -Wall -fmessage-length=0 -ffunction-sections -c -fmessage-length=0 -MMD -MP -MF"lv_examples/lv_tests/lv_test_objx/lv_test_img/img_flower_icon.d" -MT"lv_examples/lv_tests/lv_test_objx/lv_test_img/img_flower_icon.o" -o "lv_examples/lv_tests/lv_test_objx/lv_test_img/img_flower_icon.o" "../lv_examples/lv_tests/lv_test_objx/lv_test_img/img_flower_icon.c"
arm-none-eabi-gcc -mcpu=cortex-m7 -mthumb -mfloat-abi=hard -mfpu=fpv5-d16 '-D__weak=__attribute__((weak))' '-D__packed=__attribute__((__packed__))' -DUSE_HAL_DRIVER -DSTM32F769xx -I"C:/PerfectTuning/Projet/Inc" -I"C:/PerfectTuning/Projet/Drivers/STM32F7xx_HAL_Driver/Inc" -I"C:/PerfectTuning/Projet/Drivers/STM32F7xx_HAL_Driver/Inc/Legacy" -I"C:/PerfectTuning/Projet/Drivers/CMSIS/Device/ST/STM32F7xx/Include" -I"C:/PerfectTuning/Projet/Drivers/CMSIS/Include" -I"C:/PerfectTuning/Projet" -I"C:/PerfectTuning/Projet/lv_examples" -I"C:/PerfectTuning/Projet/Drivers/BSP/Components" -I"C:/PerfectTuning/Projet/Drivers/BSP/STM32F769I-Discovery" -I"C:/PerfectTuning/Projet/Utilities/Fonts" -I"C:/PerfectTuning/Projet/Drivers"  -O0 -g3 -Wall -fmessage-length=0 -ffunction-sections -c -fmessage-length=0 -MMD -MP -MF"lv_examples/lv_tests/lv_test_objx/lv_test_roller/lv_test_roller.d" -MT"lv_examples/lv_tests/lv_test_objx/lv_test_roller/lv_test_roller.o" -o "lv_examples/lv_tests/lv_test_objx/lv_test_roller/lv_test_roller.o" "../lv_examples/lv_tests/lv_test_objx/lv_test_roller/lv_test_roller.c"
C:\PerfectTuning\Projet\Debug
arm-none-eabi-gcc -mcpu=cortex-m7 -mthumb -mfloat-abi=hard -mfpu=fpv5-d16 '-D__weak=__attribute__((weak))' '-D__packed=__attribute__((__packed__))' -DUSE_HAL_DRIVER -DSTM32F769xx -I"C:/PerfectTuning/Projet/Inc" -I"C:/PerfectTuning/Projet/Drivers/STM32F7xx_HAL_Driver/Inc" -I"C:/PerfectTuning/Projet/Drivers/STM32F7xx_HAL_Driver/Inc/Legacy" -I"C:/PerfectTuning/Projet/Drivers/CMSIS/Device/ST/STM32F7xx/Include" -I"C:/PerfectTuning/Projet/Drivers/CMSIS/Include" -I"C:/PerfectTuning/Projet" -I"C:/PerfectTuning/Projet/lv_examples" -I"C:/PerfectTuning/Projet/Drivers/BSP/Components" -I"C:/PerfectTuning/Projet/Drivers/BSP/STM32F769I-Discovery" -I"C:/PerfectTuning/Projet/Utilities/Fonts" -I"C:/PerfectTuning/Projet/Drivers"  -O0 -g3 -Wall -fmessage-length=0 -ffunction-sections -c -fmessage-length=0 -MMD -MP -MF"lv_examples/lv_tests/lv_test_objx/lv_test_line/lv_test_line.d" -MT"lv_examples/lv_tests/lv_test_objx/lv_test_line/lv_test_line.o" -o "lv_examples/lv_tests/lv_test_objx/lv_test_line/lv_test_line.o" "../lv_examples/lv_tests/lv_test_objx/lv_test_line/lv_test_line.c"
arm-none-eabi-gcc -mcpu=cortex-m7 -mthumb -mfloat-abi=hard -mfpu=fpv5-d16 '-D__weak=__attribute__((weak))' '-D__packed=__attribute__((__packed__))' -DUSE_HAL_DRIVER -DSTM32F769xx -I"C:/PerfectTuning/Projet/Inc" -I"C:/PerfectTuning/Projet/Drivers/STM32F7xx_HAL_Driver/Inc" -I"C:/PerfectTuning/Projet/Drivers/STM32F7xx_HAL_Driver/Inc/Legacy" -I"C:/PerfectTuning/Projet/Drivers/CMSIS/Device/ST/STM32F7xx/Include" -I"C:/PerfectTuning/Projet/Drivers/CMSIS/Include" -I"C:/PerfectTuning/Projet" -I"C:/PerfectTuning/Projet/lv_examples" -I"C:/PerfectTuning/Projet/Drivers/BSP/Components" -I"C:/PerfectTuning/Projet/Drivers/BSP/STM32F769I-Discovery" -I"C:/PerfectTuning/Projet/Utilities/Fonts" -I"C:/PerfectTuning/Projet/Drivers"  -O0 -g3 -Wall -fmessage-length=0 -ffunction-sections -c -fmessage-length=0 -MMD -MP -MF"lv_examples/lv_tests/lv_test_objx/lv_test_chart/lv_test_chart.d" -MT"lv_examples/lv_tests/lv_test_objx/lv_test_chart/lv_test_chart.o" -o "lv_examples/lv_tests/lv_test_objx/lv_test_chart/lv_test_chart.o" "../lv_examples/lv_tests/lv_test_objx/lv_test_chart/lv_test_chart.c"
C:\PerfectTuning\Projet\Debug
C:\PerfectTuning\Projet\Debug
arm-none-eabi-gcc -mcpu=cortex-m7 -mthumb -mfloat-abi=hard -mfpu=fpv5-d16 '-D__weak=__attribute__((weak))' '-D__packed=__attribute__((__packed__))' -DUSE_HAL_DRIVER -DSTM32F769xx -I"C:/PerfectTuning/Projet/Inc" -I"C:/PerfectTuning/Projet/Drivers/STM32F7xx_HAL_Driver/Inc" -I"C:/PerfectTuning/Projet/Drivers/STM32F7xx_HAL_Driver/Inc/Legacy" -I"C:/PerfectTuning/Projet/Drivers/CMSIS/Device/ST/STM32F7xx/Include" -I"C:/PerfectTuning/Projet/Drivers/CMSIS/Include" -I"C:/PerfectTuning/Projet" -I"C:/PerfectTuning/Projet/lv_examples" -I"C:/PerfectTuning/Projet/Drivers/BSP/Components" -I"C:/PerfectTuning/Projet/Drivers/BSP/STM32F769I-Discovery" -I"C:/PerfectTuning/Projet/Utilities/Fonts" -I"C:/PerfectTuning/Projet/Drivers"  -O0 -g3 -Wall -fmessage-length=0 -ffunction-sections -c -fmessage-length=0 -MMD -MP -MF"lv_examples/lv_tests/lv_test_objx/lv_test_label/lv_test_label.d" -MT"lv_examples/lv_tests/lv_test_objx/lv_test_label/lv_test_label.o" -o "lv_examples/lv_tests/lv_test_objx/lv_test_label/lv_test_label.o" "../lv_examples/lv_tests/lv_test_objx/lv_test_label/lv_test_label.c"
C:\PerfectTuning\Projet\Debug
C:\PerfectTuning\Projet\Debug
C:\PerfectTuning\Projet\Debug
 
 
Invoking: MCU GCC Compiler
 
 
 
arm-none-eabi-gcc -mcpu=cortex-m7 -mthumb -mfloat-abi=hard -mfpu=fpv5-d16 '-D__weak=__attribute__((weak))' '-D__packed=__attribute__((__packed__))' -DUSE_HAL_DRIVER -DSTM32F769xx -I"C:/PerfectTuning/Projet/Inc" -I"C:/PerfectTuning/Projet/Drivers/STM32F7xx_HAL_Driver/Inc" -I"C:/PerfectTuning/Projet/Drivers/STM32F7xx_HAL_Driver/Inc/Legacy" -I"C:/PerfectTuning/Projet/Drivers/CMSIS/Device/ST/STM32F7xx/Include" -I"C:/PerfectTuning/Projet/Drivers/CMSIS/Include" -I"C:/PerfectTuning/Projet" -I"C:/PerfectTuning/Projet/lv_examples" -I"C:/PerfectTuning/Projet/Drivers/BSP/Components" -I"C:/PerfectTuning/Projet/Drivers/BSP/STM32F769I-Discovery" -I"C:/PerfectTuning/Projet/Utilities/Fonts" -I"C:/PerfectTuning/Projet/Drivers"  -O0 -g3 -Wall -fmessage-length=0 -ffunction-sections -c -fmessage-length=0 -MMD -MP -MF"lv_examples/lv_tests/lv_test_objx/lv_test_img/lv_test_img.d" -MT"lv_examples/lv_tests/lv_test_objx/lv_test_img/lv_test_img.o" -o "lv_examples/lv_tests/lv_test_objx/lv_test_img/lv_test_img.o" "../lv_examples/lv_tests/lv_test_objx/lv_test_img/lv_test_img.c"
arm-none-eabi-gcc -mcpu=cortex-m7 -mthumb -mfloat-abi=hard -mfpu=fpv5-d16 '-D__weak=__attribute__((weak))' '-D__packed=__attribute__((__packed__))' -DUSE_HAL_DRIVER -DSTM32F769xx -I"C:/PerfectTuning/Projet/Inc" -I"C:/PerfectTuning/Projet/Drivers/STM32F7xx_HAL_Driver/Inc" -I"C:/PerfectTuning/Projet/Drivers/STM32F7xx_HAL_Driver/Inc/Legacy" -I"C:/PerfectTuning/Projet/Drivers/CMSIS/Device/ST/STM32F7xx/Include" -I"C:/PerfectTuning/Projet/Drivers/CMSIS/Include" -I"C:/PerfectTuning/Projet" -I"C:/PerfectTuning/Projet/lv_examples" -I"C:/PerfectTuning/Projet/Drivers/BSP/Components" -I"C:/PerfectTuning/Projet/Drivers/BSP/STM32F769I-Discovery" -I"C:/PerfectTuning/Projet/Utilities/Fonts" -I"C:/PerfectTuning/Projet/Drivers"  -O0 -g3 -Wall -fmessage-length=0 -ffunction-sections -c -fmessage-length=0 -MMD -MP -MF"lv_examples/lv_tests/lv_test_objx/lv_test_list/lv_test_list.d" -MT"lv_examples/lv_tests/lv_test_objx/lv_test_list/lv_test_list.o" -o "lv_examples/lv_tests/lv_test_objx/lv_test_list/lv_test_list.o" "../lv_examples/lv_tests/lv_test_objx/lv_test_list/lv_test_list.c"
arm-none-eabi-gcc -mcpu=cortex-m7 -mthumb -mfloat-abi=hard -mfpu=fpv5-d16 '-D__weak=__attribute__((weak))' '-D__packed=__attribute__((__packed__))' -DUSE_HAL_DRIVER -DSTM32F769xx -I"C:/PerfectTuning/Projet/Inc" -I"C:/PerfectTuning/Projet/Drivers/STM32F7xx_HAL_Driver/Inc" -I"C:/PerfectTuning/Projet/Drivers/STM32F7xx_HAL_Driver/Inc/Legacy" -I"C:/PerfectTuning/Projet/Drivers/CMSIS/Device/ST/STM32F7xx/Include" -I"C:/PerfectTuning/Projet/Drivers/CMSIS/Include" -I"C:/PerfectTuning/Projet" -I"C:/PerfectTuning/Projet/lv_examples" -I"C:/PerfectTuning/Projet/Drivers/BSP/Components" -I"C:/PerfectTuning/Projet/Drivers/BSP/STM32F769I-Discovery" -I"C:/PerfectTuning/Projet/Utilities/Fonts" -I"C:/PerfectTuning/Projet/Drivers"  -O0 -g3 -Wall -fmessage-length=0 -ffunction-sections -c -fmessage-length=0 -MMD -MP -MF"lv_examples/lv_tests/lv_test_objx/lv_test_kb/lv_test_kb.d" -MT"lv_examples/lv_tests/lv_test_objx/lv_test_kb/lv_test_kb.o" -o "lv_examples/lv_tests/lv_test_objx/lv_test_kb/lv_test_kb.o" "../lv_examples/lv_tests/lv_test_objx/lv_test_kb/lv_test_kb.c"
arm-none-eabi-gcc -mcpu=cortex-m7 -mthumb -mfloat-abi=hard -mfpu=fpv5-d16 '-D__weak=__attribute__((weak))' '-D__packed=__attribute__((__packed__))' -DUSE_HAL_DRIVER -DSTM32F769xx -I"C:/PerfectTuning/Projet/Inc" -I"C:/PerfectTuning/Projet/Drivers/STM32F7xx_HAL_Driver/Inc" -I"C:/PerfectTuning/Projet/Drivers/STM32F7xx_HAL_Driver/Inc/Legacy" -I"C:/PerfectTuning/Projet/Drivers/CMSIS/Device/ST/STM32F7xx/Include" -I"C:/PerfectTuning/Projet/Drivers/CMSIS/Include" -I"C:/PerfectTuning/Projet" -I"C:/PerfectTuning/Projet/lv_examples" -I"C:/PerfectTuning/Projet/Drivers/BSP/Components" -I"C:/PerfectTuning/Projet/Drivers/BSP/STM32F769I-Discovery" -I"C:/PerfectTuning/Projet/Utilities/Fonts" -I"C:/PerfectTuning/Projet/Drivers"  -O0 -g3 -Wall -fmessage-length=0 -ffunction-sections -c -fmessage-length=0 -MMD -MP -MF"lv_examples/lv_tests/lv_test_objx/lv_test_gauge/lv_test_gauge.d" -MT"lv_examples/lv_tests/lv_test_objx/lv_test_gauge/lv_test_gauge.o" -o "lv_examples/lv_tests/lv_test_objx/lv_test_gauge/lv_test_gauge.o" "../lv_examples/lv_tests/lv_test_objx/lv_test_gauge/lv_test_gauge.c"
arm-none-eabi-gcc -mcpu=cortex-m7 -mthumb -mfloat-abi=hard -mfpu=fpv5-d16 '-D__weak=__attribute__((weak))' '-D__packed=__attribute__((__packed__))' -DUSE_HAL_DRIVER -DSTM32F769xx -I"C:/PerfectTuning/Projet/Inc" -I"C:/PerfectTuning/Projet/Drivers/STM32F7xx_HAL_Driver/Inc" -I"C:/PerfectTuning/Projet/Drivers/STM32F7xx_HAL_Driver/Inc/Legacy" -I"C:/PerfectTuning/Projet/Drivers/CMSIS/Device/ST/STM32F7xx/Include" -I"C:/PerfectTuning/Projet/Drivers/CMSIS/Include" -I"C:/PerfectTuning/Projet" -I"C:/PerfectTuning/Projet/lv_examples" -I"C:/PerfectTuning/Projet/Drivers/BSP/Components" -I"C:/PerfectTuning/Projet/Drivers/BSP/STM32F769I-Discovery" -I"C:/PerfectTuning/Projet/Utilities/Fonts" -I"C:/PerfectTuning/Projet/Drivers"  -O0 -g3 -Wall -fmessage-length=0 -ffunction-sections -c -fmessage-length=0 -MMD -MP -MF"lv_examples/lv_tests/lv_test_objx/lv_test_ddlist/lv_test_ddlist.d" -MT"lv_examples/lv_tests/lv_test_objx/lv_test_ddlist/lv_test_ddlist.o" -o "lv_examples/lv_tests/lv_test_objx/lv_test_ddlist/lv_test_ddlist.o" "../lv_examples/lv_tests/lv_test_objx/lv_test_ddlist/lv_test_ddlist.c"
arm-none-eabi-gcc -mcpu=cortex-m7 -mthumb -mfloat-abi=hard -mfpu=fpv5-d16 '-D__weak=__attribute__((weak))' '-D__packed=__attribute__((__packed__))' -DUSE_HAL_DRIVER -DSTM32F769xx -I"C:/PerfectTuning/Projet/Inc" -I"C:/PerfectTuning/Projet/Drivers/STM32F7xx_HAL_Driver/Inc" -I"C:/PerfectTuning/Projet/Drivers/STM32F7xx_HAL_Driver/Inc/Legacy" -I"C:/PerfectTuning/Projet/Drivers/CMSIS/Device/ST/STM32F7xx/Include" -I"C:/PerfectTuning/Projet/Drivers/CMSIS/Include" -I"C:/PerfectTuning/Projet" -I"C:/PerfectTuning/Projet/lv_examples" -I"C:/PerfectTuning/Projet/Drivers/BSP/Components" -I"C:/PerfectTuning/Projet/Drivers/BSP/STM32F769I-Discovery" -I"C:/PerfectTuning/Projet/Utilities/Fonts" -I"C:/PerfectTuning/Projet/Drivers"  -O0 -g3 -Wall -fmessage-length=0 -ffunction-sections -c -fmessage-length=0 -MMD -MP -MF"lv_examples/lv_tests/lv_test_objx/lv_test_cont/lv_test_cont.d" -MT"lv_examples/lv_tests/lv_test_objx/lv_test_cont/lv_test_cont.o" -o "lv_examples/lv_tests/lv_test_objx/lv_test_cont/lv_test_cont.o" "../lv_examples/lv_tests/lv_test_objx/lv_test_cont/lv_test_cont.c"
arm-none-eabi-gcc -mcpu=cortex-m7 -mthumb -mfloat-abi=hard -mfpu=fpv5-d16 '-D__weak=__attribute__((weak))' '-D__packed=__attribute__((__packed__))' -DUSE_HAL_DRIVER -DSTM32F769xx -I"C:/PerfectTuning/Projet/Inc" -I"C:/PerfectTuning/Projet/Drivers/STM32F7xx_HAL_Driver/Inc" -I"C:/PerfectTuning/Projet/Drivers/STM32F7xx_HAL_Driver/Inc/Legacy" -I"C:/PerfectTuning/Projet/Drivers/CMSIS/Device/ST/STM32F7xx/Include" -I"C:/PerfectTuning/Projet/Drivers/CMSIS/Include" -I"C:/PerfectTuning/Projet" -I"C:/PerfectTuning/Projet/lv_examples" -I"C:/PerfectTuning/Projet/Drivers/BSP/Components" -I"C:/PerfectTuning/Projet/Drivers/BSP/STM32F769I-Discovery" -I"C:/PerfectTuning/Projet/Utilities/Fonts" -I"C:/PerfectTuning/Projet/Drivers"  -O0 -g3 -Wall -fmessage-length=0 -ffunction-sections -c -fmessage-length=0 -MMD -MP -MF"lv_examples/lv_tests/lv_test_objx/lv_test_cb/lv_test_cb.d" -MT"lv_examples/lv_tests/lv_test_objx/lv_test_cb/lv_test_cb.o" -o "lv_examples/lv_tests/lv_test_objx/lv_test_cb/lv_test_cb.o" "../lv_examples/lv_tests/lv_test_objx/lv_test_cb/lv_test_cb.c"
arm-none-eabi-gcc -mcpu=cortex-m7 -mthumb -mfloat-abi=hard -mfpu=fpv5-d16 '-D__weak=__attribute__((weak))' '-D__packed=__attribute__((__packed__))' -DUSE_HAL_DRIVER -DSTM32F769xx -I"C:/PerfectTuning/Projet/Inc" -I"C:/PerfectTuning/Projet/Drivers/STM32F7xx_HAL_Driver/Inc" -I"C:/PerfectTuning/Projet/Drivers/STM32F7xx_HAL_Driver/Inc/Legacy" -I"C:/PerfectTuning/Projet/Drivers/CMSIS/Device/ST/STM32F7xx/Include" -I"C:/PerfectTuning/Projet/Drivers/CMSIS/Include" -I"C:/PerfectTuning/Projet" -I"C:/PerfectTuning/Projet/lv_examples" -I"C:/PerfectTuning/Projet/Drivers/BSP/Components" -I"C:/PerfectTuning/Projet/Drivers/BSP/STM32F769I-Discovery" -I"C:/PerfectTuning/Projet/Utilities/Fonts" -I"C:/PerfectTuning/Projet/Drivers"  -O0 -g3 -Wall -fmessage-length=0 -ffunction-sections -c -fmessage-length=0 -MMD -MP -MF"lv_examples/lv_tests/lv_test_objx/lv_test_btnm/lv_test_btnm.d" -MT"lv_examples/lv_tests/lv_test_objx/lv_test_btnm/lv_test_btnm.o" -o "lv_examples/lv_tests/lv_test_objx/lv_test_btnm/lv_test_btnm.o" "../lv_examples/lv_tests/lv_test_objx/lv_test_btnm/lv_test_btnm.c"
arm-none-eabi-gcc -mcpu=cortex-m7 -mthumb -mfloat-abi=hard -mfpu=fpv5-d16 '-D__weak=__attribute__((weak))' '-D__packed=__attribute__((__packed__))' -DUSE_HAL_DRIVER -DSTM32F769xx -I"C:/PerfectTuning/Projet/Inc" -I"C:/PerfectTuning/Projet/Drivers/STM32F7xx_HAL_Driver/Inc" -I"C:/PerfectTuning/Projet/Drivers/STM32F7xx_HAL_Driver/Inc/Legacy" -I"C:/PerfectTuning/Projet/Drivers/CMSIS/Device/ST/STM32F7xx/Include" -I"C:/PerfectTuning/Projet/Drivers/CMSIS/Include" -I"C:/PerfectTuning/Projet" -I"C:/PerfectTuning/Projet/lv_examples" -I"C:/PerfectTuning/Projet/Drivers/BSP/Components" -I"C:/PerfectTuning/Projet/Drivers/BSP/STM32F769I-Discovery" -I"C:/PerfectTuning/Projet/Utilities/Fonts" -I"C:/PerfectTuning/Projet/Drivers"  -O0 -g3 -Wall -fmessage-length=0 -ffunction-sections -c -fmessage-length=0 -MMD -MP -MF"lv_examples/lv_tests/lv_test_objx/lv_test_btn/lv_test_btn.d" -MT"lv_examples/lv_tests/lv_test_objx/lv_test_btn/lv_test_btn.o" -o "lv_examples/lv_tests/lv_test_objx/lv_test_btn/lv_test_btn.o" "../lv_examples/lv_tests/lv_test_objx/lv_test_btn/lv_test_btn.c"
 
Finished building: ../lv_examples/lv_tests/lv_test_objx/lv_test_lmeter/lv_test_lmeter.c
C:\PerfectTuning\Projet\Debug
Finished building: ../lv_examples/lv_tutorial/5_antialiasing/apple_icon_alpha.c
Finished building: ../lv_examples/lv_tests/lv_test_objx/lv_test_tabview/lv_test_tabview.c
Finished building: ../lv_examples/lv_tutorial/3_styles/lv_tutorial_styles.c
Finished building: ../lv_examples/lv_tutorial/5_antialiasing/apple_icon_chroma.c
Finished building: ../lv_examples/lv_tutorial/10_keyboard/lv_tutorial_keyboard.c
Finished building: ../lv_examples/lv_tests/lv_test_objx/lv_test_page/lv_test_page.c
Finished building: ../lv_examples/lv_tutorial/2_objects/lv_tutorial_objects.c
Finished building: ../lv_examples/lv_tests/lv_test_theme/lv_test_theme.c
arm-none-eabi-gcc -mcpu=cortex-m7 -mthumb -mfloat-abi=hard -mfpu=fpv5-d16 '-D__weak=__attribute__((weak))' '-D__packed=__attribute__((__packed__))' -DUSE_HAL_DRIVER -DSTM32F769xx -I"C:/PerfectTuning/Projet/Inc" -I"C:/PerfectTuning/Projet/Drivers/STM32F7xx_HAL_Driver/Inc" -I"C:/PerfectTuning/Projet/Drivers/STM32F7xx_HAL_Driver/Inc/Legacy" -I"C:/PerfectTuning/Projet/Drivers/CMSIS/Device/ST/STM32F7xx/Include" -I"C:/PerfectTuning/Projet/Drivers/CMSIS/Include" -I"C:/PerfectTuning/Projet" -I"C:/PerfectTuning/Projet/lv_examples" -I"C:/PerfectTuning/Projet/Drivers/BSP/Components" -I"C:/PerfectTuning/Projet/Drivers/BSP/STM32F769I-Discovery" -I"C:/PerfectTuning/Projet/Utilities/Fonts" -I"C:/PerfectTuning/Projet/Drivers"  -O0 -g3 -Wall -fmessage-length=0 -ffunction-sections -c -fmessage-length=0 -MMD -MP -MF"Src/main.d" -MT"Src/main.o" -o "Src/main.o" "../Src/main.c"
Finished building: ../lv_examples/lv_tests/lv_test_objx/lv_test_sw/lv_test_sw.c
Finished building: ../lv_examples/lv_tutorial/0_porting/lv_tutorial_porting.c
Finished building: ../lv_examples/lv_tests/lv_test_objx/lv_test_win/lv_test_win.c
Finished building: ../lv_examples/lv_tests/lv_test_objx/lv_test_slider/lv_test_slider.c
 
Finished building: ../lv_examples/lv_tutorial/5_antialiasing/lv_tutorial_antialiasing.c
Finished building: ../lv_examples/lv_tutorial/4_themes/lv_tutorial_themes.c
 
Finished building: ../lv_examples/lv_tests/lv_test_stress/lv_test_stress.c
 
 
 
 
 
 
 
 
 
 
Finished building: ../lv_examples/lv_tutorial/1_hello_world/lv_tutorial_hello_world.c
 
 
 
 
Finished building: ../lv_examples/lv_tests/lv_test_objx/lv_test_mbox/lv_test_mbox.c
 
Finished building: ../lv_examples/lv_tests/lv_test_objx/lv_test_label/lv_test_label.c
Finished building: ../lv_examples/lv_tests/lv_test_objx/lv_test_roller/lv_test_roller.c
Finished building: ../lv_examples/lv_tests/lv_test_objx/lv_test_chart/lv_test_chart.c
 
Finished building: ../lv_examples/lv_tests/lv_test_objx/lv_test_cb/lv_test_cb.c
Finished building: ../lv_examples/lv_tests/lv_test_objx/lv_test_ta/lv_test_ta.c
Finished building: ../lv_examples/lv_tests/lv_test_objx/lv_test_led/lv_test_led.c
 
 
 
 
Finished building: ../lv_examples/lv_tests/lv_test_objx/lv_test_img/img_flower_icon.c
 
../Src/main.c: In function 'main':
../Src/main.c:219:14: warning: unused variable 'data' [-Wunused-variable]
 
      uint8_t data[] = {0xFF, 0xFE, 0xFD};
              ^~~~
../Src/main.c:232:7: warning: implicit declaration of function 'itoa' [-Wimplicit-function-declaration]
       itoa(k,buffer,10);
       ^~~~
At top level:
../Src/main.c:721:13: warning: 'MX_GPIO_Init' defined but not used [-Wunused-function]
 static void MX_GPIO_Init(void)
             ^~~~~~~~~~~~
../Src/main.c:626:13: warning: 'MX_FMC_Init' defined but not used [-Wunused-function]
 static void MX_FMC_Init(void)
             ^~~~~~~~~~~
../Src/main.c:560:13: warning: 'MX_USART3_UART_Init' defined but not used [-Wunused-function]
 static void MX_USART3_UART_Init(void)
             ^~~~~~~~~~~~~~~~~~~
../Src/main.c:525:13: warning: 'MX_SAI1_Init' defined but not used [-Wunused-function]
 static void MX_SAI1_Init(void)
             ^~~~~~~~~~~~
../Src/main.c:476:13: warning: 'MX_LTDC_Init' defined but not used [-Wunused-function]
 static void MX_LTDC_Init(void)
             ^~~~~~~~~~~~
../Src/main.c:376:13: warning: 'MX_DSIHOST_DSI_Init' defined but not used [-Wunused-function]
 static void MX_DSIHOST_DSI_Init(void)
             ^~~~~~~~~~~~~~~~~~~
../Src/main.c:333:13: warning: 'MX_DMA2D_Init' defined but not used [-Wunused-function]
 static void MX_DMA2D_Init(void)
             ^~~~~~~~~~~~~
../Src/main.c:308:13: warning: 'MX_DFSDM1_Init' defined but not used [-Wunused-function]
 static void MX_DFSDM1_Init(void)
             ^~~~~~~~~~~~~~
Finished building: ../lv_examples/lv_tests/lv_test_objx/lv_test_img/lv_test_img.c
 
 
Finished building: ../lv_examples/lv_tests/lv_test_objx/lv_test_btn/lv_test_btn.c
Finished building: ../lv_examples/lv_tests/lv_test_objx/lv_test_line/lv_test_line.c
Finished building: ../lv_examples/lv_tests/lv_test_objx/lv_test_ddlist/lv_test_ddlist.c
Finished building: ../lv_examples/lv_tests/lv_test_objx/lv_test_list/lv_test_list.c
Finished building: ../lv_examples/lv_tests/lv_test_objx/lv_test_gauge/lv_test_gauge.c
Finished building: ../lv_examples/lv_tests/lv_test_objx/lv_test_kb/lv_test_kb.c
Finished building: ../lv_examples/lv_tests/lv_test_objx/lv_test_cont/lv_test_cont.c
 
 
 
 
 
 
 
Finished building: ../lv_examples/lv_tests/lv_test_objx/lv_test_btnm/lv_test_btnm.c
 
Finished building: ../Src/main.c
 
Building target: Projet.elf
Invoking: MCU GCC Linker
arm-none-eabi-gcc -mcpu=cortex-m7 -mthumb -mfloat-abi=hard -mfpu=fpv5-d16 -L"C:\PerfectTuning\Projet\Debug\lvgl\lv_objx" -L"C:\PerfectTuning\Projet\lv_examples" -L"C:\PerfectTuning\Projet\Drivers\BSP" -specs=nosys.specs -specs=nano.specs -T"../STM32F769NIHx_FLASH.ld" -Wl,-Map=output.map -Wl,--gc-sections -o "Projet.elf" @"objects.list"   -lm
Finished building target: Projet.elf
 
make --no-print-directory post-build
Generating binary and Printing size information:
arm-none-eabi-objcopy -O binary "Projet.elf" "Projet.bin"
arm-none-eabi-size "Projet.elf"
   text	   data	    bss	    dec	    hex	filename
2026892	    556	 212108	2239556	 222c44	Projet.elf
 
16:45:01 **** Incremental Build of configuration Debug for project Projet ****
make -j all 
make: Nothing to be done for 'all'.
16:46:43 **** Incremental Build of configuration Debug for project Projet ****
make -j all 
make: Nothing to be done for 'all'.
16:48:31 **** Incremental Build of configuration Debug for project Projet ****
make -j all 
Building file: ../lv_examples/lv_apps/demo/demo2.c
Invoking: MCU GCC Compiler
C:\PerfectTuning\Projet\Debug
arm-none-eabi-gcc -mcpu=cortex-m7 -mthumb -mfloat-abi=hard -mfpu=fpv5-d16 '-D__weak=__attribute__((weak))' '-D__packed=__attribute__((__packed__))' -DUSE_HAL_DRIVER -DSTM32F769xx -I"C:/PerfectTuning/Projet/Inc" -I"C:/PerfectTuning/Projet/Drivers/STM32F7xx_HAL_Driver/Inc" -I"C:/PerfectTuning/Projet/Drivers/STM32F7xx_HAL_Driver/Inc/Legacy" -I"C:/PerfectTuning/Projet/Drivers/CMSIS/Device/ST/STM32F7xx/Include" -I"C:/PerfectTuning/Projet/Drivers/CMSIS/Include" -I"C:/PerfectTuning/Projet" -I"C:/PerfectTuning/Projet/lv_examples" -I"C:/PerfectTuning/Projet/Drivers/BSP/Components" -I"C:/PerfectTuning/Projet/Drivers/BSP/STM32F769I-Discovery" -I"C:/PerfectTuning/Projet/Utilities/Fonts" -I"C:/PerfectTuning/Projet/Drivers"  -O0 -g3 -Wall -fmessage-length=0 -ffunction-sections -c -fmessage-length=0 -MMD -MP -MF"lv_examples/lv_apps/demo/demo2.d" -MT"lv_examples/lv_apps/demo/demo2.o" -o "lv_examples/lv_apps/demo/demo2.o" "../lv_examples/lv_apps/demo/demo2.c"
../lv_examples/lv_apps/demo/demo2.c: In function 'demo2_create':
../lv_examples/lv_apps/demo/demo2.c:199:2: warning: implicit declaration of function 'Principale' [-Wimplicit-function-declaration]
  Principale();
  ^~~~~~~~~~
../lv_examples/lv_apps/demo/demo2.c: At top level:
../lv_examples/lv_apps/demo/demo2.c:203:6: warning: conflicting types for 'Principale'
 void Principale ()
      ^~~~~~~~~~
../lv_examples/lv_apps/demo/demo2.c:199:2: note: previous implicit declaration of 'Principale' was here
  Principale();
  ^~~~~~~~~~
../lv_examples/lv_apps/demo/demo2.c: In function 'sw_master_slave':
../lv_examples/lv_apps/demo/demo2.c:687:1: warning: no return statement in function returning non-void [-Wreturn-type]
 }
 ^
../lv_examples/lv_apps/demo/demo2.c: In function 'click_Parametres':
../lv_examples/lv_apps/demo/demo2.c:696:1: warning: no return statement in function returning non-void [-Wreturn-type]
 }
 ^
../lv_examples/lv_apps/demo/demo2.c: In function 'afficheCanBus_Data':
../lv_examples/lv_apps/demo/demo2.c:706:11: warning: pointer targets in passing argument 1 of 'sprintf' differ in signedness [-Wpointer-sign]
   sprintf(tempBuf, "[%d],", data[i]);
           ^~~~~~~
In file included from c:\ac6\systemworkbench\plugins\fr.ac6.mcu.externaltools.arm-none.win32_1.15.0.201708311556\tools\compiler\arm-none-eabi\include\string.h:10:0,
                 from c:\perfecttuning\projet\lvgl\lv_misc\lv_area.h:17,
                 from c:\perfecttuning\projet\lvgl\lv_hal/lv_hal_indev.h:21,
                 from c:\perfecttuning\projet\lvgl\lv_hal/lv_hal.h:17,
                 from c:\perfecttuning\projet\lvgl\lvgl.h:20,
                 from ../lv_examples/lv_apps/demo/demo.h:19,
                 from ../lv_examples/lv_apps/demo/demo2.c:12:
c:\ac6\systemworkbench\plugins\fr.ac6.mcu.externaltools.arm-none.win32_1.15.0.201708311556\tools\compiler\arm-none-eabi\include\stdio.h:244:5: note: expected 'char * restrict' but argument is of type 'uint8_t * {aka unsigned char *}'
 int _EXFUN(sprintf, (char *__restrict, const char *__restrict, ...)
     ^
../lv_examples/lv_apps/demo/demo2.c:707:10: warning: pointer targets in passing argument 1 of 'strcat' differ in signedness [-Wpointer-sign]
   strcat(canbusString, tempBuf);
          ^~~~~~~~~~~~
In file included from c:\ac6\systemworkbench\plugins\fr.ac6.mcu.externaltools.arm-none.win32_1.15.0.201708311556\tools\compiler\arm-none-eabi\include\string.h:10:0,
                 from c:\perfecttuning\projet\lvgl\lv_misc\lv_area.h:17,
                 from c:\perfecttuning\projet\lvgl\lv_hal/lv_hal_indev.h:21,
                 from c:\perfecttuning\projet\lvgl\lv_hal/lv_hal.h:17,
                 from c:\perfecttuning\projet\lvgl\lvgl.h:20,
                 from ../lv_examples/lv_apps/demo/demo.h:19,
                 from ../lv_examples/lv_apps/demo/demo2.c:12:
c:\ac6\systemworkbench\plugins\fr.ac6.mcu.externaltools.arm-none.win32_1.15.0.201708311556\tools\compiler\arm-none-eabi\include\string.h:30:8: note: expected 'char * restrict' but argument is of type 'uint8_t * {aka unsigned char *}'
 char  *_EXFUN(strcat,(char *__restrict, const char *__restrict));
        ^
../lv_examples/lv_apps/demo/demo2.c:707:24: warning: pointer targets in passing argument 2 of 'strcat' differ in signedness [-Wpointer-sign]
   strcat(canbusString, tempBuf);
                        ^~~~~~~
In file included from c:\ac6\systemworkbench\plugins\fr.ac6.mcu.externaltools.arm-none.win32_1.15.0.201708311556\tools\compiler\arm-none-eabi\include\string.h:10:0,
                 from c:\perfecttuning\projet\lvgl\lv_misc\lv_area.h:17,
                 from c:\perfecttuning\projet\lvgl\lv_hal/lv_hal_indev.h:21,
                 from c:\perfecttuning\projet\lvgl\lv_hal/lv_hal.h:17,
                 from c:\perfecttuning\projet\lvgl\lvgl.h:20,
                 from ../lv_examples/lv_apps/demo/demo.h:19,
                 from ../lv_examples/lv_apps/demo/demo2.c:12:
c:\ac6\systemworkbench\plugins\fr.ac6.mcu.externaltools.arm-none.win32_1.15.0.201708311556\tools\compiler\arm-none-eabi\include\string.h:30:8: note: expected 'const char * restrict' but argument is of type 'uint8_t * {aka unsigned char *}'
 char  *_EXFUN(strcat,(char *__restrict, const char *__restrict));
        ^
../lv_examples/lv_apps/demo/demo2.c:710:10: warning: pointer targets in passing argument 1 of 'sprintf' differ in signedness [-Wpointer-sign]
  sprintf(tempBuf, "[%d]\n", data[i]);
          ^~~~~~~
In file included from c:\ac6\systemworkbench\plugins\fr.ac6.mcu.externaltools.arm-none.win32_1.15.0.201708311556\tools\compiler\arm-none-eabi\include\string.h:10:0,
                 from c:\perfecttuning\projet\lvgl\lv_misc\lv_area.h:17,
                 from c:\perfecttuning\projet\lvgl\lv_hal/lv_hal_indev.h:21,
                 from c:\perfecttuning\projet\lvgl\lv_hal/lv_hal.h:17,
                 from c:\perfecttuning\projet\lvgl\lvgl.h:20,
                 from ../lv_examples/lv_apps/demo/demo.h:19,
                 from ../lv_examples/lv_apps/demo/demo2.c:12:
c:\ac6\systemworkbench\plugins\fr.ac6.mcu.externaltools.arm-none.win32_1.15.0.201708311556\tools\compiler\arm-none-eabi\include\stdio.h:244:5: note: expected 'char * restrict' but argument is of type 'uint8_t * {aka unsigned char *}'
 int _EXFUN(sprintf, (char *__restrict, const char *__restrict, ...)
     ^
../lv_examples/lv_apps/demo/demo2.c:711:9: warning: pointer targets in passing argument 1 of 'strcat' differ in signedness [-Wpointer-sign]
  strcat(canbusString, tempBuf);
         ^~~~~~~~~~~~
In file included from c:\ac6\systemworkbench\plugins\fr.ac6.mcu.externaltools.arm-none.win32_1.15.0.201708311556\tools\compiler\arm-none-eabi\include\string.h:10:0,
                 from c:\perfecttuning\projet\lvgl\lv_misc\lv_area.h:17,
                 from c:\perfecttuning\projet\lvgl\lv_hal/lv_hal_indev.h:21,
                 from c:\perfecttuning\projet\lvgl\lv_hal/lv_hal.h:17,
                 from c:\perfecttuning\projet\lvgl\lvgl.h:20,
                 from ../lv_examples/lv_apps/demo/demo.h:19,
                 from ../lv_examples/lv_apps/demo/demo2.c:12:
c:\ac6\systemworkbench\plugins\fr.ac6.mcu.externaltools.arm-none.win32_1.15.0.201708311556\tools\compiler\arm-none-eabi\include\string.h:30:8: note: expected 'char * restrict' but argument is of type 'uint8_t * {aka unsigned char *}'
 char  *_EXFUN(strcat,(char *__restrict, const char *__restrict));
        ^
../lv_examples/lv_apps/demo/demo2.c:711:23: warning: pointer targets in passing argument 2 of 'strcat' differ in signedness [-Wpointer-sign]
  strcat(canbusString, tempBuf);
                       ^~~~~~~
In file included from c:\ac6\systemworkbench\plugins\fr.ac6.mcu.externaltools.arm-none.win32_1.15.0.201708311556\tools\compiler\arm-none-eabi\include\string.h:10:0,
                 from c:\perfecttuning\projet\lvgl\lv_misc\lv_area.h:17,
                 from c:\perfecttuning\projet\lvgl\lv_hal/lv_hal_indev.h:21,
                 from c:\perfecttuning\projet\lvgl\lv_hal/lv_hal.h:17,
                 from c:\perfecttuning\projet\lvgl\lvgl.h:20,
                 from ../lv_examples/lv_apps/demo/demo.h:19,
                 from ../lv_examples/lv_apps/demo/demo2.c:12:
c:\ac6\systemworkbench\plugins\fr.ac6.mcu.externaltools.arm-none.win32_1.15.0.201708311556\tools\compiler\arm-none-eabi\include\string.h:30:8: note: expected 'const char * restrict' but argument is of type 'uint8_t * {aka unsigned char *}'
 char  *_EXFUN(strcat,(char *__restrict, const char *__restrict));
        ^
../lv_examples/lv_apps/demo/demo2.c: In function 'click_home':
../lv_examples/lv_apps/demo/demo2.c:734:1: warning: no return statement in function returning non-void [-Wreturn-type]
 }
 ^
../lv_examples/lv_apps/demo/demo2.c: In function 'click_menu_PARAM':
../lv_examples/lv_apps/demo/demo2.c:746:1: warning: no return statement in function returning non-void [-Wreturn-type]
 }
 ^
../lv_examples/lv_apps/demo/demo2.c: In function 'action_switch_LED':
../lv_examples/lv_apps/demo/demo2.c:790:3: warning: implicit declaration of function 'set_leds' [-Wimplicit-function-declaration]
   set_leds();
   ^~~~~~~~
../lv_examples/lv_apps/demo/demo2.c: At top level:
../lv_examples/lv_apps/demo/demo2.c:817:6: warning: conflicting types for 'set_leds'
 void set_leds()
      ^~~~~~~~
../lv_examples/lv_apps/demo/demo2.c:790:3: note: previous implicit declaration of 'set_leds' was here
   set_leds();
   ^~~~~~~~
../lv_examples/lv_apps/demo/demo2.c:749:17: warning: 'click_Parametres_DEL' defined but not used [-Wunused-function]
 static lv_res_t click_Parametres_DEL(lv_obj_t * child)
                 ^~~~~~~~~~~~~~~~~~~~
Finished building: ../lv_examples/lv_apps/demo/demo2.c
 
Building target: Projet.elf
Invoking: MCU GCC Linker
arm-none-eabi-gcc -mcpu=cortex-m7 -mthumb -mfloat-abi=hard -mfpu=fpv5-d16 -L"C:\PerfectTuning\Projet\Debug\lvgl\lv_objx" -L"C:\PerfectTuning\Projet\lv_examples" -L"C:\PerfectTuning\Projet\Drivers\BSP" -specs=nosys.specs -specs=nano.specs -T"../STM32F769NIHx_FLASH.ld" -Wl,-Map=output.map -Wl,--gc-sections -o "Projet.elf" @"objects.list"   -lm
Finished building target: Projet.elf
 
make --no-print-directory post-build
Generating binary and Printing size information:
arm-none-eabi-objcopy -O binary "Projet.elf" "Projet.bin"
arm-none-eabi-size "Projet.elf"
   text	   data	    bss	    dec	    hex	filename
2026908	    556	 212108	2239572	 222c54	Projet.elf
 
16:51:38 **** Incremental Build of configuration Debug for project Projet ****
make -j all 
Building file: ../lv_examples/lv_apps/demo/demo2.c
Invoking: MCU GCC Compiler
C:\PerfectTuning\Projet\Debug
arm-none-eabi-gcc -mcpu=cortex-m7 -mthumb -mfloat-abi=hard -mfpu=fpv5-d16 '-D__weak=__attribute__((weak))' '-D__packed=__attribute__((__packed__))' -DUSE_HAL_DRIVER -DSTM32F769xx -I"C:/PerfectTuning/Projet/Inc" -I"C:/PerfectTuning/Projet/Drivers/STM32F7xx_HAL_Driver/Inc" -I"C:/PerfectTuning/Projet/Drivers/STM32F7xx_HAL_Driver/Inc/Legacy" -I"C:/PerfectTuning/Projet/Drivers/CMSIS/Device/ST/STM32F7xx/Include" -I"C:/PerfectTuning/Projet/Drivers/CMSIS/Include" -I"C:/PerfectTuning/Projet" -I"C:/PerfectTuning/Projet/lv_examples" -I"C:/PerfectTuning/Projet/Drivers/BSP/Components" -I"C:/PerfectTuning/Projet/Drivers/BSP/STM32F769I-Discovery" -I"C:/PerfectTuning/Projet/Utilities/Fonts" -I"C:/PerfectTuning/Projet/Drivers"  -O0 -g3 -Wall -fmessage-length=0 -ffunction-sections -c -fmessage-length=0 -MMD -MP -MF"lv_examples/lv_apps/demo/demo2.d" -MT"lv_examples/lv_apps/demo/demo2.o" -o "lv_examples/lv_apps/demo/demo2.o" "../lv_examples/lv_apps/demo/demo2.c"
../lv_examples/lv_apps/demo/demo2.c: In function 'demo2_create':
../lv_examples/lv_apps/demo/demo2.c:199:2: warning: implicit declaration of function 'Principale' [-Wimplicit-function-declaration]
  Principale();
  ^~~~~~~~~~
../lv_examples/lv_apps/demo/demo2.c: At top level:
../lv_examples/lv_apps/demo/demo2.c:203:6: warning: conflicting types for 'Principale'
 void Principale ()
      ^~~~~~~~~~
../lv_examples/lv_apps/demo/demo2.c:199:2: note: previous implicit declaration of 'Principale' was here
  Principale();
  ^~~~~~~~~~
../lv_examples/lv_apps/demo/demo2.c: In function 'sw_master_slave':
../lv_examples/lv_apps/demo/demo2.c:688:1: warning: no return statement in function returning non-void [-Wreturn-type]
 }
 ^
../lv_examples/lv_apps/demo/demo2.c: In function 'click_Parametres':
../lv_examples/lv_apps/demo/demo2.c:697:1: warning: no return statement in function returning non-void [-Wreturn-type]
 }
 ^
../lv_examples/lv_apps/demo/demo2.c: In function 'afficheCanBus_Data':
../lv_examples/lv_apps/demo/demo2.c:707:11: warning: pointer targets in passing argument 1 of 'sprintf' differ in signedness [-Wpointer-sign]
   sprintf(tempBuf, "[%d],", data[i]);
           ^~~~~~~
In file included from c:\ac6\systemworkbench\plugins\fr.ac6.mcu.externaltools.arm-none.win32_1.15.0.201708311556\tools\compiler\arm-none-eabi\include\string.h:10:0,
                 from c:\perfecttuning\projet\lvgl\lv_misc\lv_area.h:17,
                 from c:\perfecttuning\projet\lvgl\lv_hal/lv_hal_indev.h:21,
                 from c:\perfecttuning\projet\lvgl\lv_hal/lv_hal.h:17,
                 from c:\perfecttuning\projet\lvgl\lvgl.h:20,
                 from ../lv_examples/lv_apps/demo/demo.h:19,
                 from ../lv_examples/lv_apps/demo/demo2.c:12:
c:\ac6\systemworkbench\plugins\fr.ac6.mcu.externaltools.arm-none.win32_1.15.0.201708311556\tools\compiler\arm-none-eabi\include\stdio.h:244:5: note: expected 'char * restrict' but argument is of type 'uint8_t * {aka unsigned char *}'
 int _EXFUN(sprintf, (char *__restrict, const char *__restrict, ...)
     ^
../lv_examples/lv_apps/demo/demo2.c:708:10: warning: pointer targets in passing argument 1 of 'strcat' differ in signedness [-Wpointer-sign]
   strcat(canbusString, tempBuf);
          ^~~~~~~~~~~~
In file included from c:\ac6\systemworkbench\plugins\fr.ac6.mcu.externaltools.arm-none.win32_1.15.0.201708311556\tools\compiler\arm-none-eabi\include\string.h:10:0,
                 from c:\perfecttuning\projet\lvgl\lv_misc\lv_area.h:17,
                 from c:\perfecttuning\projet\lvgl\lv_hal/lv_hal_indev.h:21,
                 from c:\perfecttuning\projet\lvgl\lv_hal/lv_hal.h:17,
                 from c:\perfecttuning\projet\lvgl\lvgl.h:20,
                 from ../lv_examples/lv_apps/demo/demo.h:19,
                 from ../lv_examples/lv_apps/demo/demo2.c:12:
c:\ac6\systemworkbench\plugins\fr.ac6.mcu.externaltools.arm-none.win32_1.15.0.201708311556\tools\compiler\arm-none-eabi\include\string.h:30:8: note: expected 'char * restrict' but argument is of type 'uint8_t * {aka unsigned char *}'
 char  *_EXFUN(strcat,(char *__restrict, const char *__restrict));
        ^
../lv_examples/lv_apps/demo/demo2.c:708:24: warning: pointer targets in passing argument 2 of 'strcat' differ in signedness [-Wpointer-sign]
   strcat(canbusString, tempBuf);
                        ^~~~~~~
In file included from c:\ac6\systemworkbench\plugins\fr.ac6.mcu.externaltools.arm-none.win32_1.15.0.201708311556\tools\compiler\arm-none-eabi\include\string.h:10:0,
                 from c:\perfecttuning\projet\lvgl\lv_misc\lv_area.h:17,
                 from c:\perfecttuning\projet\lvgl\lv_hal/lv_hal_indev.h:21,
                 from c:\perfecttuning\projet\lvgl\lv_hal/lv_hal.h:17,
                 from c:\perfecttuning\projet\lvgl\lvgl.h:20,
                 from ../lv_examples/lv_apps/demo/demo.h:19,
                 from ../lv_examples/lv_apps/demo/demo2.c:12:
c:\ac6\systemworkbench\plugins\fr.ac6.mcu.externaltools.arm-none.win32_1.15.0.201708311556\tools\compiler\arm-none-eabi\include\string.h:30:8: note: expected 'const char * restrict' but argument is of type 'uint8_t * {aka unsigned char *}'
 char  *_EXFUN(strcat,(char *__restrict, const char *__restrict));
        ^
../lv_examples/lv_apps/demo/demo2.c:711:10: warning: pointer targets in passing argument 1 of 'sprintf' differ in signedness [-Wpointer-sign]
  sprintf(tempBuf, "[%d]\n", data[i]);
          ^~~~~~~
In file included from c:\ac6\systemworkbench\plugins\fr.ac6.mcu.externaltools.arm-none.win32_1.15.0.201708311556\tools\compiler\arm-none-eabi\include\string.h:10:0,
                 from c:\perfecttuning\projet\lvgl\lv_misc\lv_area.h:17,
                 from c:\perfecttuning\projet\lvgl\lv_hal/lv_hal_indev.h:21,
                 from c:\perfecttuning\projet\lvgl\lv_hal/lv_hal.h:17,
                 from c:\perfecttuning\projet\lvgl\lvgl.h:20,
                 from ../lv_examples/lv_apps/demo/demo.h:19,
                 from ../lv_examples/lv_apps/demo/demo2.c:12:
c:\ac6\systemworkbench\plugins\fr.ac6.mcu.externaltools.arm-none.win32_1.15.0.201708311556\tools\compiler\arm-none-eabi\include\stdio.h:244:5: note: expected 'char * restrict' but argument is of type 'uint8_t * {aka unsigned char *}'
 int _EXFUN(sprintf, (char *__restrict, const char *__restrict, ...)
     ^
../lv_examples/lv_apps/demo/demo2.c:712:9: warning: pointer targets in passing argument 1 of 'strcat' differ in signedness [-Wpointer-sign]
  strcat(canbusString, tempBuf);
         ^~~~~~~~~~~~
In file included from c:\ac6\systemworkbench\plugins\fr.ac6.mcu.externaltools.arm-none.win32_1.15.0.201708311556\tools\compiler\arm-none-eabi\include\string.h:10:0,
                 from c:\perfecttuning\projet\lvgl\lv_misc\lv_area.h:17,
                 from c:\perfecttuning\projet\lvgl\lv_hal/lv_hal_indev.h:21,
                 from c:\perfecttuning\projet\lvgl\lv_hal/lv_hal.h:17,
                 from c:\perfecttuning\projet\lvgl\lvgl.h:20,
                 from ../lv_examples/lv_apps/demo/demo.h:19,
                 from ../lv_examples/lv_apps/demo/demo2.c:12:
c:\ac6\systemworkbench\plugins\fr.ac6.mcu.externaltools.arm-none.win32_1.15.0.201708311556\tools\compiler\arm-none-eabi\include\string.h:30:8: note: expected 'char * restrict' but argument is of type 'uint8_t * {aka unsigned char *}'
 char  *_EXFUN(strcat,(char *__restrict, const char *__restrict));
        ^
../lv_examples/lv_apps/demo/demo2.c:712:23: warning: pointer targets in passing argument 2 of 'strcat' differ in signedness [-Wpointer-sign]
  strcat(canbusString, tempBuf);
                       ^~~~~~~
In file included from c:\ac6\systemworkbench\plugins\fr.ac6.mcu.externaltools.arm-none.win32_1.15.0.201708311556\tools\compiler\arm-none-eabi\include\string.h:10:0,
                 from c:\perfecttuning\projet\lvgl\lv_misc\lv_area.h:17,
                 from c:\perfecttuning\projet\lvgl\lv_hal/lv_hal_indev.h:21,
                 from c:\perfecttuning\projet\lvgl\lv_hal/lv_hal.h:17,
                 from c:\perfecttuning\projet\lvgl\lvgl.h:20,
                 from ../lv_examples/lv_apps/demo/demo.h:19,
                 from ../lv_examples/lv_apps/demo/demo2.c:12:
c:\ac6\systemworkbench\plugins\fr.ac6.mcu.externaltools.arm-none.win32_1.15.0.201708311556\tools\compiler\arm-none-eabi\include\string.h:30:8: note: expected 'const char * restrict' but argument is of type 'uint8_t * {aka unsigned char *}'
 char  *_EXFUN(strcat,(char *__restrict, const char *__restrict));
        ^
../lv_examples/lv_apps/demo/demo2.c: In function 'click_home':
../lv_examples/lv_apps/demo/demo2.c:735:1: warning: no return statement in function returning non-void [-Wreturn-type]
 }
 ^
../lv_examples/lv_apps/demo/demo2.c: In function 'click_menu_PARAM':
../lv_examples/lv_apps/demo/demo2.c:747:1: warning: no return statement in function returning non-void [-Wreturn-type]
 }
 ^
../lv_examples/lv_apps/demo/demo2.c: In function 'action_switch_LED':
../lv_examples/lv_apps/demo/demo2.c:791:3: warning: implicit declaration of function 'set_leds' [-Wimplicit-function-declaration]
   set_leds();
   ^~~~~~~~
../lv_examples/lv_apps/demo/demo2.c: At top level:
../lv_examples/lv_apps/demo/demo2.c:818:6: warning: conflicting types for 'set_leds'
 void set_leds()
      ^~~~~~~~
../lv_examples/lv_apps/demo/demo2.c:791:3: note: previous implicit declaration of 'set_leds' was here
   set_leds();
   ^~~~~~~~
../lv_examples/lv_apps/demo/demo2.c:750:17: warning: 'click_Parametres_DEL' defined but not used [-Wunused-function]
 static lv_res_t click_Parametres_DEL(lv_obj_t * child)
                 ^~~~~~~~~~~~~~~~~~~~
Finished building: ../lv_examples/lv_apps/demo/demo2.c
 
Building target: Projet.elf
Invoking: MCU GCC Linker
arm-none-eabi-gcc -mcpu=cortex-m7 -mthumb -mfloat-abi=hard -mfpu=fpv5-d16 -L"C:\PerfectTuning\Projet\Debug\lvgl\lv_objx" -L"C:\PerfectTuning\Projet\lv_examples" -L"C:\PerfectTuning\Projet\Drivers\BSP" -specs=nosys.specs -specs=nano.specs -T"../STM32F769NIHx_FLASH.ld" -Wl,-Map=output.map -Wl,--gc-sections -o "Projet.elf" @"objects.list"   -lm
Finished building target: Projet.elf
 
make --no-print-directory post-build
Generating binary and Printing size information:
arm-none-eabi-objcopy -O binary "Projet.elf" "Projet.bin"
arm-none-eabi-size "Projet.elf"
   text	   data	    bss	    dec	    hex	filename
2026960	    556	 212108	2239624	 222c88	Projet.elf
 
16:52:44 **** Incremental Build of configuration Debug for project Projet ****
make -j all 
Building file: ../lv_examples/lv_apps/demo/demo2.c
Invoking: MCU GCC Compiler
C:\PerfectTuning\Projet\Debug
arm-none-eabi-gcc -mcpu=cortex-m7 -mthumb -mfloat-abi=hard -mfpu=fpv5-d16 '-D__weak=__attribute__((weak))' '-D__packed=__attribute__((__packed__))' -DUSE_HAL_DRIVER -DSTM32F769xx -I"C:/PerfectTuning/Projet/Inc" -I"C:/PerfectTuning/Projet/Drivers/STM32F7xx_HAL_Driver/Inc" -I"C:/PerfectTuning/Projet/Drivers/STM32F7xx_HAL_Driver/Inc/Legacy" -I"C:/PerfectTuning/Projet/Drivers/CMSIS/Device/ST/STM32F7xx/Include" -I"C:/PerfectTuning/Projet/Drivers/CMSIS/Include" -I"C:/PerfectTuning/Projet" -I"C:/PerfectTuning/Projet/lv_examples" -I"C:/PerfectTuning/Projet/Drivers/BSP/Components" -I"C:/PerfectTuning/Projet/Drivers/BSP/STM32F769I-Discovery" -I"C:/PerfectTuning/Projet/Utilities/Fonts" -I"C:/PerfectTuning/Projet/Drivers"  -O0 -g3 -Wall -fmessage-length=0 -ffunction-sections -c -fmessage-length=0 -MMD -MP -MF"lv_examples/lv_apps/demo/demo2.d" -MT"lv_examples/lv_apps/demo/demo2.o" -o "lv_examples/lv_apps/demo/demo2.o" "../lv_examples/lv_apps/demo/demo2.c"
../lv_examples/lv_apps/demo/demo2.c: In function 'demo2_create':
../lv_examples/lv_apps/demo/demo2.c:199:2: warning: implicit declaration of function 'Principale' [-Wimplicit-function-declaration]
  Principale();
  ^~~~~~~~~~
../lv_examples/lv_apps/demo/demo2.c: At top level:
../lv_examples/lv_apps/demo/demo2.c:203:6: warning: conflicting types for 'Principale'
 void Principale ()
      ^~~~~~~~~~
../lv_examples/lv_apps/demo/demo2.c:199:2: note: previous implicit declaration of 'Principale' was here
  Principale();
  ^~~~~~~~~~
../lv_examples/lv_apps/demo/demo2.c: In function 'sw_master_slave':
../lv_examples/lv_apps/demo/demo2.c:687:1: warning: no return statement in function returning non-void [-Wreturn-type]
 }
 ^
../lv_examples/lv_apps/demo/demo2.c: In function 'click_Parametres':
../lv_examples/lv_apps/demo/demo2.c:696:1: warning: no return statement in function returning non-void [-Wreturn-type]
 }
 ^
../lv_examples/lv_apps/demo/demo2.c: In function 'afficheCanBus_Data':
../lv_examples/lv_apps/demo/demo2.c:706:11: warning: pointer targets in passing argument 1 of 'sprintf' differ in signedness [-Wpointer-sign]
   sprintf(tempBuf, "[%d],", data[i]);
           ^~~~~~~
In file included from c:\ac6\systemworkbench\plugins\fr.ac6.mcu.externaltools.arm-none.win32_1.15.0.201708311556\tools\compiler\arm-none-eabi\include\string.h:10:0,
                 from c:\perfecttuning\projet\lvgl\lv_misc\lv_area.h:17,
                 from c:\perfecttuning\projet\lvgl\lv_hal/lv_hal_indev.h:21,
                 from c:\perfecttuning\projet\lvgl\lv_hal/lv_hal.h:17,
                 from c:\perfecttuning\projet\lvgl\lvgl.h:20,
                 from ../lv_examples/lv_apps/demo/demo.h:19,
                 from ../lv_examples/lv_apps/demo/demo2.c:12:
c:\ac6\systemworkbench\plugins\fr.ac6.mcu.externaltools.arm-none.win32_1.15.0.201708311556\tools\compiler\arm-none-eabi\include\stdio.h:244:5: note: expected 'char * restrict' but argument is of type 'uint8_t * {aka unsigned char *}'
 int _EXFUN(sprintf, (char *__restrict, const char *__restrict, ...)
     ^
../lv_examples/lv_apps/demo/demo2.c:707:10: warning: pointer targets in passing argument 1 of 'strcat' differ in signedness [-Wpointer-sign]
   strcat(canbusString, tempBuf);
          ^~~~~~~~~~~~
In file included from c:\ac6\systemworkbench\plugins\fr.ac6.mcu.externaltools.arm-none.win32_1.15.0.201708311556\tools\compiler\arm-none-eabi\include\string.h:10:0,
                 from c:\perfecttuning\projet\lvgl\lv_misc\lv_area.h:17,
                 from c:\perfecttuning\projet\lvgl\lv_hal/lv_hal_indev.h:21,
                 from c:\perfecttuning\projet\lvgl\lv_hal/lv_hal.h:17,
                 from c:\perfecttuning\projet\lvgl\lvgl.h:20,
                 from ../lv_examples/lv_apps/demo/demo.h:19,
                 from ../lv_examples/lv_apps/demo/demo2.c:12:
[...]
../lv_examples/lv_apps/demo/demo2.c: In function 'demo2_create':
../lv_examples/lv_apps/demo/demo2.c:199:2: warning: implicit declaration of function 'Principale' [-Wimplicit-function-declaration]
  Principale();
  ^~~~~~~~~~
../lv_examples/lv_apps/demo/demo2.c: At top level:
../lv_examples/lv_apps/demo/demo2.c:203:6: warning: conflicting types for 'Principale'
 void Principale ()
      ^~~~~~~~~~
../lv_examples/lv_apps/demo/demo2.c:199:2: note: previous implicit declaration of 'Principale' was here
  Principale();
  ^~~~~~~~~~
../lv_examples/lv_apps/demo/demo2.c: In function 'sw_master_slave':
../lv_examples/lv_apps/demo/demo2.c:685:1: warning: no return statement in function returning non-void [-Wreturn-type]
 }
 ^
../lv_examples/lv_apps/demo/demo2.c: In function 'click_Parametres':
../lv_examples/lv_apps/demo/demo2.c:694:1: warning: no return statement in function returning non-void [-Wreturn-type]
 }
 ^
../lv_examples/lv_apps/demo/demo2.c: In function 'afficheCanBus_Data':
../lv_examples/lv_apps/demo/demo2.c:704:11: warning: pointer targets in passing argument 1 of 'sprintf' differ in signedness [-Wpointer-sign]
   sprintf(tempBuf, "[%d],", data[i]);
           ^~~~~~~
In file included from c:\ac6\systemworkbench\plugins\fr.ac6.mcu.externaltools.arm-none.win32_1.15.0.201708311556\tools\compiler\arm-none-eabi\include\string.h:10:0,
                 from c:\perfecttuning\projet\lvgl\lv_misc\lv_area.h:17,
                 from c:\perfecttuning\projet\lvgl\lv_hal/lv_hal_indev.h:21,
                 from c:\perfecttuning\projet\lvgl\lv_hal/lv_hal.h:17,
                 from c:\perfecttuning\projet\lvgl\lvgl.h:20,
                 from ../lv_examples/lv_apps/demo/demo.h:19,
                 from ../lv_examples/lv_apps/demo/demo2.c:12:
c:\ac6\systemworkbench\plugins\fr.ac6.mcu.externaltools.arm-none.win32_1.15.0.201708311556\tools\compiler\arm-none-eabi\include\stdio.h:244:5: note: expected 'char * restrict' but argument is of type 'uint8_t * {aka unsigned char *}'
 int _EXFUN(sprintf, (char *__restrict, const char *__restrict, ...)
     ^
../lv_examples/lv_apps/demo/demo2.c:705:10: warning: pointer targets in passing argument 1 of 'strcat' differ in signedness [-Wpointer-sign]
   strcat(canbusString, tempBuf);
          ^~~~~~~~~~~~
In file included from c:\ac6\systemworkbench\plugins\fr.ac6.mcu.externaltools.arm-none.win32_1.15.0.201708311556\tools\compiler\arm-none-eabi\include\string.h:10:0,
                 from c:\perfecttuning\projet\lvgl\lv_misc\lv_area.h:17,
                 from c:\perfecttuning\projet\lvgl\lv_hal/lv_hal_indev.h:21,
                 from c:\perfecttuning\projet\lvgl\lv_hal/lv_hal.h:17,
                 from c:\perfecttuning\projet\lvgl\lvgl.h:20,
                 from ../lv_examples/lv_apps/demo/demo.h:19,
                 from ../lv_examples/lv_apps/demo/demo2.c:12:
c:\ac6\systemworkbench\plugins\fr.ac6.mcu.externaltools.arm-none.win32_1.15.0.201708311556\tools\compiler\arm-none-eabi\include\string.h:30:8: note: expected 'char * restrict' but argument is of type 'uint8_t * {aka unsigned char *}'
 char  *_EXFUN(strcat,(char *__restrict, const char *__restrict));
        ^
../lv_examples/lv_apps/demo/demo2.c:705:24: warning: pointer targets in passing argument 2 of 'strcat' differ in signedness [-Wpointer-sign]
   strcat(canbusString, tempBuf);
                        ^~~~~~~
In file included from c:\ac6\systemworkbench\plugins\fr.ac6.mcu.externaltools.arm-none.win32_1.15.0.201708311556\tools\compiler\arm-none-eabi\include\string.h:10:0,
                 from c:\perfecttuning\projet\lvgl\lv_misc\lv_area.h:17,
                 from c:\perfecttuning\projet\lvgl\lv_hal/lv_hal_indev.h:21,
                 from c:\perfecttuning\projet\lvgl\lv_hal/lv_hal.h:17,
                 from c:\perfecttuning\projet\lvgl\lvgl.h:20,
                 from ../lv_examples/lv_apps/demo/demo.h:19,
                 from ../lv_examples/lv_apps/demo/demo2.c:12:
c:\ac6\systemworkbench\plugins\fr.ac6.mcu.externaltools.arm-none.win32_1.15.0.201708311556\tools\compiler\arm-none-eabi\include\string.h:30:8: note: expected 'const char * restrict' but argument is of type 'uint8_t * {aka unsigned char *}'
 char  *_EXFUN(strcat,(char *__restrict, const char *__restrict));
        ^
../lv_examples/lv_apps/demo/demo2.c:708:10: warning: pointer targets in passing argument 1 of 'sprintf' differ in signedness [-Wpointer-sign]
  sprintf(tempBuf, "[%d]\n", data[i]);
          ^~~~~~~
In file included from c:\ac6\systemworkbench\plugins\fr.ac6.mcu.externaltools.arm-none.win32_1.15.0.201708311556\tools\compiler\arm-none-eabi\include\string.h:10:0,
                 from c:\perfecttuning\projet\lvgl\lv_misc\lv_area.h:17,
                 from c:\perfecttuning\projet\lvgl\lv_hal/lv_hal_indev.h:21,
                 from c:\perfecttuning\projet\lvgl\lv_hal/lv_hal.h:17,
                 from c:\perfecttuning\projet\lvgl\lvgl.h:20,
                 from ../lv_examples/lv_apps/demo/demo.h:19,
                 from ../lv_examples/lv_apps/demo/demo2.c:12:
c:\ac6\systemworkbench\plugins\fr.ac6.mcu.externaltools.arm-none.win32_1.15.0.201708311556\tools\compiler\arm-none-eabi\include\stdio.h:244:5: note: expected 'char * restrict' but argument is of type 'uint8_t * {aka unsigned char *}'
 int _EXFUN(sprintf, (char *__restrict, const char *__restrict, ...)
     ^
../lv_examples/lv_apps/demo/demo2.c:709:9: warning: pointer targets in passing argument 1 of 'strcat' differ in signedness [-Wpointer-sign]
  strcat(canbusString, tempBuf);
         ^~~~~~~~~~~~
In file included from c:\ac6\systemworkbench\plugins\fr.ac6.mcu.externaltools.arm-none.win32_1.15.0.201708311556\tools\compiler\arm-none-eabi\include\string.h:10:0,
                 from c:\perfecttuning\projet\lvgl\lv_misc\lv_area.h:17,
                 from c:\perfecttuning\projet\lvgl\lv_hal/lv_hal_indev.h:21,
                 from c:\perfecttuning\projet\lvgl\lv_hal/lv_hal.h:17,
                 from c:\perfecttuning\projet\lvgl\lvgl.h:20,
                 from ../lv_examples/lv_apps/demo/demo.h:19,
                 from ../lv_examples/lv_apps/demo/demo2.c:12:
c:\ac6\systemworkbench\plugins\fr.ac6.mcu.externaltools.arm-none.win32_1.15.0.201708311556\tools\compiler\arm-none-eabi\include\string.h:30:8: note: expected 'char * restrict' but argument is of type 'uint8_t * {aka unsigned char *}'
 char  *_EXFUN(strcat,(char *__restrict, const char *__restrict));
        ^
../lv_examples/lv_apps/demo/demo2.c:709:23: warning: pointer targets in passing argument 2 of 'strcat' differ in signedness [-Wpointer-sign]
  strcat(canbusString, tempBuf);
                       ^~~~~~~
In file included from c:\ac6\systemworkbench\plugins\fr.ac6.mcu.externaltools.arm-none.win32_1.15.0.201708311556\tools\compiler\arm-none-eabi\include\string.h:10:0,
                 from c:\perfecttuning\projet\lvgl\lv_misc\lv_area.h:17,
                 from c:\perfecttuning\projet\lvgl\lv_hal/lv_hal_indev.h:21,
                 from c:\perfecttuning\projet\lvgl\lv_hal/lv_hal.h:17,
                 from c:\perfecttuning\projet\lvgl\lvgl.h:20,
                 from ../lv_examples/lv_apps/demo/demo.h:19,
                 from ../lv_examples/lv_apps/demo/demo2.c:12:
c:\ac6\systemworkbench\plugins\fr.ac6.mcu.externaltools.arm-none.win32_1.15.0.201708311556\tools\compiler\arm-none-eabi\include\string.h:30:8: note: expected 'const char * restrict' but argument is of type 'uint8_t * {aka unsigned char *}'
 char  *_EXFUN(strcat,(char *__restrict, const char *__restrict));
        ^
../lv_examples/lv_apps/demo/demo2.c: In function 'click_home':
../lv_examples/lv_apps/demo/demo2.c:725:1: warning: no return statement in function returning non-void [-Wreturn-type]
 }
 ^
../lv_examples/lv_apps/demo/demo2.c: In function 'click_menu_PARAM':
../lv_examples/lv_apps/demo/demo2.c:737:1: warning: no return statement in function returning non-void [-Wreturn-type]
 }
 ^
../lv_examples/lv_apps/demo/demo2.c: In function 'action_switch_LED':
../lv_examples/lv_apps/demo/demo2.c:781:3: warning: implicit declaration of function 'set_leds' [-Wimplicit-function-declaration]
   set_leds();
   ^~~~~~~~
../lv_examples/lv_apps/demo/demo2.c: At top level:
../lv_examples/lv_apps/demo/demo2.c:808:6: warning: conflicting types for 'set_leds'
 void set_leds()
      ^~~~~~~~
../lv_examples/lv_apps/demo/demo2.c:781:3: note: previous implicit declaration of 'set_leds' was here
   set_leds();
   ^~~~~~~~
../lv_examples/lv_apps/demo/demo2.c:740:17: warning: 'click_Parametres_DEL' defined but not used [-Wunused-function]
 static lv_res_t click_Parametres_DEL(lv_obj_t * child)
                 ^~~~~~~~~~~~~~~~~~~~
Finished building: ../lv_examples/lv_apps/demo/demo2.c
 
Building target: Projet.elf
Invoking: MCU GCC Linker
arm-none-eabi-gcc -mcpu=cortex-m7 -mthumb -mfloat-abi=hard -mfpu=fpv5-d16 -L"C:\PerfectTuning\Projet\Debug\lvgl\lv_objx" -L"C:\PerfectTuning\Projet\lv_examples" -L"C:\PerfectTuning\Projet\Drivers\BSP" -specs=nosys.specs -specs=nano.specs -T"../STM32F769NIHx_FLASH.ld" -Wl,-Map=output.map -Wl,--gc-sections -o "Projet.elf" @"objects.list"   -lm
Finished building target: Projet.elf
 
make --no-print-directory post-build
Generating binary and Printing size information:
arm-none-eabi-objcopy -O binary "Projet.elf" "Projet.bin"
arm-none-eabi-size "Projet.elf"
   text	   data	    bss	    dec	    hex	filename
2026828	    556	 212108	2239492	 222c04	Projet.elf
 
17:08:25 **** Incremental Build of configuration Debug for project Projet ****
make -j all 
Building file: ../lv_examples/lv_apps/demo/demo2.c
Invoking: MCU GCC Compiler
C:\PerfectTuning\Projet\Debug
arm-none-eabi-gcc -mcpu=cortex-m7 -mthumb -mfloat-abi=hard -mfpu=fpv5-d16 '-D__weak=__attribute__((weak))' '-D__packed=__attribute__((__packed__))' -DUSE_HAL_DRIVER -DSTM32F769xx -I"C:/PerfectTuning/Projet/Inc" -I"C:/PerfectTuning/Projet/Drivers/STM32F7xx_HAL_Driver/Inc" -I"C:/PerfectTuning/Projet/Drivers/STM32F7xx_HAL_Driver/Inc/Legacy" -I"C:/PerfectTuning/Projet/Drivers/CMSIS/Device/ST/STM32F7xx/Include" -I"C:/PerfectTuning/Projet/Drivers/CMSIS/Include" -I"C:/PerfectTuning/Projet" -I"C:/PerfectTuning/Projet/lv_examples" -I"C:/PerfectTuning/Projet/Drivers/BSP/Components" -I"C:/PerfectTuning/Projet/Drivers/BSP/STM32F769I-Discovery" -I"C:/PerfectTuning/Projet/Utilities/Fonts" -I"C:/PerfectTuning/Projet/Drivers"  -O0 -g3 -Wall -fmessage-length=0 -ffunction-sections -c -fmessage-length=0 -MMD -MP -MF"lv_examples/lv_apps/demo/demo2.d" -MT"lv_examples/lv_apps/demo/demo2.o" -o "lv_examples/lv_apps/demo/demo2.o" "../lv_examples/lv_apps/demo/demo2.c"
../lv_examples/lv_apps/demo/demo2.c: In function 'demo2_create':
../lv_examples/lv_apps/demo/demo2.c:199:2: warning: implicit declaration of function 'Principale' [-Wimplicit-function-declaration]
  Principale();
  ^~~~~~~~~~
../lv_examples/lv_apps/demo/demo2.c: At top level:
../lv_examples/lv_apps/demo/demo2.c:203:6: warning: conflicting types for 'Principale'
 void Principale ()
      ^~~~~~~~~~
../lv_examples/lv_apps/demo/demo2.c:199:2: note: previous implicit declaration of 'Principale' was here
  Principale();
  ^~~~~~~~~~
../lv_examples/lv_apps/demo/demo2.c: In function 'sw_master_slave':
../lv_examples/lv_apps/demo/demo2.c:685:1: warning: no return statement in function returning non-void [-Wreturn-type]
 }
 ^
../lv_examples/lv_apps/demo/demo2.c: In function 'click_Parametres':
../lv_examples/lv_apps/demo/demo2.c:694:1: warning: no return statement in function returning non-void [-Wreturn-type]
 }
 ^
../lv_examples/lv_apps/demo/demo2.c: In function 'afficheCanBus_Data':
../lv_examples/lv_apps/demo/demo2.c:704:11: warning: pointer targets in passing argument 1 of 'sprintf' differ in signedness [-Wpointer-sign]
   sprintf(tempBuf, "[%d],", data[i]);
           ^~~~~~~
In file included from c:\ac6\systemworkbench\plugins\fr.ac6.mcu.externaltools.arm-none.win32_1.15.0.201708311556\tools\compiler\arm-none-eabi\include\string.h:10:0,
                 from c:\perfecttuning\projet\lvgl\lv_misc\lv_area.h:17,
                 from c:\perfecttuning\projet\lvgl\lv_hal/lv_hal_indev.h:21,
                 from c:\perfecttuning\projet\lvgl\lv_hal/lv_hal.h:17,
                 from c:\perfecttuning\projet\lvgl\lvgl.h:20,
                 from ../lv_examples/lv_apps/demo/demo.h:19,
                 from ../lv_examples/lv_apps/demo/demo2.c:12:
c:\ac6\systemworkbench\plugins\fr.ac6.mcu.externaltools.arm-none.win32_1.15.0.201708311556\tools\compiler\arm-none-eabi\include\stdio.h:244:5: note: expected 'char * restrict' but argument is of type 'uint8_t * {aka unsigned char *}'
 int _EXFUN(sprintf, (char *__restrict, const char *__restrict, ...)
     ^
../lv_examples/lv_apps/demo/demo2.c:705:10: warning: pointer targets in passing argument 1 of 'strcat' differ in signedness [-Wpointer-sign]
   strcat(canbusString, tempBuf);
          ^~~~~~~~~~~~
In file included from c:\ac6\systemworkbench\plugins\fr.ac6.mcu.externaltools.arm-none.win32_1.15.0.201708311556\tools\compiler\arm-none-eabi\include\string.h:10:0,
                 from c:\perfecttuning\projet\lvgl\lv_misc\lv_area.h:17,
                 from c:\perfecttuning\projet\lvgl\lv_hal/lv_hal_indev.h:21,
                 from c:\perfecttuning\projet\lvgl\lv_hal/lv_hal.h:17,
                 from c:\perfecttuning\projet\lvgl\lvgl.h:20,
                 from ../lv_examples/lv_apps/demo/demo.h:19,
                 from ../lv_examples/lv_apps/demo/demo2.c:12:
c:\ac6\systemworkbench\plugins\fr.ac6.mcu.externaltools.arm-none.win32_1.15.0.201708311556\tools\compiler\arm-none-eabi\include\string.h:30:8: note: expected 'char * restrict' but argument is of type 'uint8_t * {aka unsigned char *}'
 char  *_EXFUN(strcat,(char *__restrict, const char *__restrict));
        ^
../lv_examples/lv_apps/demo/demo2.c:705:24: warning: pointer targets in passing argument 2 of 'strcat' differ in signedness [-Wpointer-sign]
   strcat(canbusString, tempBuf);
                        ^~~~~~~
In file included from c:\ac6\systemworkbench\plugins\fr.ac6.mcu.externaltools.arm-none.win32_1.15.0.201708311556\tools\compiler\arm-none-eabi\include\string.h:10:0,
                 from c:\perfecttuning\projet\lvgl\lv_misc\lv_area.h:17,
                 from c:\perfecttuning\projet\lvgl\lv_hal/lv_hal_indev.h:21,
                 from c:\perfecttuning\projet\lvgl\lv_hal/lv_hal.h:17,
                 from c:\perfecttuning\projet\lvgl\lvgl.h:20,
                 from ../lv_examples/lv_apps/demo/demo.h:19,
                 from ../lv_examples/lv_apps/demo/demo2.c:12:
c:\ac6\systemworkbench\plugins\fr.ac6.mcu.externaltools.arm-none.win32_1.15.0.201708311556\tools\compiler\arm-none-eabi\include\string.h:30:8: note: expected 'const char * restrict' but argument is of type 'uint8_t * {aka unsigned char *}'
 char  *_EXFUN(strcat,(char *__restrict, const char *__restrict));
        ^
../lv_examples/lv_apps/demo/demo2.c:708:10: warning: pointer targets in passing argument 1 of 'sprintf' differ in signedness [-Wpointer-sign]
  sprintf(tempBuf, "[%d]\n", data[i]);
          ^~~~~~~
In file included from c:\ac6\systemworkbench\plugins\fr.ac6.mcu.externaltools.arm-none.win32_1.15.0.201708311556\tools\compiler\arm-none-eabi\include\string.h:10:0,
                 from c:\perfecttuning\projet\lvgl\lv_misc\lv_area.h:17,
                 from c:\perfecttuning\projet\lvgl\lv_hal/lv_hal_indev.h:21,
                 from c:\perfecttuning\projet\lvgl\lv_hal/lv_hal.h:17,
                 from c:\perfecttuning\projet\lvgl\lvgl.h:20,
                 from ../lv_examples/lv_apps/demo/demo.h:19,
                 from ../lv_examples/lv_apps/demo/demo2.c:12:
c:\ac6\systemworkbench\plugins\fr.ac6.mcu.externaltools.arm-none.win32_1.15.0.201708311556\tools\compiler\arm-none-eabi\include\stdio.h:244:5: note: expected 'char * restrict' but argument is of type 'uint8_t * {aka unsigned char *}'
 int _EXFUN(sprintf, (char *__restrict, const char *__restrict, ...)
     ^
../lv_examples/lv_apps/demo/demo2.c:709:9: warning: pointer targets in passing argument 1 of 'strcat' differ in signedness [-Wpointer-sign]
  strcat(canbusString, tempBuf);
         ^~~~~~~~~~~~
In file included from c:\ac6\systemworkbench\plugins\fr.ac6.mcu.externaltools.arm-none.win32_1.15.0.201708311556\tools\compiler\arm-none-eabi\include\string.h:10:0,
                 from c:\perfecttuning\projet\lvgl\lv_misc\lv_area.h:17,
                 from c:\perfecttuning\projet\lvgl\lv_hal/lv_hal_indev.h:21,
                 from c:\perfecttuning\projet\lvgl\lv_hal/lv_hal.h:17,
                 from c:\perfecttuning\projet\lvgl\lvgl.h:20,
                 from ../lv_examples/lv_apps/demo/demo.h:19,
                 from ../lv_examples/lv_apps/demo/demo2.c:12:
c:\ac6\systemworkbench\plugins\fr.ac6.mcu.externaltools.arm-none.win32_1.15.0.201708311556\tools\compiler\arm-none-eabi\include\string.h:30:8: note: expected 'char * restrict' but argument is of type 'uint8_t * {aka unsigned char *}'
 char  *_EXFUN(strcat,(char *__restrict, const char *__restrict));
        ^
../lv_examples/lv_apps/demo/demo2.c:709:23: warning: pointer targets in passing argument 2 of 'strcat' differ in signedness [-Wpointer-sign]
  strcat(canbusString, tempBuf);
                       ^~~~~~~
In file included from c:\ac6\systemworkbench\plugins\fr.ac6.mcu.externaltools.arm-none.win32_1.15.0.201708311556\tools\compiler\arm-none-eabi\include\string.h:10:0,
                 from c:\perfecttuning\projet\lvgl\lv_misc\lv_area.h:17,
                 from c:\perfecttuning\projet\lvgl\lv_hal/lv_hal_indev.h:21,
                 from c:\perfecttuning\projet\lvgl\lv_hal/lv_hal.h:17,
                 from c:\perfecttuning\projet\lvgl\lvgl.h:20,
                 from ../lv_examples/lv_apps/demo/demo.h:19,
                 from ../lv_examples/lv_apps/demo/demo2.c:12:
c:\ac6\systemworkbench\plugins\fr.ac6.mcu.externaltools.arm-none.win32_1.15.0.201708311556\tools\compiler\arm-none-eabi\include\string.h:30:8: note: expected 'const char * restrict' but argument is of type 'uint8_t * {aka unsigned char *}'
 char  *_EXFUN(strcat,(char *__restrict, const char *__restrict));
        ^
../lv_examples/lv_apps/demo/demo2.c: In function 'click_home':
../lv_examples/lv_apps/demo/demo2.c:725:1: warning: no return statement in function returning non-void [-Wreturn-type]
 }
 ^
../lv_examples/lv_apps/demo/demo2.c: In function 'click_menu_PARAM':
../lv_examples/lv_apps/demo/demo2.c:737:1: warning: no return statement in function returning non-void [-Wreturn-type]
 }
 ^
../lv_examples/lv_apps/demo/demo2.c: In function 'action_switch_LED':
../lv_examples/lv_apps/demo/demo2.c:781:3: warning: implicit declaration of function 'set_leds' [-Wimplicit-function-declaration]
   set_leds();
   ^~~~~~~~
../lv_examples/lv_apps/demo/demo2.c: At top level:
../lv_examples/lv_apps/demo/demo2.c:808:6: warning: conflicting types for 'set_leds'
 void set_leds()
      ^~~~~~~~
../lv_examples/lv_apps/demo/demo2.c:781:3: note: previous implicit declaration of 'set_leds' was here
   set_leds();
   ^~~~~~~~
../lv_examples/lv_apps/demo/demo2.c:740:17: warning: 'click_Parametres_DEL' defined but not used [-Wunused-function]
 static lv_res_t click_Parametres_DEL(lv_obj_t * child)
                 ^~~~~~~~~~~~~~~~~~~~
Finished building: ../lv_examples/lv_apps/demo/demo2.c
 
Building target: Projet.elf
Invoking: MCU GCC Linker
arm-none-eabi-gcc -mcpu=cortex-m7 -mthumb -mfloat-abi=hard -mfpu=fpv5-d16 -L"C:\PerfectTuning\Projet\Debug\lvgl\lv_objx" -L"C:\PerfectTuning\Projet\lv_examples" -L"C:\PerfectTuning\Projet\Drivers\BSP" -specs=nosys.specs -specs=nano.specs -T"../STM32F769NIHx_FLASH.ld" -Wl,-Map=output.map -Wl,--gc-sections -o "Projet.elf" @"objects.list"   -lm
Finished building target: Projet.elf
 
make --no-print-directory post-build
Generating binary and Printing size information:
arm-none-eabi-objcopy -O binary "Projet.elf" "Projet.bin"
arm-none-eabi-size "Projet.elf"
   text	   data	    bss	    dec	    hex	filename
2026828	    556	 212108	2239492	 222c04	Projet.elf
 
