16:10:09 **** Incremental Build of configuration Debug for project Projet ****
make -j all 
make: Nothing to be done for 'all'.
16:16:09 **** Incremental Build of configuration Debug for project Projet ****
make -j all 
Building file: ../lv_examples/lv_apps/demo/demo2.c
Invoking: MCU GCC Compiler
C:\PerfectTuning\Projet\Debug
arm-none-eabi-gcc -mcpu=cortex-m7 -mthumb -mfloat-abi=hard -mfpu=fpv5-d16 '-D__weak=__attribute__((weak))' '-D__packed=__attribute__((__packed__))' -DUSE_HAL_DRIVER -DSTM32F769xx -I"C:/PerfectTuning/Projet/Inc" -I"C:/PerfectTuning/Projet/Drivers/STM32F7xx_HAL_Driver/Inc" -I"C:/PerfectTuning/Projet/Drivers/STM32F7xx_HAL_Driver/Inc/Legacy" -I"C:/PerfectTuning/Projet/Drivers/CMSIS/Device/ST/STM32F7xx/Include" -I"C:/PerfectTuning/Projet/Drivers/CMSIS/Include" -I"C:/PerfectTuning/Projet" -I"C:/PerfectTuning/Projet/lv_examples" -I"C:/PerfectTuning/Projet/Drivers/BSP/Components" -I"C:/PerfectTuning/Projet/Drivers/BSP/STM32F769I-Discovery" -I"C:/PerfectTuning/Projet/Utilities/Fonts" -I"C:/PerfectTuning/Projet/Drivers"  -O0 -g3 -Wall -fmessage-length=0 -ffunction-sections -c -fmessage-length=0 -MMD -MP -MF"lv_examples/lv_apps/demo/demo2.d" -MT"lv_examples/lv_apps/demo/demo2.o" -o "lv_examples/lv_apps/demo/demo2.o" "../lv_examples/lv_apps/demo/demo2.c"
../lv_examples/lv_apps/demo/demo2.c: In function 'demo2_create':
../lv_examples/lv_apps/demo/demo2.c:199:2: warning: implicit declaration of function 'Principale' [-Wimplicit-function-declaration]
  Principale();
  ^~~~~~~~~~
../lv_examples/lv_apps/demo/demo2.c: At top level:
../lv_examples/lv_apps/demo/demo2.c:203:6: warning: conflicting types for 'Principale'
 void Principale ()
      ^~~~~~~~~~
../lv_examples/lv_apps/demo/demo2.c:199:2: note: previous implicit declaration of 'Principale' was here
  Principale();
  ^~~~~~~~~~
../lv_examples/lv_apps/demo/demo2.c: In function 'Principale':
../lv_examples/lv_apps/demo/demo2.c:221:37: warning: statement with no effect [-Wunused-value]
   tv_Princ->style_p->body.main_color.red;
   ~~~~~~~~~~~~~~~~~~~~~~~~~~~~~~~~~~^~~~
../lv_examples/lv_apps/demo/demo2.c: In function 'sw_master_slave':
../lv_examples/lv_apps/demo/demo2.c:685:1: warning: no return statement in function returning non-void [-Wreturn-type]
 }
 ^
../lv_examples/lv_apps/demo/demo2.c: In function 'click_Parametres':
../lv_examples/lv_apps/demo/demo2.c:694:1: warning: no return statement in function returning non-void [-Wreturn-type]
 }
 ^
../lv_examples/lv_apps/demo/demo2.c: In function 'afficheCanBus_Data':
../lv_examples/lv_apps/demo/demo2.c:703:11: warning: pointer targets in passing argument 1 of 'sprintf' differ in signedness [-Wpointer-sign]
   sprintf(tempBuf, "[%d],", data[i]);
           ^~~~~~~
In file included from c:\ac6\systemworkbench\plugins\fr.ac6.mcu.externaltools.arm-none.win32_1.15.0.201708311556\tools\compiler\arm-none-eabi\include\string.h:10:0,
                 from c:\perfecttuning\projet\lvgl\lv_misc\lv_area.h:17,
                 from c:\perfecttuning\projet\lvgl\lv_hal/lv_hal_indev.h:21,
                 from c:\perfecttuning\projet\lvgl\lv_hal/lv_hal.h:17,
                 from c:\perfecttuning\projet\lvgl\lvgl.h:20,
                 from ../lv_examples/lv_apps/demo/demo.h:19,
                 from ../lv_examples/lv_apps/demo/demo2.c:12:
c:\ac6\systemworkbench\plugins\fr.ac6.mcu.externaltools.arm-none.win32_1.15.0.201708311556\tools\compiler\arm-none-eabi\include\stdio.h:244:5: note: expected 'char * restrict' but argument is of type 'uint8_t * {aka unsigned char *}'
 int _EXFUN(sprintf, (char *__restrict, const char *__restrict, ...)
     ^
../lv_examples/lv_apps/demo/demo2.c:704:10: warning: pointer targets in passing argument 1 of 'strcat' differ in signedness [-Wpointer-sign]
   strcat(canbusString, tempBuf);
          ^~~~~~~~~~~~
In file included from c:\ac6\systemworkbench\plugins\fr.ac6.mcu.externaltools.arm-none.win32_1.15.0.201708311556\tools\compiler\arm-none-eabi\include\string.h:10:0,
                 from c:\perfecttuning\projet\lvgl\lv_misc\lv_area.h:17,
                 from c:\perfecttuning\projet\lvgl\lv_hal/lv_hal_indev.h:21,
                 from c:\perfecttuning\projet\lvgl\lv_hal/lv_hal.h:17,
                 from c:\perfecttuning\projet\lvgl\lvgl.h:20,
                 from ../lv_examples/lv_apps/demo/demo.h:19,
                 from ../lv_examples/lv_apps/demo/demo2.c:12:
c:\ac6\systemworkbench\plugins\fr.ac6.mcu.externaltools.arm-none.win32_1.15.0.201708311556\tools\compiler\arm-none-eabi\include\string.h:30:8: note: expected 'char * restrict' but argument is of type 'uint8_t * {aka unsigned char *}'
 char  *_EXFUN(strcat,(char *__restrict, const char *__restrict));
        ^
../lv_examples/lv_apps/demo/demo2.c:704:24: warning: pointer targets in passing argument 2 of 'strcat' differ in signedness [-Wpointer-sign]
   strcat(canbusString, tempBuf);
                        ^~~~~~~
In file included from c:\ac6\systemworkbench\plugins\fr.ac6.mcu.externaltools.arm-none.win32_1.15.0.201708311556\tools\compiler\arm-none-eabi\include\string.h:10:0,
                 from c:\perfecttuning\projet\lvgl\lv_misc\lv_area.h:17,
                 from c:\perfecttuning\projet\lvgl\lv_hal/lv_hal_indev.h:21,
                 from c:\perfecttuning\projet\lvgl\lv_hal/lv_hal.h:17,
                 from c:\perfecttuning\projet\lvgl\lvgl.h:20,
                 from ../lv_examples/lv_apps/demo/demo.h:19,
                 from ../lv_examples/lv_apps/demo/demo2.c:12:
c:\ac6\systemworkbench\plugins\fr.ac6.mcu.externaltools.arm-none.win32_1.15.0.201708311556\tools\compiler\arm-none-eabi\include\string.h:30:8: note: expected 'const char * restrict' but argument is of type 'uint8_t * {aka unsigned char *}'
 char  *_EXFUN(strcat,(char *__restrict, const char *__restrict));
        ^
../lv_examples/lv_apps/demo/demo2.c:707:10: warning: pointer targets in passing argument 1 of 'sprintf' differ in signedness [-Wpointer-sign]
  sprintf(tempBuf, "[%d]\n", data[i]);
          ^~~~~~~
In file included from c:\ac6\systemworkbench\plugins\fr.ac6.mcu.externaltools.arm-none.win32_1.15.0.201708311556\tools\compiler\arm-none-eabi\include\string.h:10:0,
                 from c:\perfecttuning\projet\lvgl\lv_misc\lv_area.h:17,
                 from c:\perfecttuning\projet\lvgl\lv_hal/lv_hal_indev.h:21,
                 from c:\perfecttuning\projet\lvgl\lv_hal/lv_hal.h:17,
                 from c:\perfecttuning\projet\lvgl\lvgl.h:20,
                 from ../lv_examples/lv_apps/demo/demo.h:19,
                 from ../lv_examples/lv_apps/demo/demo2.c:12:
c:\ac6\systemworkbench\plugins\fr.ac6.mcu.externaltools.arm-none.win32_1.15.0.201708311556\tools\compiler\arm-none-eabi\include\stdio.h:244:5: note: expected 'char * restrict' but argument is of type 'uint8_t * {aka unsigned char *}'
 int _EXFUN(sprintf, (char *__restrict, const char *__restrict, ...)
     ^
../lv_examples/lv_apps/demo/demo2.c:708:9: warning: pointer targets in passing argument 1 of 'strcat' differ in signedness [-Wpointer-sign]
  strcat(canbusString, tempBuf);
         ^~~~~~~~~~~~
In file included from c:\ac6\systemworkbench\plugins\fr.ac6.mcu.externaltools.arm-none.win32_1.15.0.201708311556\tools\compiler\arm-none-eabi\include\string.h:10:0,
                 from c:\perfecttuning\projet\lvgl\lv_misc\lv_area.h:17,
                 from c:\perfecttuning\projet\lvgl\lv_hal/lv_hal_indev.h:21,
                 from c:\perfecttuning\projet\lvgl\lv_hal/lv_hal.h:17,
                 from c:\perfecttuning\projet\lvgl\lvgl.h:20,
                 from ../lv_examples/lv_apps/demo/demo.h:19,
                 from ../lv_examples/lv_apps/demo/demo2.c:12:
c:\ac6\systemworkbench\plugins\fr.ac6.mcu.externaltools.arm-none.win32_1.15.0.201708311556\tools\compiler\arm-none-eabi\include\string.h:30:8: note: expected 'char * restrict' but argument is of type 'uint8_t * {aka unsigned char *}'
 char  *_EXFUN(strcat,(char *__restrict, const char *__restrict));
        ^
../lv_examples/lv_apps/demo/demo2.c:708:23: warning: pointer targets in passing argument 2 of 'strcat' differ in signedness [-Wpointer-sign]
  strcat(canbusString, tempBuf);
                       ^~~~~~~
In file included from c:\ac6\systemworkbench\plugins\fr.ac6.mcu.externaltools.arm-none.win32_1.15.0.201708311556\tools\compiler\arm-none-eabi\include\string.h:10:0,
                 from c:\perfecttuning\projet\lvgl\lv_misc\lv_area.h:17,
                 from c:\perfecttuning\projet\lvgl\lv_hal/lv_hal_indev.h:21,
                 from c:\perfecttuning\projet\lvgl\lv_hal/lv_hal.h:17,
                 from c:\perfecttuning\projet\lvgl\lvgl.h:20,
                 from ../lv_examples/lv_apps/demo/demo.h:19,
                 from ../lv_examples/lv_apps/demo/demo2.c:12:
c:\ac6\systemworkbench\plugins\fr.ac6.mcu.externaltools.arm-none.win32_1.15.0.201708311556\tools\compiler\arm-none-eabi\include\string.h:30:8: note: expected 'const char * restrict' but argument is of type 'uint8_t * {aka unsigned char *}'
 char  *_EXFUN(strcat,(char *__restrict, const char *__restrict));
        ^
../lv_examples/lv_apps/demo/demo2.c: In function 'click_home':
../lv_examples/lv_apps/demo/demo2.c:731:1: warning: no return statement in function returning non-void [-Wreturn-type]
 }
 ^
../lv_examples/lv_apps/demo/demo2.c: In function 'click_menu_PARAM':
../lv_examples/lv_apps/demo/demo2.c:743:1: warning: no return statement in function returning non-void [-Wreturn-type]
 }
 ^
../lv_examples/lv_apps/demo/demo2.c: In function 'action_switch_LED':
../lv_examples/lv_apps/demo/demo2.c:787:3: warning: implicit declaration of function 'set_leds' [-Wimplicit-function-declaration]
   set_leds();
   ^~~~~~~~
../lv_examples/lv_apps/demo/demo2.c: At top level:
../lv_examples/lv_apps/demo/demo2.c:814:6: warning: conflicting types for 'set_leds'
 void set_leds()
      ^~~~~~~~
../lv_examples/lv_apps/demo/demo2.c:787:3: note: previous implicit declaration of 'set_leds' was here
   set_leds();
   ^~~~~~~~
../lv_examples/lv_apps/demo/demo2.c:746:17: warning: 'click_Parametres_DEL' defined but not used [-Wunused-function]
 static lv_res_t click_Parametres_DEL(lv_obj_t * child)
                 ^~~~~~~~~~~~~~~~~~~~
Finished building: ../lv_examples/lv_apps/demo/demo2.c
 
Building target: Projet.elf
Invoking: MCU GCC Linker
arm-none-eabi-gcc -mcpu=cortex-m7 -mthumb -mfloat-abi=hard -mfpu=fpv5-d16 -L"C:\PerfectTuning\Projet\Debug\lvgl\lv_objx" -L"C:\PerfectTuning\Projet\lv_examples" -L"C:\PerfectTuning\Projet\Drivers\BSP" -specs=nosys.specs -specs=nano.specs -T"../STM32F769NIHx_FLASH.ld" -Wl,-Map=output.map -Wl,--gc-sections -o "Projet.elf" @"objects.list"   -lm
Finished building target: Projet.elf
 
make --no-print-directory post-build
Generating binary and Printing size information:
arm-none-eabi-objcopy -O binary "Projet.elf" "Projet.bin"
arm-none-eabi-size "Projet.elf"
   text	   data	    bss	    dec	    hex	filename
2031804	    656	 212144	2244604	 223ffc	Projet.elf
 
16:18:07 **** Incremental Build of configuration Debug for project Projet ****
make -j all 
Building file: ../lv_examples/lv_apps/demo/demo2.c
Invoking: MCU GCC Compiler
C:\PerfectTuning\Projet\Debug
arm-none-eabi-gcc -mcpu=cortex-m7 -mthumb -mfloat-abi=hard -mfpu=fpv5-d16 '-D__weak=__attribute__((weak))' '-D__packed=__attribute__((__packed__))' -DUSE_HAL_DRIVER -DSTM32F769xx -I"C:/PerfectTuning/Projet/Inc" -I"C:/PerfectTuning/Projet/Drivers/STM32F7xx_HAL_Driver/Inc" -I"C:/PerfectTuning/Projet/Drivers/STM32F7xx_HAL_Driver/Inc/Legacy" -I"C:/PerfectTuning/Projet/Drivers/CMSIS/Device/ST/STM32F7xx/Include" -I"C:/PerfectTuning/Projet/Drivers/CMSIS/Include" -I"C:/PerfectTuning/Projet" -I"C:/PerfectTuning/Projet/lv_examples" -I"C:/PerfectTuning/Projet/Drivers/BSP/Components" -I"C:/PerfectTuning/Projet/Drivers/BSP/STM32F769I-Discovery" -I"C:/PerfectTuning/Projet/Utilities/Fonts" -I"C:/PerfectTuning/Projet/Drivers"  -O0 -g3 -Wall -fmessage-length=0 -ffunction-sections -c -fmessage-length=0 -MMD -MP -MF"lv_examples/lv_apps/demo/demo2.d" -MT"lv_examples/lv_apps/demo/demo2.o" -o "lv_examples/lv_apps/demo/demo2.o" "../lv_examples/lv_apps/demo/demo2.c"
../lv_examples/lv_apps/demo/demo2.c: In function 'demo2_create':
../lv_examples/lv_apps/demo/demo2.c:199:2: warning: implicit declaration of function 'Principale' [-Wimplicit-function-declaration]
  Principale();
  ^~~~~~~~~~
../lv_examples/lv_apps/demo/demo2.c: At top level:
../lv_examples/lv_apps/demo/demo2.c:203:6: warning: conflicting types for 'Principale'
 void Principale ()
      ^~~~~~~~~~
../lv_examples/lv_apps/demo/demo2.c:199:2: note: previous implicit declaration of 'Principale' was here
  Principale();
  ^~~~~~~~~~
../lv_examples/lv_apps/demo/demo2.c: In function 'Principale':
../lv_examples/lv_apps/demo/demo2.c:221:37: warning: statement with no effect [-Wunused-value]
   tv_Princ->style_p->body.main_color.red;
   ~~~~~~~~~~~~~~~~~~~~~~~~~~~~~~~~~~^~~~
../lv_examples/lv_apps/demo/demo2.c: In function 'sw_master_slave':
../lv_examples/lv_apps/demo/demo2.c:686:1: warning: no return statement in function returning non-void [-Wreturn-type]
 }
 ^
../lv_examples/lv_apps/demo/demo2.c: In function 'click_Parametres':
../lv_examples/lv_apps/demo/demo2.c:695:1: warning: no return statement in function returning non-void [-Wreturn-type]
 }
 ^
../lv_examples/lv_apps/demo/demo2.c: In function 'afficheCanBus_Data':
../lv_examples/lv_apps/demo/demo2.c:704:11: warning: pointer targets in passing argument 1 of 'sprintf' differ in signedness [-Wpointer-sign]
   sprintf(tempBuf, "[%d],", data[i]);
           ^~~~~~~
In file included from c:\ac6\systemworkbench\plugins\fr.ac6.mcu.externaltools.arm-none.win32_1.15.0.201708311556\tools\compiler\arm-none-eabi\include\string.h:10:0,
                 from c:\perfecttuning\projet\lvgl\lv_misc\lv_area.h:17,
                 from c:\perfecttuning\projet\lvgl\lv_hal/lv_hal_indev.h:21,
                 from c:\perfecttuning\projet\lvgl\lv_hal/lv_hal.h:17,
                 from c:\perfecttuning\projet\lvgl\lvgl.h:20,
                 from ../lv_examples/lv_apps/demo/demo.h:19,
                 from ../lv_examples/lv_apps/demo/demo2.c:12:
c:\ac6\systemworkbench\plugins\fr.ac6.mcu.externaltools.arm-none.win32_1.15.0.201708311556\tools\compiler\arm-none-eabi\include\stdio.h:244:5: note: expected 'char * restrict' but argument is of type 'uint8_t * {aka unsigned char *}'
 int _EXFUN(sprintf, (char *__restrict, const char *__restrict, ...)
     ^
../lv_examples/lv_apps/demo/demo2.c:705:10: warning: pointer targets in passing argument 1 of 'strcat' differ in signedness [-Wpointer-sign]
   strcat(canbusString, tempBuf);
          ^~~~~~~~~~~~
In file included from c:\ac6\systemworkbench\plugins\fr.ac6.mcu.externaltools.arm-none.win32_1.15.0.201708311556\tools\compiler\arm-none-eabi\include\string.h:10:0,
                 from c:\perfecttuning\projet\lvgl\lv_misc\lv_area.h:17,
                 from c:\perfecttuning\projet\lvgl\lv_hal/lv_hal_indev.h:21,
                 from c:\perfecttuning\projet\lvgl\lv_hal/lv_hal.h:17,
                 from c:\perfecttuning\projet\lvgl\lvgl.h:20,
                 from ../lv_examples/lv_apps/demo/demo.h:19,
                 from ../lv_examples/lv_apps/demo/demo2.c:12:
c:\ac6\systemworkbench\plugins\fr.ac6.mcu.externaltools.arm-none.win32_1.15.0.201708311556\tools\compiler\arm-none-eabi\include\string.h:30:8: note: expected 'char * restrict' but argument is of type 'uint8_t * {aka unsigned char *}'
 char  *_EXFUN(strcat,(char *__restrict, const char *__restrict));
        ^
../lv_examples/lv_apps/demo/demo2.c:705:24: warning: pointer targets in passing argument 2 of 'strcat' differ in signedness [-Wpointer-sign]
   strcat(canbusString, tempBuf);
                        ^~~~~~~
In file included from c:\ac6\systemworkbench\plugins\fr.ac6.mcu.externaltools.arm-none.win32_1.15.0.201708311556\tools\compiler\arm-none-eabi\include\string.h:10:0,
                 from c:\perfecttuning\projet\lvgl\lv_misc\lv_area.h:17,
                 from c:\perfecttuning\projet\lvgl\lv_hal/lv_hal_indev.h:21,
                 from c:\perfecttuning\projet\lvgl\lv_hal/lv_hal.h:17,
                 from c:\perfecttuning\projet\lvgl\lvgl.h:20,
                 from ../lv_examples/lv_apps/demo/demo.h:19,
                 from ../lv_examples/lv_apps/demo/demo2.c:12:
c:\ac6\systemworkbench\plugins\fr.ac6.mcu.externaltools.arm-none.win32_1.15.0.201708311556\tools\compiler\arm-none-eabi\include\string.h:30:8: note: expected 'const char * restrict' but argument is of type 'uint8_t * {aka unsigned char *}'
 char  *_EXFUN(strcat,(char *__restrict, const char *__restrict));
        ^
../lv_examples/lv_apps/demo/demo2.c:708:10: warning: pointer targets in passing argument 1 of 'sprintf' differ in signedness [-Wpointer-sign]
  sprintf(tempBuf, "[%d]\n", data[i]);
          ^~~~~~~
In file included from c:\ac6\systemworkbench\plugins\fr.ac6.mcu.externaltools.arm-none.win32_1.15.0.201708311556\tools\compiler\arm-none-eabi\include\string.h:10:0,
                 from c:\perfecttuning\projet\lvgl\lv_misc\lv_area.h:17,
                 from c:\perfecttuning\projet\lvgl\lv_hal/lv_hal_indev.h:21,
                 from c:\perfecttuning\projet\lvgl\lv_hal/lv_hal.h:17,
                 from c:\perfecttuning\projet\lvgl\lvgl.h:20,
                 from ../lv_examples/lv_apps/demo/demo.h:19,
                 from ../lv_examples/lv_apps/demo/demo2.c:12:
c:\ac6\systemworkbench\plugins\fr.ac6.mcu.externaltools.arm-none.win32_1.15.0.201708311556\tools\compiler\arm-none-eabi\include\stdio.h:244:5: note: expected 'char * restrict' but argument is of type 'uint8_t * {aka unsigned char *}'
 int _EXFUN(sprintf, (char *__restrict, const char *__restrict, ...)
     ^
../lv_examples/lv_apps/demo/demo2.c:709:9: warning: pointer targets in passing argument 1 of 'strcat' differ in signedness [-Wpointer-sign]
  strcat(canbusString, tempBuf);
         ^~~~~~~~~~~~
In file included from c:\ac6\systemworkbench\plugins\fr.ac6.mcu.externaltools.arm-none.win32_1.15.0.201708311556\tools\compiler\arm-none-eabi\include\string.h:10:0,
                 from c:\perfecttuning\projet\lvgl\lv_misc\lv_area.h:17,
                 from c:\perfecttuning\projet\lvgl\lv_hal/lv_hal_indev.h:21,
                 from c:\perfecttuning\projet\lvgl\lv_hal/lv_hal.h:17,
                 from c:\perfecttuning\projet\lvgl\lvgl.h:20,
                 from ../lv_examples/lv_apps/demo/demo.h:19,
                 from ../lv_examples/lv_apps/demo/demo2.c:12:
c:\ac6\systemworkbench\plugins\fr.ac6.mcu.externaltools.arm-none.win32_1.15.0.201708311556\tools\compiler\arm-none-eabi\include\string.h:30:8: note: expected 'char * restrict' but argument is of type 'uint8_t * {aka unsigned char *}'
 char  *_EXFUN(strcat,(char *__restrict, const char *__restrict));
        ^
../lv_examples/lv_apps/demo/demo2.c:709:23: warning: pointer targets in passing argument 2 of 'strcat' differ in signedness [-Wpointer-sign]
  strcat(canbusString, tempBuf);
                       ^~~~~~~
In file included from c:\ac6\systemworkbench\plugins\fr.ac6.mcu.externaltools.arm-none.win32_1.15.0.201708311556\tools\compiler\arm-none-eabi\include\string.h:10:0,
                 from c:\perfecttuning\projet\lvgl\lv_misc\lv_area.h:17,
                 from c:\perfecttuning\projet\lvgl\lv_hal/lv_hal_indev.h:21,
                 from c:\perfecttuning\projet\lvgl\lv_hal/lv_hal.h:17,
                 from c:\perfecttuning\projet\lvgl\lvgl.h:20,
                 from ../lv_examples/lv_apps/demo/demo.h:19,
                 from ../lv_examples/lv_apps/demo/demo2.c:12:
c:\ac6\systemworkbench\plugins\fr.ac6.mcu.externaltools.arm-none.win32_1.15.0.201708311556\tools\compiler\arm-none-eabi\include\string.h:30:8: note: expected 'const char * restrict' but argument is of type 'uint8_t * {aka unsigned char *}'
 char  *_EXFUN(strcat,(char *__restrict, const char *__restrict));
        ^
../lv_examples/lv_apps/demo/demo2.c: In function 'click_home':
../lv_examples/lv_apps/demo/demo2.c:732:1: warning: no return statement in function returning non-void [-Wreturn-type]
 }
 ^
../lv_examples/lv_apps/demo/demo2.c: In function 'click_menu_PARAM':
../lv_examples/lv_apps/demo/demo2.c:744:1: warning: no return statement in function returning non-void [-Wreturn-type]
 }
 ^
../lv_examples/lv_apps/demo/demo2.c: In function 'action_switch_LED':
../lv_examples/lv_apps/demo/demo2.c:788:3: warning: implicit declaration of function 'set_leds' [-Wimplicit-function-declaration]
   set_leds();
   ^~~~~~~~
../lv_examples/lv_apps/demo/demo2.c: At top level:
../lv_examples/lv_apps/demo/demo2.c:815:6: warning: conflicting types for 'set_leds'
 void set_leds()
      ^~~~~~~~
../lv_examples/lv_apps/demo/demo2.c:788:3: note: previous implicit declaration of 'set_leds' was here
   set_leds();
   ^~~~~~~~
../lv_examples/lv_apps/demo/demo2.c:747:17: warning: 'click_Parametres_DEL' defined but not used [-Wunused-function]
 static lv_res_t click_Parametres_DEL(lv_obj_t * child)
                 ^~~~~~~~~~~~~~~~~~~~
Finished building: ../lv_examples/lv_apps/demo/demo2.c
 
Building target: Projet.elf
Invoking: MCU GCC Linker
arm-none-eabi-gcc -mcpu=cortex-m7 -mthumb -mfloat-abi=hard -mfpu=fpv5-d16 -L"C:\PerfectTuning\Projet\Debug\lvgl\lv_objx" -L"C:\PerfectTuning\Projet\lv_examples" -L"C:\PerfectTuning\Projet\Drivers\BSP" -specs=nosys.specs -specs=nano.specs -T"../STM32F769NIHx_FLASH.ld" -Wl,-Map=output.map -Wl,--gc-sections -o "Projet.elf" @"objects.list"   -lm
Finished building target: Projet.elf
 
make --no-print-directory post-build
Generating binary and Printing size information:
arm-none-eabi-objcopy -O binary "Projet.elf" "Projet.bin"
arm-none-eabi-size "Projet.elf"
   text	   data	    bss	    dec	    hex	filename
2031812	    656	 212144	2244612	 224004	Projet.elf
 
16:19:49 **** Incremental Build of configuration Debug for project Projet ****
make -j all 
Building file: ../lv_examples/lv_apps/demo/demo2.c
Invoking: MCU GCC Compiler
C:\PerfectTuning\Projet\Debug
arm-none-eabi-gcc -mcpu=cortex-m7 -mthumb -mfloat-abi=hard -mfpu=fpv5-d16 '-D__weak=__attribute__((weak))' '-D__packed=__attribute__((__packed__))' -DUSE_HAL_DRIVER -DSTM32F769xx -I"C:/PerfectTuning/Projet/Inc" -I"C:/PerfectTuning/Projet/Drivers/STM32F7xx_HAL_Driver/Inc" -I"C:/PerfectTuning/Projet/Drivers/STM32F7xx_HAL_Driver/Inc/Legacy" -I"C:/PerfectTuning/Projet/Drivers/CMSIS/Device/ST/STM32F7xx/Include" -I"C:/PerfectTuning/Projet/Drivers/CMSIS/Include" -I"C:/PerfectTuning/Projet" -I"C:/PerfectTuning/Projet/lv_examples" -I"C:/PerfectTuning/Projet/Drivers/BSP/Components" -I"C:/PerfectTuning/Projet/Drivers/BSP/STM32F769I-Discovery" -I"C:/PerfectTuning/Projet/Utilities/Fonts" -I"C:/PerfectTuning/Projet/Drivers"  -O0 -g3 -Wall -fmessage-length=0 -ffunction-sections -c -fmessage-length=0 -MMD -MP -MF"lv_examples/lv_apps/demo/demo2.d" -MT"lv_examples/lv_apps/demo/demo2.o" -o "lv_examples/lv_apps/demo/demo2.o" "../lv_examples/lv_apps/demo/demo2.c"
../lv_examples/lv_apps/demo/demo2.c: In function 'demo2_create':
../lv_examples/lv_apps/demo/demo2.c:199:2: warning: implicit declaration of function 'Principale' [-Wimplicit-function-declaration]
  Principale();
  ^~~~~~~~~~
../lv_examples/lv_apps/demo/demo2.c: At top level:
../lv_examples/lv_apps/demo/demo2.c:203:6: warning: conflicting types for 'Principale'
 void Principale ()
      ^~~~~~~~~~
../lv_examples/lv_apps/demo/demo2.c:199:2: note: previous implicit declaration of 'Principale' was here
  Principale();
  ^~~~~~~~~~
../lv_examples/lv_apps/demo/demo2.c: In function 'Principale':
../lv_examples/lv_apps/demo/demo2.c:221:37: warning: statement with no effect [-Wunused-value]
   tv_Princ->style_p->body.main_color.red;
   ~~~~~~~~~~~~~~~~~~~~~~~~~~~~~~~~~~^~~~
../lv_examples/lv_apps/demo/demo2.c: In function 'sw_master_slave':
../lv_examples/lv_apps/demo/demo2.c:686:1: warning: no return statement in function returning non-void [-Wreturn-type]
 }
 ^
../lv_examples/lv_apps/demo/demo2.c: In function 'click_Parametres':
../lv_examples/lv_apps/demo/demo2.c:695:1: warning: no return statement in function returning non-void [-Wreturn-type]
 }
 ^
../lv_examples/lv_apps/demo/demo2.c: In function 'afficheCanBus_Data':
../lv_examples/lv_apps/demo/demo2.c:704:11: warning: pointer targets in passing argument 1 of 'sprintf' differ in signedness [-Wpointer-sign]
   sprintf(tempBuf, "[%d],", data[i]);
           ^~~~~~~
In file included from c:\ac6\systemworkbench\plugins\fr.ac6.mcu.externaltools.arm-none.win32_1.15.0.201708311556\tools\compiler\arm-none-eabi\include\string.h:10:0,
                 from c:\perfecttuning\projet\lvgl\lv_misc\lv_area.h:17,
                 from c:\perfecttuning\projet\lvgl\lv_hal/lv_hal_indev.h:21,
                 from c:\perfecttuning\projet\lvgl\lv_hal/lv_hal.h:17,
                 from c:\perfecttuning\projet\lvgl\lvgl.h:20,
                 from ../lv_examples/lv_apps/demo/demo.h:19,
                 from ../lv_examples/lv_apps/demo/demo2.c:12:
c:\ac6\systemworkbench\plugins\fr.ac6.mcu.externaltools.arm-none.win32_1.15.0.201708311556\tools\compiler\arm-none-eabi\include\stdio.h:244:5: note: expected 'char * restrict' but argument is of type 'uint8_t * {aka unsigned char *}'
 int _EXFUN(sprintf, (char *__restrict, const char *__restrict, ...)
     ^
../lv_examples/lv_apps/demo/demo2.c:705:10: warning: pointer targets in passing argument 1 of 'strcat' differ in signedness [-Wpointer-sign]
   strcat(canbusString, tempBuf);
          ^~~~~~~~~~~~
In file included from c:\ac6\systemworkbench\plugins\fr.ac6.mcu.externaltools.arm-none.win32_1.15.0.201708311556\tools\compiler\arm-none-eabi\include\string.h:10:0,
                 from c:\perfecttuning\projet\lvgl\lv_misc\lv_area.h:17,
                 from c:\perfecttuning\projet\lvgl\lv_hal/lv_hal_indev.h:21,
                 from c:\perfecttuning\projet\lvgl\lv_hal/lv_hal.h:17,
                 from c:\perfecttuning\projet\lvgl\lvgl.h:20,
                 from ../lv_examples/lv_apps/demo/demo.h:19,
                 from ../lv_examples/lv_apps/demo/demo2.c:12:
c:\ac6\systemworkbench\plugins\fr.ac6.mcu.externaltools.arm-none.win32_1.15.0.201708311556\tools\compiler\arm-none-eabi\include\string.h:30:8: note: expected 'char * restrict' but argument is of type 'uint8_t * {aka unsigned char *}'
 char  *_EXFUN(strcat,(char *__restrict, const char *__restrict));
        ^
../lv_examples/lv_apps/demo/demo2.c:705:24: warning: pointer targets in passing argument 2 of 'strcat' differ in signedness [-Wpointer-sign]
   strcat(canbusString, tempBuf);
                        ^~~~~~~
In file included from c:\ac6\systemworkbench\plugins\fr.ac6.mcu.externaltools.arm-none.win32_1.15.0.201708311556\tools\compiler\arm-none-eabi\include\string.h:10:0,
                 from c:\perfecttuning\projet\lvgl\lv_misc\lv_area.h:17,
                 from c:\perfecttuning\projet\lvgl\lv_hal/lv_hal_indev.h:21,
                 from c:\perfecttuning\projet\lvgl\lv_hal/lv_hal.h:17,
                 from c:\perfecttuning\projet\lvgl\lvgl.h:20,
                 from ../lv_examples/lv_apps/demo/demo.h:19,
                 from ../lv_examples/lv_apps/demo/demo2.c:12:
c:\ac6\systemworkbench\plugins\fr.ac6.mcu.externaltools.arm-none.win32_1.15.0.201708311556\tools\compiler\arm-none-eabi\include\string.h:30:8: note: expected 'const char * restrict' but argument is of type 'uint8_t * {aka unsigned char *}'
 char  *_EXFUN(strcat,(char *__restrict, const char *__restrict));
        ^
../lv_examples/lv_apps/demo/demo2.c:708:10: warning: pointer targets in passing argument 1 of 'sprintf' differ in signedness [-Wpointer-sign]
  sprintf(tempBuf, "[%d]\n", data[i]);
          ^~~~~~~
In file included from c:\ac6\systemworkbench\plugins\fr.ac6.mcu.externaltools.arm-none.win32_1.15.0.201708311556\tools\compiler\arm-none-eabi\include\string.h:10:0,
                 from c:\perfecttuning\projet\lvgl\lv_misc\lv_area.h:17,
                 from c:\perfecttuning\projet\lvgl\lv_hal/lv_hal_indev.h:21,
                 from c:\perfecttuning\projet\lvgl\lv_hal/lv_hal.h:17,
                 from c:\perfecttuning\projet\lvgl\lvgl.h:20,
                 from ../lv_examples/lv_apps/demo/demo.h:19,
                 from ../lv_examples/lv_apps/demo/demo2.c:12:
c:\ac6\systemworkbench\plugins\fr.ac6.mcu.externaltools.arm-none.win32_1.15.0.201708311556\tools\compiler\arm-none-eabi\include\stdio.h:244:5: note: expected 'char * restrict' but argument is of type 'uint8_t * {aka unsigned char *}'
 int _EXFUN(sprintf, (char *__restrict, const char *__restrict, ...)
     ^
../lv_examples/lv_apps/demo/demo2.c:709:9: warning: pointer targets in passing argument 1 of 'strcat' differ in signedness [-Wpointer-sign]
  strcat(canbusString, tempBuf);
         ^~~~~~~~~~~~
In file included from c:\ac6\systemworkbench\plugins\fr.ac6.mcu.externaltools.arm-none.win32_1.15.0.201708311556\tools\compiler\arm-none-eabi\include\string.h:10:0,
                 from c:\perfecttuning\projet\lvgl\lv_misc\lv_area.h:17,
                 from c:\perfecttuning\projet\lvgl\lv_hal/lv_hal_indev.h:21,
                 from c:\perfecttuning\projet\lvgl\lv_hal/lv_hal.h:17,
                 from c:\perfecttuning\projet\lvgl\lvgl.h:20,
                 from ../lv_examples/lv_apps/demo/demo.h:19,
                 from ../lv_examples/lv_apps/demo/demo2.c:12:
c:\ac6\systemworkbench\plugins\fr.ac6.mcu.externaltools.arm-none.win32_1.15.0.201708311556\tools\compiler\arm-none-eabi\include\string.h:30:8: note: expected 'char * restrict' but argument is of type 'uint8_t * {aka unsigned char *}'
 char  *_EXFUN(strcat,(char *__restrict, const char *__restrict));
        ^
../lv_examples/lv_apps/demo/demo2.c:709:23: warning: pointer targets in passing argument 2 of 'strcat' differ in signedness [-Wpointer-sign]
  strcat(canbusString, tempBuf);
                       ^~~~~~~
In file included from c:\ac6\systemworkbench\plugins\fr.ac6.mcu.externaltools.arm-none.win32_1.15.0.201708311556\tools\compiler\arm-none-eabi\include\string.h:10:0,
                 from c:\perfecttuning\projet\lvgl\lv_misc\lv_area.h:17,
                 from c:\perfecttuning\projet\lvgl\lv_hal/lv_hal_indev.h:21,
                 from c:\perfecttuning\projet\lvgl\lv_hal/lv_hal.h:17,
                 from c:\perfecttuning\projet\lvgl\lvgl.h:20,
                 from ../lv_examples/lv_apps/demo/demo.h:19,
                 from ../lv_examples/lv_apps/demo/demo2.c:12:
c:\ac6\systemworkbench\plugins\fr.ac6.mcu.externaltools.arm-none.win32_1.15.0.201708311556\tools\compiler\arm-none-eabi\include\string.h:30:8: note: expected 'const char * restrict' but argument is of type 'uint8_t * {aka unsigned char *}'
 char  *_EXFUN(strcat,(char *__restrict, const char *__restrict));
        ^
../lv_examples/lv_apps/demo/demo2.c: In function 'click_home':
../lv_examples/lv_apps/demo/demo2.c:732:1: warning: no return statement in function returning non-void [-Wreturn-type]
 }
 ^
../lv_examples/lv_apps/demo/demo2.c: In function 'click_menu_PARAM':
../lv_examples/lv_apps/demo/demo2.c:744:1: warning: no return statement in function returning non-void [-Wreturn-type]
 }
 ^
../lv_examples/lv_apps/demo/demo2.c: In function 'action_switch_LED':
../lv_examples/lv_apps/demo/demo2.c:788:3: warning: implicit declaration of function 'set_leds' [-Wimplicit-function-declaration]
   set_leds();
   ^~~~~~~~
../lv_examples/lv_apps/demo/demo2.c: At top level:
../lv_examples/lv_apps/demo/demo2.c:815:6: warning: conflicting types for 'set_leds'
 void set_leds()
      ^~~~~~~~
../lv_examples/lv_apps/demo/demo2.c:788:3: note: previous implicit declaration of 'set_leds' was here
   set_leds();
   ^~~~~~~~
../lv_examples/lv_apps/demo/demo2.c:747:17: warning: 'click_Parametres_DEL' defined but not used [-Wunused-function]
 static lv_res_t click_Parametres_DEL(lv_obj_t * child)
                 ^~~~~~~~~~~~~~~~~~~~
Finished building: ../lv_examples/lv_apps/demo/demo2.c
 
Building target: Projet.elf
Invoking: MCU GCC Linker
arm-none-eabi-gcc -mcpu=cortex-m7 -mthumb -mfloat-abi=hard -mfpu=fpv5-d16 -L"C:\PerfectTuning\Projet\Debug\lvgl\lv_objx" -L"C:\PerfectTuning\Projet\lv_examples" -L"C:\PerfectTuning\Projet\Drivers\BSP" -specs=nosys.specs -specs=nano.specs -T"../STM32F769NIHx_FLASH.ld" -Wl,-Map=output.map -Wl,--gc-sections -o "Projet.elf" @"objects.list"   -lm
Finished building target: Projet.elf
 
make --no-print-directory post-build
Generating binary and Printing size information:
arm-none-eabi-objcopy -O binary "Projet.elf" "Projet.bin"
arm-none-eabi-size "Projet.elf"
   text	   data	    bss	    dec	    hex	filename
2031812	    656	 212144	2244612	 224004	Projet.elf
 
16:20:00 **** Incremental Build of configuration Debug for project Projet ****
make -j all 
make: Nothing to be done for 'all'.
16:21:32 **** Build of configuration Debug for project Projet ****
make -j all 
Building file: ../lv_examples/lv_apps/demo/demo2.c
Invoking: MCU GCC Compiler
C:\PerfectTuning\Projet\Debug
arm-none-eabi-gcc -mcpu=cortex-m7 -mthumb -mfloat-abi=hard -mfpu=fpv5-d16 '-D__weak=__attribute__((weak))' '-D__packed=__attribute__((__packed__))' -DUSE_HAL_DRIVER -DSTM32F769xx -I"C:/PerfectTuning/Projet/Inc" -I"C:/PerfectTuning/Projet/Drivers/STM32F7xx_HAL_Driver/Inc" -I"C:/PerfectTuning/Projet/Drivers/STM32F7xx_HAL_Driver/Inc/Legacy" -I"C:/PerfectTuning/Projet/Drivers/CMSIS/Device/ST/STM32F7xx/Include" -I"C:/PerfectTuning/Projet/Drivers/CMSIS/Include" -I"C:/PerfectTuning/Projet" -I"C:/PerfectTuning/Projet/lv_examples" -I"C:/PerfectTuning/Projet/Drivers/BSP/Components" -I"C:/PerfectTuning/Projet/Drivers/BSP/STM32F769I-Discovery" -I"C:/PerfectTuning/Projet/Utilities/Fonts" -I"C:/PerfectTuning/Projet/Drivers"  -O0 -g3 -Wall -fmessage-length=0 -ffunction-sections -c -fmessage-length=0 -MMD -MP -MF"lv_examples/lv_apps/demo/demo2.d" -MT"lv_examples/lv_apps/demo/demo2.o" -o "lv_examples/lv_apps/demo/demo2.o" "../lv_examples/lv_apps/demo/demo2.c"
../lv_examples/lv_apps/demo/demo2.c: In function 'demo2_create':
../lv_examples/lv_apps/demo/demo2.c:199:2: warning: implicit declaration of function 'Principale' [-Wimplicit-function-declaration]
  Principale();
  ^~~~~~~~~~
../lv_examples/lv_apps/demo/demo2.c: At top level:
../lv_examples/lv_apps/demo/demo2.c:203:6: warning: conflicting types for 'Principale'
 void Principale ()
      ^~~~~~~~~~
../lv_examples/lv_apps/demo/demo2.c:199:2: note: previous implicit declaration of 'Principale' was here
  Principale();
  ^~~~~~~~~~
../lv_examples/lv_apps/demo/demo2.c: In function 'Principale':
../lv_examples/lv_apps/demo/demo2.c:221:37: warning: statement with no effect [-Wunused-value]
   tv_Princ->style_p->body.main_color.red;
   ~~~~~~~~~~~~~~~~~~~~~~~~~~~~~~~~~~^~~~
../lv_examples/lv_apps/demo/demo2.c: In function 'sw_master_slave':
../lv_examples/lv_apps/demo/demo2.c:686:1: warning: no return statement in function returning non-void [-Wreturn-type]
 }
 ^
../lv_examples/lv_apps/demo/demo2.c: In function 'click_Parametres':
../lv_examples/lv_apps/demo/demo2.c:695:1: warning: no return statement in function returning non-void [-Wreturn-type]
 }
 ^
../lv_examples/lv_apps/demo/demo2.c: In function 'afficheCanBus_Data':
../lv_examples/lv_apps/demo/demo2.c:704:11: warning: pointer targets in passing argument 1 of 'sprintf' differ in signedness [-Wpointer-sign]
   sprintf(tempBuf, "[%d],", data[i]);
           ^~~~~~~
In file included from c:\ac6\systemworkbench\plugins\fr.ac6.mcu.externaltools.arm-none.win32_1.15.0.201708311556\tools\compiler\arm-none-eabi\include\string.h:10:0,
                 from c:\perfecttuning\projet\lvgl\lv_misc\lv_area.h:17,
                 from c:\perfecttuning\projet\lvgl\lv_hal/lv_hal_indev.h:21,
                 from c:\perfecttuning\projet\lvgl\lv_hal/lv_hal.h:17,
                 from c:\perfecttuning\projet\lvgl\lvgl.h:20,
                 from ../lv_examples/lv_apps/demo/demo.h:19,
                 from ../lv_examples/lv_apps/demo/demo2.c:12:
c:\ac6\systemworkbench\plugins\fr.ac6.mcu.externaltools.arm-none.win32_1.15.0.201708311556\tools\compiler\arm-none-eabi\include\stdio.h:244:5: note: expected 'char * restrict' but argument is of type 'uint8_t * {aka unsigned char *}'
 int _EXFUN(sprintf, (char *__restrict, const char *__restrict, ...)
     ^
../lv_examples/lv_apps/demo/demo2.c:705:10: warning: pointer targets in passing argument 1 of 'strcat' differ in signedness [-Wpointer-sign]
   strcat(canbusString, tempBuf);
          ^~~~~~~~~~~~
In file included from c:\ac6\systemworkbench\plugins\fr.ac6.mcu.externaltools.arm-none.win32_1.15.0.201708311556\tools\compiler\arm-none-eabi\include\string.h:10:0,
                 from c:\perfecttuning\projet\lvgl\lv_misc\lv_area.h:17,
                 from c:\perfecttuning\projet\lvgl\lv_hal/lv_hal_indev.h:21,
                 from c:\perfecttuning\projet\lvgl\lv_hal/lv_hal.h:17,
                 from c:\perfecttuning\projet\lvgl\lvgl.h:20,
                 from ../lv_examples/lv_apps/demo/demo.h:19,
                 from ../lv_examples/lv_apps/demo/demo2.c:12:
c:\ac6\systemworkbench\plugins\fr.ac6.mcu.externaltools.arm-none.win32_1.15.0.201708311556\tools\compiler\arm-none-eabi\include\string.h:30:8: note: expected 'char * restrict' but argument is of type 'uint8_t * {aka unsigned char *}'
 char  *_EXFUN(strcat,(char *__restrict, const char *__restrict));
        ^
../lv_examples/lv_apps/demo/demo2.c:705:24: warning: pointer targets in passing argument 2 of 'strcat' differ in signedness [-Wpointer-sign]
   strcat(canbusString, tempBuf);
                        ^~~~~~~
In file included from c:\ac6\systemworkbench\plugins\fr.ac6.mcu.externaltools.arm-none.win32_1.15.0.201708311556\tools\compiler\arm-none-eabi\include\string.h:10:0,
                 from c:\perfecttuning\projet\lvgl\lv_misc\lv_area.h:17,
                 from c:\perfecttuning\projet\lvgl\lv_hal/lv_hal_indev.h:21,
                 from c:\perfecttuning\projet\lvgl\lv_hal/lv_hal.h:17,
                 from c:\perfecttuning\projet\lvgl\lvgl.h:20,
                 from ../lv_examples/lv_apps/demo/demo.h:19,
                 from ../lv_examples/lv_apps/demo/demo2.c:12:
c:\ac6\systemworkbench\plugins\fr.ac6.mcu.externaltools.arm-none.win32_1.15.0.201708311556\tools\compiler\arm-none-eabi\include\string.h:30:8: note: expected 'const char * restrict' but argument is of type 'uint8_t * {aka unsigned char *}'
 char  *_EXFUN(strcat,(char *__restrict, const char *__restrict));
        ^
../lv_examples/lv_apps/demo/demo2.c:708:10: warning: pointer targets in passing argument 1 of 'sprintf' differ in signedness [-Wpointer-sign]
  sprintf(tempBuf, "[%d]\n", data[i]);
          ^~~~~~~
In file included from c:\ac6\systemworkbench\plugins\fr.ac6.mcu.externaltools.arm-none.win32_1.15.0.201708311556\tools\compiler\arm-none-eabi\include\string.h:10:0,
                 from c:\perfecttuning\projet\lvgl\lv_misc\lv_area.h:17,
                 from c:\perfecttuning\projet\lvgl\lv_hal/lv_hal_indev.h:21,
                 from c:\perfecttuning\projet\lvgl\lv_hal/lv_hal.h:17,
                 from c:\perfecttuning\projet\lvgl\lvgl.h:20,
                 from ../lv_examples/lv_apps/demo/demo.h:19,
                 from ../lv_examples/lv_apps/demo/demo2.c:12:
c:\ac6\systemworkbench\plugins\fr.ac6.mcu.externaltools.arm-none.win32_1.15.0.201708311556\tools\compiler\arm-none-eabi\include\stdio.h:244:5: note: expected 'char * restrict' but argument is of type 'uint8_t * {aka unsigned char *}'
 int _EXFUN(sprintf, (char *__restrict, const char *__restrict, ...)
     ^
../lv_examples/lv_apps/demo/demo2.c:709:9: warning: pointer targets in passing argument 1 of 'strcat' differ in signedness [-Wpointer-sign]
  strcat(canbusString, tempBuf);
         ^~~~~~~~~~~~
In file included from c:\ac6\systemworkbench\plugins\fr.ac6.mcu.externaltools.arm-none.win32_1.15.0.201708311556\tools\compiler\arm-none-eabi\include\string.h:10:0,
                 from c:\perfecttuning\projet\lvgl\lv_misc\lv_area.h:17,
                 from c:\perfecttuning\projet\lvgl\lv_hal/lv_hal_indev.h:21,
                 from c:\perfecttuning\projet\lvgl\lv_hal/lv_hal.h:17,
                 from c:\perfecttuning\projet\lvgl\lvgl.h:20,
                 from ../lv_examples/lv_apps/demo/demo.h:19,
                 from ../lv_examples/lv_apps/demo/demo2.c:12:
c:\ac6\systemworkbench\plugins\fr.ac6.mcu.externaltools.arm-none.win32_1.15.0.201708311556\tools\compiler\arm-none-eabi\include\string.h:30:8: note: expected 'char * restrict' but argument is of type 'uint8_t * {aka unsigned char *}'
 char  *_EXFUN(strcat,(char *__restrict, const char *__restrict));
        ^
../lv_examples/lv_apps/demo/demo2.c:709:23: warning: pointer targets in passing argument 2 of 'strcat' differ in signedness [-Wpointer-sign]
  strcat(canbusString, tempBuf);
                       ^~~~~~~
In file included from c:\ac6\systemworkbench\plugins\fr.ac6.mcu.externaltools.arm-none.win32_1.15.0.201708311556\tools\compiler\arm-none-eabi\include\string.h:10:0,
                 from c:\perfecttuning\projet\lvgl\lv_misc\lv_area.h:17,
                 from c:\perfecttuning\projet\lvgl\lv_hal/lv_hal_indev.h:21,
                 from c:\perfecttuning\projet\lvgl\lv_hal/lv_hal.h:17,
                 from c:\perfecttuning\projet\lvgl\lvgl.h:20,
                 from ../lv_examples/lv_apps/demo/demo.h:19,
                 from ../lv_examples/lv_apps/demo/demo2.c:12:
c:\ac6\systemworkbench\plugins\fr.ac6.mcu.externaltools.arm-none.win32_1.15.0.201708311556\tools\compiler\arm-none-eabi\include\string.h:30:8: note: expected 'const char * restrict' but argument is of type 'uint8_t * {aka unsigned char *}'
 char  *_EXFUN(strcat,(char *__restrict, const char *__restrict));
        ^
../lv_examples/lv_apps/demo/demo2.c: In function 'click_home':
../lv_examples/lv_apps/demo/demo2.c:732:1: warning: no return statement in function returning non-void [-Wreturn-type]
 }
 ^
../lv_examples/lv_apps/demo/demo2.c: In function 'click_menu_PARAM':
../lv_examples/lv_apps/demo/demo2.c:744:1: warning: no return statement in function returning non-void [-Wreturn-type]
 }
 ^
../lv_examples/lv_apps/demo/demo2.c: In function 'action_switch_LED':
../lv_examples/lv_apps/demo/demo2.c:788:3: warning: implicit declaration of function 'set_leds' [-Wimplicit-function-declaration]
   set_leds();
   ^~~~~~~~
../lv_examples/lv_apps/demo/demo2.c: At top level:
../lv_examples/lv_apps/demo/demo2.c:815:6: warning: conflicting types for 'set_leds'
 void set_leds()
      ^~~~~~~~
../lv_examples/lv_apps/demo/demo2.c:788:3: note: previous implicit declaration of 'set_leds' was here
   set_leds();
   ^~~~~~~~
../lv_examples/lv_apps/demo/demo2.c:747:17: warning: 'click_Parametres_DEL' defined but not used [-Wunused-function]
 static lv_res_t click_Parametres_DEL(lv_obj_t * child)
                 ^~~~~~~~~~~~~~~~~~~~
Finished building: ../lv_examples/lv_apps/demo/demo2.c
 
Building target: Projet.elf
Invoking: MCU GCC Linker
arm-none-eabi-gcc -mcpu=cortex-m7 -mthumb -mfloat-abi=hard -mfpu=fpv5-d16 -L"C:\PerfectTuning\Projet\Debug\lvgl\lv_objx" -L"C:\PerfectTuning\Projet\lv_examples" -L"C:\PerfectTuning\Projet\Drivers\BSP" -specs=nosys.specs -specs=nano.specs -T"../STM32F769NIHx_FLASH.ld" -Wl,-Map=output.map -Wl,--gc-sections -o "Projet.elf" @"objects.list"   -lm
Finished building target: Projet.elf
 
make --no-print-directory post-build
Generating binary and Printing size information:
arm-none-eabi-objcopy -O binary "Projet.elf" "Projet.bin"
arm-none-eabi-size "Projet.elf"
   text	   data	    bss	    dec	    hex	filename
2031804	    656	 212144	2244604	 223ffc	Projet.elf
 
16:22:36 **** Incremental Build of configuration Debug for project Projet ****
make -j all 
Building file: ../lv_examples/lv_apps/demo/demo2.c
Invoking: MCU GCC Compiler
C:\PerfectTuning\Projet\Debug
arm-none-eabi-gcc -mcpu=cortex-m7 -mthumb -mfloat-abi=hard -mfpu=fpv5-d16 '-D__weak=__attribute__((weak))' '-D__packed=__attribute__((__packed__))' -DUSE_HAL_DRIVER -DSTM32F769xx -I"C:/PerfectTuning/Projet/Inc" -I"C:/PerfectTuning/Projet/Drivers/STM32F7xx_HAL_Driver/Inc" -I"C:/PerfectTuning/Projet/Drivers/STM32F7xx_HAL_Driver/Inc/Legacy" -I"C:/PerfectTuning/Projet/Drivers/CMSIS/Device/ST/STM32F7xx/Include" -I"C:/PerfectTuning/Projet/Drivers/CMSIS/Include" -I"C:/PerfectTuning/Projet" -I"C:/PerfectTuning/Projet/lv_examples" -I"C:/PerfectTuning/Projet/Drivers/BSP/Components" -I"C:/PerfectTuning/Projet/Drivers/BSP/STM32F769I-Discovery" -I"C:/PerfectTuning/Projet/Utilities/Fonts" -I"C:/PerfectTuning/Projet/Drivers"  -O0 -g3 -Wall -fmessage-length=0 -ffunction-sections -c -fmessage-length=0 -MMD -MP -MF"lv_examples/lv_apps/demo/demo2.d" -MT"lv_examples/lv_apps/demo/demo2.o" -o "lv_examples/lv_apps/demo/demo2.o" "../lv_examples/lv_apps/demo/demo2.c"
../lv_examples/lv_apps/demo/demo2.c: In function 'demo2_create':
../lv_examples/lv_apps/demo/demo2.c:199:2: warning: implicit declaration of function 'Principale' [-Wimplicit-function-declaration]
  Principale();
  ^~~~~~~~~~
../lv_examples/lv_apps/demo/demo2.c: At top level:
../lv_examples/lv_apps/demo/demo2.c:203:6: warning: conflicting types for 'Principale'
 void Principale ()
      ^~~~~~~~~~
../lv_examples/lv_apps/demo/demo2.c:199:2: note: previous implicit declaration of 'Principale' was here
  Principale();
  ^~~~~~~~~~
../lv_examples/lv_apps/demo/demo2.c: In function 'Principale':
../lv_examples/lv_apps/demo/demo2.c:221:37: warning: statement with no effect [-Wunused-value]
   tv_Princ->style_p->body.main_color.red;
   ~~~~~~~~~~~~~~~~~~~~~~~~~~~~~~~~~~^~~~
../lv_examples/lv_apps/demo/demo2.c: In function 'sw_master_slave':
../lv_examples/lv_apps/demo/demo2.c:686:1: warning: no return statement in function returning non-void [-Wreturn-type]
 }
 ^
../lv_examples/lv_apps/demo/demo2.c: In function 'click_Parametres':
../lv_examples/lv_apps/demo/demo2.c:695:1: warning: no return statement in function returning non-void [-Wreturn-type]
 }
 ^
../lv_examples/lv_apps/demo/demo2.c: In function 'afficheCanBus_Data':
../lv_examples/lv_apps/demo/demo2.c:704:11: warning: pointer targets in passing argument 1 of 'sprintf' differ in signedness [-Wpointer-sign]
   sprintf(tempBuf, "[%d],", data[i]);
           ^~~~~~~
In file included from c:\ac6\systemworkbench\plugins\fr.ac6.mcu.externaltools.arm-none.win32_1.15.0.201708311556\tools\compiler\arm-none-eabi\include\string.h:10:0,
                 from c:\perfecttuning\projet\lvgl\lv_misc\lv_area.h:17,
                 from c:\perfecttuning\projet\lvgl\lv_hal/lv_hal_indev.h:21,
                 from c:\perfecttuning\projet\lvgl\lv_hal/lv_hal.h:17,
                 from c:\perfecttuning\projet\lvgl\lvgl.h:20,
                 from ../lv_examples/lv_apps/demo/demo.h:19,
                 from ../lv_examples/lv_apps/demo/demo2.c:12:
c:\ac6\systemworkbench\plugins\fr.ac6.mcu.externaltools.arm-none.win32_1.15.0.201708311556\tools\compiler\arm-none-eabi\include\stdio.h:244:5: note: expected 'char * restrict' but argument is of type 'uint8_t * {aka unsigned char *}'
 int _EXFUN(sprintf, (char *__restrict, const char *__restrict, ...)
     ^
../lv_examples/lv_apps/demo/demo2.c:705:10: warning: pointer targets in passing argument 1 of 'strcat' differ in signedness [-Wpointer-sign]
   strcat(canbusString, tempBuf);
          ^~~~~~~~~~~~
In file included from c:\ac6\systemworkbench\plugins\fr.ac6.mcu.externaltools.arm-none.win32_1.15.0.201708311556\tools\compiler\arm-none-eabi\include\string.h:10:0,
                 from c:\perfecttuning\projet\lvgl\lv_misc\lv_area.h:17,
                 from c:\perfecttuning\projet\lvgl\lv_hal/lv_hal_indev.h:21,
                 from c:\perfecttuning\projet\lvgl\lv_hal/lv_hal.h:17,
                 from c:\perfecttuning\projet\lvgl\lvgl.h:20,
                 from ../lv_examples/lv_apps/demo/demo.h:19,
                 from ../lv_examples/lv_apps/demo/demo2.c:12:
c:\ac6\systemworkbench\plugins\fr.ac6.mcu.externaltools.arm-none.win32_1.15.0.201708311556\tools\compiler\arm-none-eabi\include\string.h:30:8: note: expected 'char * restrict' but argument is of type 'uint8_t * {aka unsigned char *}'
 char  *_EXFUN(strcat,(char *__restrict, const char *__restrict));
        ^
../lv_examples/lv_apps/demo/demo2.c:705:24: warning: pointer targets in passing argument 2 of 'strcat' differ in signedness [-Wpointer-sign]
   strcat(canbusString, tempBuf);
                        ^~~~~~~
In file included from c:\ac6\systemworkbench\plugins\fr.ac6.mcu.externaltools.arm-none.win32_1.15.0.201708311556\tools\compiler\arm-none-eabi\include\string.h:10:0,
                 from c:\perfecttuning\projet\lvgl\lv_misc\lv_area.h:17,
                 from c:\perfecttuning\projet\lvgl\lv_hal/lv_hal_indev.h:21,
                 from c:\perfecttuning\projet\lvgl\lv_hal/lv_hal.h:17,
                 from c:\perfecttuning\projet\lvgl\lvgl.h:20,
                 from ../lv_examples/lv_apps/demo/demo.h:19,
                 from ../lv_examples/lv_apps/demo/demo2.c:12:
c:\ac6\systemworkbench\plugins\fr.ac6.mcu.externaltools.arm-none.win32_1.15.0.201708311556\tools\compiler\arm-none-eabi\include\string.h:30:8: note: expected 'const char * restrict' but argument is of type 'uint8_t * {aka unsigned char *}'
 char  *_EXFUN(strcat,(char *__restrict, const char *__restrict));
        ^
../lv_examples/lv_apps/demo/demo2.c:708:10: warning: pointer targets in passing argument 1 of 'sprintf' differ in signedness [-Wpointer-sign]
  sprintf(tempBuf, "[%d]\n", data[i]);
          ^~~~~~~
In file included from c:\ac6\systemworkbench\plugins\fr.ac6.mcu.externaltools.arm-none.win32_1.15.0.201708311556\tools\compiler\arm-none-eabi\include\string.h:10:0,
                 from c:\perfecttuning\projet\lvgl\lv_misc\lv_area.h:17,
                 from c:\perfecttuning\projet\lvgl\lv_hal/lv_hal_indev.h:21,
                 from c:\perfecttuning\projet\lvgl\lv_hal/lv_hal.h:17,
                 from c:\perfecttuning\projet\lvgl\lvgl.h:20,
                 from ../lv_examples/lv_apps/demo/demo.h:19,
                 from ../lv_examples/lv_apps/demo/demo2.c:12:
c:\ac6\systemworkbench\plugins\fr.ac6.mcu.externaltools.arm-none.win32_1.15.0.201708311556\tools\compiler\arm-none-eabi\include\stdio.h:244:5: note: expected 'char * restrict' but argument is of type 'uint8_t * {aka unsigned char *}'
 int _EXFUN(sprintf, (char *__restrict, const char *__restrict, ...)
     ^
../lv_examples/lv_apps/demo/demo2.c:709:9: warning: pointer targets in passing argument 1 of 'strcat' differ in signedness [-Wpointer-sign]
  strcat(canbusString, tempBuf);
         ^~~~~~~~~~~~
In file included from c:\ac6\systemworkbench\plugins\fr.ac6.mcu.externaltools.arm-none.win32_1.15.0.201708311556\tools\compiler\arm-none-eabi\include\string.h:10:0,
                 from c:\perfecttuning\projet\lvgl\lv_misc\lv_area.h:17,
                 from c:\perfecttuning\projet\lvgl\lv_hal/lv_hal_indev.h:21,
                 from c:\perfecttuning\projet\lvgl\lv_hal/lv_hal.h:17,
                 from c:\perfecttuning\projet\lvgl\lvgl.h:20,
                 from ../lv_examples/lv_apps/demo/demo.h:19,
                 from ../lv_examples/lv_apps/demo/demo2.c:12:
c:\ac6\systemworkbench\plugins\fr.ac6.mcu.externaltools.arm-none.win32_1.15.0.201708311556\tools\compiler\arm-none-eabi\include\string.h:30:8: note: expected 'char * restrict' but argument is of type 'uint8_t * {aka unsigned char *}'
 char  *_EXFUN(strcat,(char *__restrict, const char *__restrict));
        ^
../lv_examples/lv_apps/demo/demo2.c:709:23: warning: pointer targets in passing argument 2 of 'strcat' differ in signedness [-Wpointer-sign]
  strcat(canbusString, tempBuf);
                       ^~~~~~~
In file included from c:\ac6\systemworkbench\plugins\fr.ac6.mcu.externaltools.arm-none.win32_1.15.0.201708311556\tools\compiler\arm-none-eabi\include\string.h:10:0,
                 from c:\perfecttuning\projet\lvgl\lv_misc\lv_area.h:17,
                 from c:\perfecttuning\projet\lvgl\lv_hal/lv_hal_indev.h:21,
                 from c:\perfecttuning\projet\lvgl\lv_hal/lv_hal.h:17,
                 from c:\perfecttuning\projet\lvgl\lvgl.h:20,
                 from ../lv_examples/lv_apps/demo/demo.h:19,
                 from ../lv_examples/lv_apps/demo/demo2.c:12:
c:\ac6\systemworkbench\plugins\fr.ac6.mcu.externaltools.arm-none.win32_1.15.0.201708311556\tools\compiler\arm-none-eabi\include\string.h:30:8: note: expected 'const char * restrict' but argument is of type 'uint8_t * {aka unsigned char *}'
 char  *_EXFUN(strcat,(char *__restrict, const char *__restrict));
        ^
../lv_examples/lv_apps/demo/demo2.c: In function 'click_home':
../lv_examples/lv_apps/demo/demo2.c:732:1: warning: no return statement in function returning non-void [-Wreturn-type]
 }
 ^
../lv_examples/lv_apps/demo/demo2.c: In function 'click_menu_PARAM':
../lv_examples/lv_apps/demo/demo2.c:744:1: warning: no return statement in function returning non-void [-Wreturn-type]
 }
 ^
../lv_examples/lv_apps/demo/demo2.c: In function 'action_switch_LED':
../lv_examples/lv_apps/demo/demo2.c:788:3: warning: implicit declaration of function 'set_leds' [-Wimplicit-function-declaration]
   set_leds();
   ^~~~~~~~
../lv_examples/lv_apps/demo/demo2.c: At top level:
../lv_examples/lv_apps/demo/demo2.c:815:6: warning: conflicting types for 'set_leds'
 void set_leds()
      ^~~~~~~~
../lv_examples/lv_apps/demo/demo2.c:788:3: note: previous implicit declaration of 'set_leds' was here
   set_leds();
   ^~~~~~~~
../lv_examples/lv_apps/demo/demo2.c:747:17: warning: 'click_Parametres_DEL' defined but not used [-Wunused-function]
 static lv_res_t click_Parametres_DEL(lv_obj_t * child)
                 ^~~~~~~~~~~~~~~~~~~~
Finished building: ../lv_examples/lv_apps/demo/demo2.c
 
Building target: Projet.elf
Invoking: MCU GCC Linker
arm-none-eabi-gcc -mcpu=cortex-m7 -mthumb -mfloat-abi=hard -mfpu=fpv5-d16 -L"C:\PerfectTuning\Projet\Debug\lvgl\lv_objx" -L"C:\PerfectTuning\Projet\lv_examples" -L"C:\PerfectTuning\Projet\Drivers\BSP" -specs=nosys.specs -specs=nano.specs -T"../STM32F769NIHx_FLASH.ld" -Wl,-Map=output.map -Wl,--gc-sections -o "Projet.elf" @"objects.list"   -lm
Finished building target: Projet.elf
 
make --no-print-directory post-build
Generating binary and Printing size information:
arm-none-eabi-objcopy -O binary "Projet.elf" "Projet.bin"
arm-none-eabi-size "Projet.elf"
   text	   data	    bss	    dec	    hex	filename
2031804	    656	 212144	2244604	 223ffc	Projet.elf
 
16:23:52 **** Incremental Build of configuration Debug for project Projet ****
make -j all 
Building file: ../lv_examples/lv_apps/demo/demo2.c
Invoking: MCU GCC Compiler
C:\PerfectTuning\Projet\Debug
arm-none-eabi-gcc -mcpu=cortex-m7 -mthumb -mfloat-abi=hard -mfpu=fpv5-d16 '-D__weak=__attribute__((weak))' '-D__packed=__attribute__((__packed__))' -DUSE_HAL_DRIVER -DSTM32F769xx -I"C:/PerfectTuning/Projet/Inc" -I"C:/PerfectTuning/Projet/Drivers/STM32F7xx_HAL_Driver/Inc" -I"C:/PerfectTuning/Projet/Drivers/STM32F7xx_HAL_Driver/Inc/Legacy" -I"C:/PerfectTuning/Projet/Drivers/CMSIS/Device/ST/STM32F7xx/Include" -I"C:/PerfectTuning/Projet/Drivers/CMSIS/Include" -I"C:/PerfectTuning/Projet" -I"C:/PerfectTuning/Projet/lv_examples" -I"C:/PerfectTuning/Projet/Drivers/BSP/Components" -I"C:/PerfectTuning/Projet/Drivers/BSP/STM32F769I-Discovery" -I"C:/PerfectTuning/Projet/Utilities/Fonts" -I"C:/PerfectTuning/Projet/Drivers"  -O0 -g3 -Wall -fmessage-length=0 -ffunction-sections -c -fmessage-length=0 -MMD -MP -MF"lv_examples/lv_apps/demo/demo2.d" -MT"lv_examples/lv_apps/demo/demo2.o" -o "lv_examples/lv_apps/demo/demo2.o" "../lv_examples/lv_apps/demo/demo2.c"
../lv_examples/lv_apps/demo/demo2.c: In function 'demo2_create':
../lv_examples/lv_apps/demo/demo2.c:199:2: warning: implicit declaration of function 'Principale' [-Wimplicit-function-declaration]
  Principale();
  ^~~~~~~~~~
../lv_examples/lv_apps/demo/demo2.c: At top level:
../lv_examples/lv_apps/demo/demo2.c:203:6: warning: conflicting types for 'Principale'
 void Principale ()
      ^~~~~~~~~~
../lv_examples/lv_apps/demo/demo2.c:199:2: note: previous implicit declaration of 'Principale' was here
  Principale();
  ^~~~~~~~~~
../lv_examples/lv_apps/demo/demo2.c: In function 'Principale':
../lv_examples/lv_apps/demo/demo2.c:221:37: warning: statement with no effect [-Wunused-value]
   tv_Princ->style_p->body.main_color.red;
   ~~~~~~~~~~~~~~~~~~~~~~~~~~~~~~~~~~^~~~
../lv_examples/lv_apps/demo/demo2.c: In function 'sw_master_slave':
../lv_examples/lv_apps/demo/demo2.c:686:1: warning: no return statement in function returning non-void [-Wreturn-type]
 }
 ^
../lv_examples/lv_apps/demo/demo2.c: In function 'click_Parametres':
../lv_examples/lv_apps/demo/demo2.c:695:1: warning: no return statement in function returning non-void [-Wreturn-type]
 }
 ^
../lv_examples/lv_apps/demo/demo2.c: In function 'afficheCanBus_Data':
../lv_examples/lv_apps/demo/demo2.c:704:11: warning: pointer targets in passing argument 1 of 'sprintf' differ in signedness [-Wpointer-sign]
   sprintf(tempBuf, "[%d],", data[i]);
           ^~~~~~~
In file included from c:\ac6\systemworkbench\plugins\fr.ac6.mcu.externaltools.arm-none.win32_1.15.0.201708311556\tools\compiler\arm-none-eabi\include\string.h:10:0,
                 from c:\perfecttuning\projet\lvgl\lv_misc\lv_area.h:17,
                 from c:\perfecttuning\projet\lvgl\lv_hal/lv_hal_indev.h:21,
                 from c:\perfecttuning\projet\lvgl\lv_hal/lv_hal.h:17,
                 from c:\perfecttuning\projet\lvgl\lvgl.h:20,
                 from ../lv_examples/lv_apps/demo/demo.h:19,
                 from ../lv_examples/lv_apps/demo/demo2.c:12:
c:\ac6\systemworkbench\plugins\fr.ac6.mcu.externaltools.arm-none.win32_1.15.0.201708311556\tools\compiler\arm-none-eabi\include\stdio.h:244:5: note: expected 'char * restrict' but argument is of type 'uint8_t * {aka unsigned char *}'
 int _EXFUN(sprintf, (char *__restrict, const char *__restrict, ...)
     ^
../lv_examples/lv_apps/demo/demo2.c:705:10: warning: pointer targets in passing argument 1 of 'strcat' differ in signedness [-Wpointer-sign]
   strcat(canbusString, tempBuf);
          ^~~~~~~~~~~~
In file included from c:\ac6\systemworkbench\plugins\fr.ac6.mcu.externaltools.arm-none.win32_1.15.0.201708311556\tools\compiler\arm-none-eabi\include\string.h:10:0,
                 from c:\perfecttuning\projet\lvgl\lv_misc\lv_area.h:17,
                 from c:\perfecttuning\projet\lvgl\lv_hal/lv_hal_indev.h:21,
                 from c:\perfecttuning\projet\lvgl\lv_hal/lv_hal.h:17,
                 from c:\perfecttuning\projet\lvgl\lvgl.h:20,
                 from ../lv_examples/lv_apps/demo/demo.h:19,
                 from ../lv_examples/lv_apps/demo/demo2.c:12:
c:\ac6\systemworkbench\plugins\fr.ac6.mcu.externaltools.arm-none.win32_1.15.0.201708311556\tools\compiler\arm-none-eabi\include\string.h:30:8: note: expected 'char * restrict' but argument is of type 'uint8_t * {aka unsigned char *}'
 char  *_EXFUN(strcat,(char *__restrict, const char *__restrict));
        ^
../lv_examples/lv_apps/demo/demo2.c:705:24: warning: pointer targets in passing argument 2 of 'strcat' differ in signedness [-Wpointer-sign]
   strcat(canbusString, tempBuf);
                        ^~~~~~~
In file included from c:\ac6\systemworkbench\plugins\fr.ac6.mcu.externaltools.arm-none.win32_1.15.0.201708311556\tools\compiler\arm-none-eabi\include\string.h:10:0,
                 from c:\perfecttuning\projet\lvgl\lv_misc\lv_area.h:17,
                 from c:\perfecttuning\projet\lvgl\lv_hal/lv_hal_indev.h:21,
                 from c:\perfecttuning\projet\lvgl\lv_hal/lv_hal.h:17,
                 from c:\perfecttuning\projet\lvgl\lvgl.h:20,
                 from ../lv_examples/lv_apps/demo/demo.h:19,
                 from ../lv_examples/lv_apps/demo/demo2.c:12:
c:\ac6\systemworkbench\plugins\fr.ac6.mcu.externaltools.arm-none.win32_1.15.0.201708311556\tools\compiler\arm-none-eabi\include\string.h:30:8: note: expected 'const char * restrict' but argument is of type 'uint8_t * {aka unsigned char *}'
 char  *_EXFUN(strcat,(char *__restrict, const char *__restrict));
        ^
../lv_examples/lv_apps/demo/demo2.c:708:10: warning: pointer targets in passing argument 1 of 'sprintf' differ in signedness [-Wpointer-sign]
  sprintf(tempBuf, "[%d]\n", data[i]);
          ^~~~~~~
In file included from c:\ac6\systemworkbench\plugins\fr.ac6.mcu.externaltools.arm-none.win32_1.15.0.201708311556\tools\compiler\arm-none-eabi\include\string.h:10:0,
                 from c:\perfecttuning\projet\lvgl\lv_misc\lv_area.h:17,
                 from c:\perfecttuning\projet\lvgl\lv_hal/lv_hal_indev.h:21,
                 from c:\perfecttuning\projet\lvgl\lv_hal/lv_hal.h:17,
                 from c:\perfecttuning\projet\lvgl\lvgl.h:20,
                 from ../lv_examples/lv_apps/demo/demo.h:19,
                 from ../lv_examples/lv_apps/demo/demo2.c:12:
c:\ac6\systemworkbench\plugins\fr.ac6.mcu.externaltools.arm-none.win32_1.15.0.201708311556\tools\compiler\arm-none-eabi\include\stdio.h:244:5: note: expected 'char * restrict' but argument is of type 'uint8_t * {aka unsigned char *}'
 int _EXFUN(sprintf, (char *__restrict, const char *__restrict, ...)
     ^
../lv_examples/lv_apps/demo/demo2.c:709:9: warning: pointer targets in passing argument 1 of 'strcat' differ in signedness [-Wpointer-sign]
  strcat(canbusString, tempBuf);
         ^~~~~~~~~~~~
In file included from c:\ac6\systemworkbench\plugins\fr.ac6.mcu.externaltools.arm-none.win32_1.15.0.201708311556\tools\compiler\arm-none-eabi\include\string.h:10:0,
                 from c:\perfecttuning\projet\lvgl\lv_misc\lv_area.h:17,
                 from c:\perfecttuning\projet\lvgl\lv_hal/lv_hal_indev.h:21,
                 from c:\perfecttuning\projet\lvgl\lv_hal/lv_hal.h:17,
                 from c:\perfecttuning\projet\lvgl\lvgl.h:20,
                 from ../lv_examples/lv_apps/demo/demo.h:19,
                 from ../lv_examples/lv_apps/demo/demo2.c:12:
c:\ac6\systemworkbench\plugins\fr.ac6.mcu.externaltools.arm-none.win32_1.15.0.201708311556\tools\compiler\arm-none-eabi\include\string.h:30:8: note: expected 'char * restrict' but argument is of type 'uint8_t * {aka unsigned char *}'
 char  *_EXFUN(strcat,(char *__restrict, const char *__restrict));
        ^
../lv_examples/lv_apps/demo/demo2.c:709:23: warning: pointer targets in passing argument 2 of 'strcat' differ in signedness [-Wpointer-sign]
  strcat(canbusString, tempBuf);
                       ^~~~~~~
In file included from c:\ac6\systemworkbench\plugins\fr.ac6.mcu.externaltools.arm-none.win32_1.15.0.201708311556\tools\compiler\arm-none-eabi\include\string.h:10:0,
                 from c:\perfecttuning\projet\lvgl\lv_misc\lv_area.h:17,
                 from c:\perfecttuning\projet\lvgl\lv_hal/lv_hal_indev.h:21,
                 from c:\perfecttuning\projet\lvgl\lv_hal/lv_hal.h:17,
                 from c:\perfecttuning\projet\lvgl\lvgl.h:20,
                 from ../lv_examples/lv_apps/demo/demo.h:19,
                 from ../lv_examples/lv_apps/demo/demo2.c:12:
c:\ac6\systemworkbench\plugins\fr.ac6.mcu.externaltools.arm-none.win32_1.15.0.201708311556\tools\compiler\arm-none-eabi\include\string.h:30:8: note: expected 'const char * restrict' but argument is of type 'uint8_t * {aka unsigned char *}'
 char  *_EXFUN(strcat,(char *__restrict, const char *__restrict));
        ^
../lv_examples/lv_apps/demo/demo2.c: In function 'click_home':
../lv_examples/lv_apps/demo/demo2.c:732:1: warning: no return statement in function returning non-void [-Wreturn-type]
 }
 ^
../lv_examples/lv_apps/demo/demo2.c: In function 'click_menu_PARAM':
../lv_examples/lv_apps/demo/demo2.c:744:1: warning: no return statement in function returning non-void [-Wreturn-type]
 }
 ^
../lv_examples/lv_apps/demo/demo2.c: In function 'action_switch_LED':
../lv_examples/lv_apps/demo/demo2.c:788:3: warning: implicit declaration of function 'set_leds' [-Wimplicit-function-declaration]
   set_leds();
   ^~~~~~~~
../lv_examples/lv_apps/demo/demo2.c: At top level:
../lv_examples/lv_apps/demo/demo2.c:815:6: warning: conflicting types for 'set_leds'
 void set_leds()
      ^~~~~~~~
../lv_examples/lv_apps/demo/demo2.c:788:3: note: previous implicit declaration of 'set_leds' was here
   set_leds();
   ^~~~~~~~
../lv_examples/lv_apps/demo/demo2.c:747:17: warning: 'click_Parametres_DEL' defined but not used [-Wunused-function]
 static lv_res_t click_Parametres_DEL(lv_obj_t * child)
                 ^~~~~~~~~~~~~~~~~~~~
Finished building: ../lv_examples/lv_apps/demo/demo2.c
 
Building target: Projet.elf
Invoking: MCU GCC Linker
arm-none-eabi-gcc -mcpu=cortex-m7 -mthumb -mfloat-abi=hard -mfpu=fpv5-d16 -L"C:\PerfectTuning\Projet\Debug\lvgl\lv_objx" -L"C:\PerfectTuning\Projet\lv_examples" -L"C:\PerfectTuning\Projet\Drivers\BSP" -specs=nosys.specs -specs=nano.specs -T"../STM32F769NIHx_FLASH.ld" -Wl,-Map=output.map -Wl,--gc-sections -o "Projet.elf" @"objects.list"   -lm
Finished building target: Projet.elf
 
make --no-print-directory post-build
Generating binary and Printing size information:
arm-none-eabi-objcopy -O binary "Projet.elf" "Projet.bin"
arm-none-eabi-size "Projet.elf"
   text	   data	    bss	    dec	    hex	filename
2031804	    656	 212144	2244604	 223ffc	Projet.elf
 
16:24:59 **** Incremental Build of configuration Debug for project Projet ****
make -j all 
Building file: ../lv_examples/lv_apps/demo/demo2.c
Invoking: MCU GCC Compiler
C:\PerfectTuning\Projet\Debug
arm-none-eabi-gcc -mcpu=cortex-m7 -mthumb -mfloat-abi=hard -mfpu=fpv5-d16 '-D__weak=__attribute__((weak))' '-D__packed=__attribute__((__packed__))' -DUSE_HAL_DRIVER -DSTM32F769xx -I"C:/PerfectTuning/Projet/Inc" -I"C:/PerfectTuning/Projet/Drivers/STM32F7xx_HAL_Driver/Inc" -I"C:/PerfectTuning/Projet/Drivers/STM32F7xx_HAL_Driver/Inc/Legacy" -I"C:/PerfectTuning/Projet/Drivers/CMSIS/Device/ST/STM32F7xx/Include" -I"C:/PerfectTuning/Projet/Drivers/CMSIS/Include" -I"C:/PerfectTuning/Projet" -I"C:/PerfectTuning/Projet/lv_examples" -I"C:/PerfectTuning/Projet/Drivers/BSP/Components" -I"C:/PerfectTuning/Projet/Drivers/BSP/STM32F769I-Discovery" -I"C:/PerfectTuning/Projet/Utilities/Fonts" -I"C:/PerfectTuning/Projet/Drivers"  -O0 -g3 -Wall -fmessage-length=0 -ffunction-sections -c -fmessage-length=0 -MMD -MP -MF"lv_examples/lv_apps/demo/demo2.d" -MT"lv_examples/lv_apps/demo/demo2.o" -o "lv_examples/lv_apps/demo/demo2.o" "../lv_examples/lv_apps/demo/demo2.c"
../lv_examples/lv_apps/demo/demo2.c: In function 'demo2_create':
../lv_examples/lv_apps/demo/demo2.c:199:2: warning: implicit declaration of function 'Principale' [-Wimplicit-function-declaration]
  Principale();
  ^~~~~~~~~~
../lv_examples/lv_apps/demo/demo2.c: At top level:
../lv_examples/lv_apps/demo/demo2.c:203:6: warning: conflicting types for 'Principale'
 void Principale ()
      ^~~~~~~~~~
../lv_examples/lv_apps/demo/demo2.c:199:2: note: previous implicit declaration of 'Principale' was here
  Principale();
  ^~~~~~~~~~
../lv_examples/lv_apps/demo/demo2.c: In function 'sw_master_slave':
../lv_examples/lv_apps/demo/demo2.c:685:1: warning: no return statement in function returning non-void [-Wreturn-type]
 }
 ^
../lv_examples/lv_apps/demo/demo2.c: In function 'click_Parametres':
../lv_examples/lv_apps/demo/demo2.c:694:1: warning: no return statement in function returning non-void [-Wreturn-type]
 }
 ^
../lv_examples/lv_apps/demo/demo2.c: In function 'afficheCanBus_Data':
../lv_examples/lv_apps/demo/demo2.c:703:11: warning: pointer targets in passing argument 1 of 'sprintf' differ in signedness [-Wpointer-sign]
   sprintf(tempBuf, "[%d],", data[i]);
           ^~~~~~~
In file included from c:\ac6\systemworkbench\plugins\fr.ac6.mcu.externaltools.arm-none.win32_1.15.0.201708311556\tools\compiler\arm-none-eabi\include\string.h:10:0,
                 from c:\perfecttuning\projet\lvgl\lv_misc\lv_area.h:17,
                 from c:\perfecttuning\projet\lvgl\lv_hal/lv_hal_indev.h:21,
                 from c:\perfecttuning\projet\lvgl\lv_hal/lv_hal.h:17,
                 from c:\perfecttuning\projet\lvgl\lvgl.h:20,
                 from ../lv_examples/lv_apps/demo/demo.h:19,
                 from ../lv_examples/lv_apps/demo/demo2.c:12:
c:\ac6\systemworkbench\plugins\fr.ac6.mcu.externaltools.arm-none.win32_1.15.0.201708311556\tools\compiler\arm-none-eabi\include\stdio.h:244:5: note: expected 'char * restrict' but argument is of type 'uint8_t * {aka unsigned char *}'
 int _EXFUN(sprintf, (char *__restrict, const char *__restrict, ...)
     ^
../lv_examples/lv_apps/demo/demo2.c:704:10: warning: pointer targets in passing argument 1 of 'strcat' differ in signedness [-Wpointer-sign]
   strcat(canbusString, tempBuf);
          ^~~~~~~~~~~~
In file included from c:\ac6\systemworkbench\plugins\fr.ac6.mcu.externaltools.arm-none.win32_1.15.0.201708311556\tools\compiler\arm-none-eabi\include\string.h:10:0,
                 from c:\perfecttuning\projet\lvgl\lv_misc\lv_area.h:17,
                 from c:\perfecttuning\projet\lvgl\lv_hal/lv_hal_indev.h:21,
                 from c:\perfecttuning\projet\lvgl\lv_hal/lv_hal.h:17,
                 from c:\perfecttuning\projet\lvgl\lvgl.h:20,
                 from ../lv_examples/lv_apps/demo/demo.h:19,
                 from ../lv_examples/lv_apps/demo/demo2.c:12:
c:\ac6\systemworkbench\plugins\fr.ac6.mcu.externaltools.arm-none.win32_1.15.0.201708311556\tools\compiler\arm-none-eabi\include\string.h:30:8: note: expected 'char * restrict' but argument is of type 'uint8_t * {aka unsigned char *}'
 char  *_EXFUN(strcat,(char *__restrict, const char *__restrict));
        ^
../lv_examples/lv_apps/demo/demo2.c:704:24: warning: pointer targets in passing argument 2 of 'strcat' differ in signedness [-Wpointer-sign]
   strcat(canbusString, tempBuf);
                        ^~~~~~~
In file included from c:\ac6\systemworkbench\plugins\fr.ac6.mcu.externaltools.arm-none.win32_1.15.0.201708311556\tools\compiler\arm-none-eabi\include\string.h:10:0,
                 from c:\perfecttuning\projet\lvgl\lv_misc\lv_area.h:17,
                 from c:\perfecttuning\projet\lvgl\lv_hal/lv_hal_indev.h:21,
                 from c:\perfecttuning\projet\lvgl\lv_hal/lv_hal.h:17,
                 from c:\perfecttuning\projet\lvgl\lvgl.h:20,
                 from ../lv_examples/lv_apps/demo/demo.h:19,
                 from ../lv_examples/lv_apps/demo/demo2.c:12:
c:\ac6\systemworkbench\plugins\fr.ac6.mcu.externaltools.arm-none.win32_1.15.0.201708311556\tools\compiler\arm-none-eabi\include\string.h:30:8: note: expected 'const char * restrict' but argument is of type 'uint8_t * {aka unsigned char *}'
 char  *_EXFUN(strcat,(char *__restrict, const char *__restrict));
        ^
../lv_examples/lv_apps/demo/demo2.c:707:10: warning: pointer targets in passing argument 1 of 'sprintf' differ in signedness [-Wpointer-sign]
  sprintf(tempBuf, "[%d]\n", data[i]);
          ^~~~~~~
In file included from c:\ac6\systemworkbench\plugins\fr.ac6.mcu.externaltools.arm-none.win32_1.15.0.201708311556\tools\compiler\arm-none-eabi\include\string.h:10:0,
                 from c:\perfecttuning\projet\lvgl\lv_misc\lv_area.h:17,
                 from c:\perfecttuning\projet\lvgl\lv_hal/lv_hal_indev.h:21,
                 from c:\perfecttuning\projet\lvgl\lv_hal/lv_hal.h:17,
                 from c:\perfecttuning\projet\lvgl\lvgl.h:20,
                 from ../lv_examples/lv_apps/demo/demo.h:19,
                 from ../lv_examples/lv_apps/demo/demo2.c:12:
c:\ac6\systemworkbench\plugins\fr.ac6.mcu.externaltools.arm-none.win32_1.15.0.201708311556\tools\compiler\arm-none-eabi\include\stdio.h:244:5: note: expected 'char * restrict' but argument is of type 'uint8_t * {aka unsigned char *}'
 int _EXFUN(sprintf, (char *__restrict, const char *__restrict, ...)
     ^
../lv_examples/lv_apps/demo/demo2.c:708:9: warning: pointer targets in passing argument 1 of 'strcat' differ in signedness [-Wpointer-sign]
  strcat(canbusString, tempBuf);
         ^~~~~~~~~~~~
In file included from c:\ac6\systemworkbench\plugins\fr.ac6.mcu.externaltools.arm-none.win32_1.15.0.201708311556\tools\compiler\arm-none-eabi\include\string.h:10:0,
                 from c:\perfecttuning\projet\lvgl\lv_misc\lv_area.h:17,
                 from c:\perfecttuning\projet\lvgl\lv_hal/lv_hal_indev.h:21,
                 from c:\perfecttuning\projet\lvgl\lv_hal/lv_hal.h:17,
                 from c:\perfecttuning\projet\lvgl\lvgl.h:20,
                 from ../lv_examples/lv_apps/demo/demo.h:19,
                 from ../lv_examples/lv_apps/demo/demo2.c:12:
c:\ac6\systemworkbench\plugins\fr.ac6.mcu.externaltools.arm-none.win32_1.15.0.201708311556\tools\compiler\arm-none-eabi\include\string.h:30:8: note: expected 'char * restrict' but argument is of type 'uint8_t * {aka unsigned char *}'
 char  *_EXFUN(strcat,(char *__restrict, const char *__restrict));
        ^
../lv_examples/lv_apps/demo/demo2.c:708:23: warning: pointer targets in passing argument 2 of 'strcat' differ in signedness [-Wpointer-sign]
  strcat(canbusString, tempBuf);
                       ^~~~~~~
In file included from c:\ac6\systemworkbench\plugins\fr.ac6.mcu.externaltools.arm-none.win32_1.15.0.201708311556\tools\compiler\arm-none-eabi\include\string.h:10:0,
                 from c:\perfecttuning\projet\lvgl\lv_misc\lv_area.h:17,
                 from c:\perfecttuning\projet\lvgl\lv_hal/lv_hal_indev.h:21,
                 from c:\perfecttuning\projet\lvgl\lv_hal/lv_hal.h:17,
                 from c:\perfecttuning\projet\lvgl\lvgl.h:20,
                 from ../lv_examples/lv_apps/demo/demo.h:19,
                 from ../lv_examples/lv_apps/demo/demo2.c:12:
c:\ac6\systemworkbench\plugins\fr.ac6.mcu.externaltools.arm-none.win32_1.15.0.201708311556\tools\compiler\arm-none-eabi\include\string.h:30:8: note: expected 'const char * restrict' but argument is of type 'uint8_t * {aka unsigned char *}'
 char  *_EXFUN(strcat,(char *__restrict, const char *__restrict));
        ^
../lv_examples/lv_apps/demo/demo2.c: In function 'click_home':
../lv_examples/lv_apps/demo/demo2.c:731:1: warning: no return statement in function returning non-void [-Wreturn-type]
 }
 ^
../lv_examples/lv_apps/demo/demo2.c: In function 'click_menu_PARAM':
../lv_examples/lv_apps/demo/demo2.c:743:1: warning: no return statement in function returning non-void [-Wreturn-type]
 }
 ^
../lv_examples/lv_apps/demo/demo2.c: In function 'action_switch_LED':
../lv_examples/lv_apps/demo/demo2.c:787:3: warning: implicit declaration of function 'set_leds' [-Wimplicit-function-declaration]
   set_leds();
   ^~~~~~~~
../lv_examples/lv_apps/demo/demo2.c: At top level:
../lv_examples/lv_apps/demo/demo2.c:814:6: warning: conflicting types for 'set_leds'
 void set_leds()
      ^~~~~~~~
../lv_examples/lv_apps/demo/demo2.c:787:3: note: previous implicit declaration of 'set_leds' was here
   set_leds();
   ^~~~~~~~
../lv_examples/lv_apps/demo/demo2.c:746:17: warning: 'click_Parametres_DEL' defined but not used [-Wunused-function]
 static lv_res_t click_Parametres_DEL(lv_obj_t * child)
                 ^~~~~~~~~~~~~~~~~~~~
Finished building: ../lv_examples/lv_apps/demo/demo2.c
 
Building target: Projet.elf
Invoking: MCU GCC Linker
arm-none-eabi-gcc -mcpu=cortex-m7 -mthumb -mfloat-abi=hard -mfpu=fpv5-d16 -L"C:\PerfectTuning\Projet\Debug\lvgl\lv_objx" -L"C:\PerfectTuning\Projet\lv_examples" -L"C:\PerfectTuning\Projet\Drivers\BSP" -specs=nosys.specs -specs=nano.specs -T"../STM32F769NIHx_FLASH.ld" -Wl,-Map=output.map -Wl,--gc-sections -o "Projet.elf" @"objects.list"   -lm
Finished building target: Projet.elf
 
make --no-print-directory post-build
Generating binary and Printing size information:
arm-none-eabi-objcopy -O binary "Projet.elf" "Projet.bin"
arm-none-eabi-size "Projet.elf"
   text	   data	    bss	    dec	    hex	filename
2031744	    656	 212144	2244544	 223fc0	Projet.elf
 
16:26:44 **** Incremental Build of configuration Debug for project Projet ****
make -j all 
Building file: ../lv_examples/lv_apps/demo/demo2.c
Invoking: MCU GCC Compiler
C:\PerfectTuning\Projet\Debug
arm-none-eabi-gcc -mcpu=cortex-m7 -mthumb -mfloat-abi=hard -mfpu=fpv5-d16 '-D__weak=__attribute__((weak))' '-D__packed=__attribute__((__packed__))' -DUSE_HAL_DRIVER -DSTM32F769xx -I"C:/PerfectTuning/Projet/Inc" -I"C:/PerfectTuning/Projet/Drivers/STM32F7xx_HAL_Driver/Inc" -I"C:/PerfectTuning/Projet/Drivers/STM32F7xx_HAL_Driver/Inc/Legacy" -I"C:/PerfectTuning/Projet/Drivers/CMSIS/Device/ST/STM32F7xx/Include" -I"C:/PerfectTuning/Projet/Drivers/CMSIS/Include" -I"C:/PerfectTuning/Projet" -I"C:/PerfectTuning/Projet/lv_examples" -I"C:/PerfectTuning/Projet/Drivers/BSP/Components" -I"C:/PerfectTuning/Projet/Drivers/BSP/STM32F769I-Discovery" -I"C:/PerfectTuning/Projet/Utilities/Fonts" -I"C:/PerfectTuning/Projet/Drivers"  -O0 -g3 -Wall -fmessage-length=0 -ffunction-sections -c -fmessage-length=0 -MMD -MP -MF"lv_examples/lv_apps/demo/demo2.d" -MT"lv_examples/lv_apps/demo/demo2.o" -o "lv_examples/lv_apps/demo/demo2.o" "../lv_examples/lv_apps/demo/demo2.c"
../lv_examples/lv_apps/demo/demo2.c: In function 'demo2_create':
../lv_examples/lv_apps/demo/demo2.c:199:2: warning: implicit declaration of function 'Principale' [-Wimplicit-function-declaration]
  Principale();
  ^~~~~~~~~~
../lv_examples/lv_apps/demo/demo2.c: At top level:
../lv_examples/lv_apps/demo/demo2.c:203:6: warning: conflicting types for 'Principale'
 void Principale ()
      ^~~~~~~~~~
../lv_examples/lv_apps/demo/demo2.c:199:2: note: previous implicit declaration of 'Principale' was here
  Principale();
  ^~~~~~~~~~
../lv_examples/lv_apps/demo/demo2.c: In function 'sw_master_slave':
../lv_examples/lv_apps/demo/demo2.c:686:1: warning: no return statement in function returning non-void [-Wreturn-type]
 }
 ^
../lv_examples/lv_apps/demo/demo2.c: In function 'click_Parametres':
../lv_examples/lv_apps/demo/demo2.c:695:1: warning: no return statement in function returning non-void [-Wreturn-type]
 }
 ^
../lv_examples/lv_apps/demo/demo2.c: In function 'afficheCanBus_Data':
../lv_examples/lv_apps/demo/demo2.c:704:11: warning: pointer targets in passing argument 1 of 'sprintf' differ in signedness [-Wpointer-sign]
   sprintf(tempBuf, "[%d],", data[i]);
           ^~~~~~~
In file included from c:\ac6\systemworkbench\plugins\fr.ac6.mcu.externaltools.arm-none.win32_1.15.0.201708311556\tools\compiler\arm-none-eabi\include\string.h:10:0,
                 from c:\perfecttuning\projet\lvgl\lv_misc\lv_area.h:17,
                 from c:\perfecttuning\projet\lvgl\lv_hal/lv_hal_indev.h:21,
                 from c:\perfecttuning\projet\lvgl\lv_hal/lv_hal.h:17,
                 from c:\perfecttuning\projet\lvgl\lvgl.h:20,
                 from ../lv_examples/lv_apps/demo/demo.h:19,
                 from ../lv_examples/lv_apps/demo/demo2.c:12:
c:\ac6\systemworkbench\plugins\fr.ac6.mcu.externaltools.arm-none.win32_1.15.0.201708311556\tools\compiler\arm-none-eabi\include\stdio.h:244:5: note: expected 'char * restrict' but argument is of type 'uint8_t * {aka unsigned char *}'
 int _EXFUN(sprintf, (char *__restrict, const char *__restrict, ...)
     ^
../lv_examples/lv_apps/demo/demo2.c:705:10: warning: pointer targets in passing argument 1 of 'strcat' differ in signedness [-Wpointer-sign]
   strcat(canbusString, tempBuf);
          ^~~~~~~~~~~~
In file included from c:\ac6\systemworkbench\plugins\fr.ac6.mcu.externaltools.arm-none.win32_1.15.0.201708311556\tools\compiler\arm-none-eabi\include\string.h:10:0,
                 from c:\perfecttuning\projet\lvgl\lv_misc\lv_area.h:17,
                 from c:\perfecttuning\projet\lvgl\lv_hal/lv_hal_indev.h:21,
                 from c:\perfecttuning\projet\lvgl\lv_hal/lv_hal.h:17,
                 from c:\perfecttuning\projet\lvgl\lvgl.h:20,
                 from ../lv_examples/lv_apps/demo/demo.h:19,
                 from ../lv_examples/lv_apps/demo/demo2.c:12:
c:\ac6\systemworkbench\plugins\fr.ac6.mcu.externaltools.arm-none.win32_1.15.0.201708311556\tools\compiler\arm-none-eabi\include\string.h:30:8: note: expected 'char * restrict' but argument is of type 'uint8_t * {aka unsigned char *}'
 char  *_EXFUN(strcat,(char *__restrict, const char *__restrict));
        ^
../lv_examples/lv_apps/demo/demo2.c:705:24: warning: pointer targets in passing argument 2 of 'strcat' differ in signedness [-Wpointer-sign]
   strcat(canbusString, tempBuf);
                        ^~~~~~~
In file included from c:\ac6\systemworkbench\plugins\fr.ac6.mcu.externaltools.arm-none.win32_1.15.0.201708311556\tools\compiler\arm-none-eabi\include\string.h:10:0,
                 from c:\perfecttuning\projet\lvgl\lv_misc\lv_area.h:17,
                 from c:\perfecttuning\projet\lvgl\lv_hal/lv_hal_indev.h:21,
                 from c:\perfecttuning\projet\lvgl\lv_hal/lv_hal.h:17,
                 from c:\perfecttuning\projet\lvgl\lvgl.h:20,
                 from ../lv_examples/lv_apps/demo/demo.h:19,
                 from ../lv_examples/lv_apps/demo/demo2.c:12:
c:\ac6\systemworkbench\plugins\fr.ac6.mcu.externaltools.arm-none.win32_1.15.0.201708311556\tools\compiler\arm-none-eabi\include\string.h:30:8: note: expected 'const char * restrict' but argument is of type 'uint8_t * {aka unsigned char *}'
 char  *_EXFUN(strcat,(char *__restrict, const char *__restrict));
        ^
../lv_examples/lv_apps/demo/demo2.c:708:10: warning: pointer targets in passing argument 1 of 'sprintf' differ in signedness [-Wpointer-sign]
  sprintf(tempBuf, "[%d]\n", data[i]);
          ^~~~~~~
In file included from c:\ac6\systemworkbench\plugins\fr.ac6.mcu.externaltools.arm-none.win32_1.15.0.201708311556\tools\compiler\arm-none-eabi\include\string.h:10:0,
                 from c:\perfecttuning\projet\lvgl\lv_misc\lv_area.h:17,
                 from c:\perfecttuning\projet\lvgl\lv_hal/lv_hal_indev.h:21,
                 from c:\perfecttuning\projet\lvgl\lv_hal/lv_hal.h:17,
                 from c:\perfecttuning\projet\lvgl\lvgl.h:20,
                 from ../lv_examples/lv_apps/demo/demo.h:19,
                 from ../lv_examples/lv_apps/demo/demo2.c:12:
c:\ac6\systemworkbench\plugins\fr.ac6.mcu.externaltools.arm-none.win32_1.15.0.201708311556\tools\compiler\arm-none-eabi\include\stdio.h:244:5: note: expected 'char * restrict' but argument is of type 'uint8_t * {aka unsigned char *}'
 int _EXFUN(sprintf, (char *__restrict, const char *__restrict, ...)
     ^
../lv_examples/lv_apps/demo/demo2.c:709:9: warning: pointer targets in passing argument 1 of 'strcat' differ in signedness [-Wpointer-sign]
  strcat(canbusString, tempBuf);
         ^~~~~~~~~~~~
In file included from c:\ac6\systemworkbench\plugins\fr.ac6.mcu.externaltools.arm-none.win32_1.15.0.201708311556\tools\compiler\arm-none-eabi\include\string.h:10:0,
                 from c:\perfecttuning\projet\lvgl\lv_misc\lv_area.h:17,
                 from c:\perfecttuning\projet\lvgl\lv_hal/lv_hal_indev.h:21,
                 from c:\perfecttuning\projet\lvgl\lv_hal/lv_hal.h:17,
                 from c:\perfecttuning\projet\lvgl\lvgl.h:20,
                 from ../lv_examples/lv_apps/demo/demo.h:19,
                 from ../lv_examples/lv_apps/demo/demo2.c:12:
c:\ac6\systemworkbench\plugins\fr.ac6.mcu.externaltools.arm-none.win32_1.15.0.201708311556\tools\compiler\arm-none-eabi\include\string.h:30:8: note: expected 'char * restrict' but argument is of type 'uint8_t * {aka unsigned char *}'
 char  *_EXFUN(strcat,(char *__restrict, const char *__restrict));
        ^
../lv_examples/lv_apps/demo/demo2.c:709:23: warning: pointer targets in passing argument 2 of 'strcat' differ in signedness [-Wpointer-sign]
  strcat(canbusString, tempBuf);
                       ^~~~~~~
In file included from c:\ac6\systemworkbench\plugins\fr.ac6.mcu.externaltools.arm-none.win32_1.15.0.201708311556\tools\compiler\arm-none-eabi\include\string.h:10:0,
                 from c:\perfecttuning\projet\lvgl\lv_misc\lv_area.h:17,
                 from c:\perfecttuning\projet\lvgl\lv_hal/lv_hal_indev.h:21,
                 from c:\perfecttuning\projet\lvgl\lv_hal/lv_hal.h:17,
                 from c:\perfecttuning\projet\lvgl\lvgl.h:20,
                 from ../lv_examples/lv_apps/demo/demo.h:19,
                 from ../lv_examples/lv_apps/demo/demo2.c:12:
c:\ac6\systemworkbench\plugins\fr.ac6.mcu.externaltools.arm-none.win32_1.15.0.201708311556\tools\compiler\arm-none-eabi\include\string.h:30:8: note: expected 'const char * restrict' but argument is of type 'uint8_t * {aka unsigned char *}'
 char  *_EXFUN(strcat,(char *__restrict, const char *__restrict));
        ^
../lv_examples/lv_apps/demo/demo2.c: In function 'click_home':
../lv_examples/lv_apps/demo/demo2.c:732:1: warning: no return statement in function returning non-void [-Wreturn-type]
 }
 ^
../lv_examples/lv_apps/demo/demo2.c: In function 'click_menu_PARAM':
../lv_examples/lv_apps/demo/demo2.c:744:1: warning: no return statement in function returning non-void [-Wreturn-type]
 }
 ^
../lv_examples/lv_apps/demo/demo2.c: In function 'action_switch_LED':
../lv_examples/lv_apps/demo/demo2.c:788:3: warning: implicit declaration of function 'set_leds' [-Wimplicit-function-declaration]
   set_leds();
   ^~~~~~~~
../lv_examples/lv_apps/demo/demo2.c: At top level:
../lv_examples/lv_apps/demo/demo2.c:815:6: warning: conflicting types for 'set_leds'
 void set_leds()
      ^~~~~~~~
../lv_examples/lv_apps/demo/demo2.c:788:3: note: previous implicit declaration of 'set_leds' was here
   set_leds();
   ^~~~~~~~
../lv_examples/lv_apps/demo/demo2.c:747:17: warning: 'click_Parametres_DEL' defined but not used [-Wunused-function]
 static lv_res_t click_Parametres_DEL(lv_obj_t * child)
                 ^~~~~~~~~~~~~~~~~~~~
Finished building: ../lv_examples/lv_apps/demo/demo2.c
 
Building target: Projet.elf
Invoking: MCU GCC Linker
arm-none-eabi-gcc -mcpu=cortex-m7 -mthumb -mfloat-abi=hard -mfpu=fpv5-d16 -L"C:\PerfectTuning\Projet\Debug\lvgl\lv_objx" -L"C:\PerfectTuning\Projet\lv_examples" -L"C:\PerfectTuning\Projet\Drivers\BSP" -specs=nosys.specs -specs=nano.specs -T"../STM32F769NIHx_FLASH.ld" -Wl,-Map=output.map -Wl,--gc-sections -o "Projet.elf" @"objects.list"   -lm
Finished building target: Projet.elf
 
make --no-print-directory post-build
Generating binary and Printing size information:
arm-none-eabi-objcopy -O binary "Projet.elf" "Projet.bin"
arm-none-eabi-size "Projet.elf"
   text	   data	    bss	    dec	    hex	filename
2031748	    656	 212144	2244548	 223fc4	Projet.elf
 
16:28:09 **** Incremental Build of configuration Debug for project Projet ****
make -j all 
Building file: ../lv_examples/lv_apps/demo/demo2.c
Invoking: MCU GCC Compiler
C:\PerfectTuning\Projet\Debug
arm-none-eabi-gcc -mcpu=cortex-m7 -mthumb -mfloat-abi=hard -mfpu=fpv5-d16 '-D__weak=__attribute__((weak))' '-D__packed=__attribute__((__packed__))' -DUSE_HAL_DRIVER -DSTM32F769xx -I"C:/PerfectTuning/Projet/Inc" -I"C:/PerfectTuning/Projet/Drivers/STM32F7xx_HAL_Driver/Inc" -I"C:/PerfectTuning/Projet/Drivers/STM32F7xx_HAL_Driver/Inc/Legacy" -I"C:/PerfectTuning/Projet/Drivers/CMSIS/Device/ST/STM32F7xx/Include" -I"C:/PerfectTuning/Projet/Drivers/CMSIS/Include" -I"C:/PerfectTuning/Projet" -I"C:/PerfectTuning/Projet/lv_examples" -I"C:/PerfectTuning/Projet/Drivers/BSP/Components" -I"C:/PerfectTuning/Projet/Drivers/BSP/STM32F769I-Discovery" -I"C:/PerfectTuning/Projet/Utilities/Fonts" -I"C:/PerfectTuning/Projet/Drivers"  -O0 -g3 -Wall -fmessage-length=0 -ffunction-sections -c -fmessage-length=0 -MMD -MP -MF"lv_examples/lv_apps/demo/demo2.d" -MT"lv_examples/lv_apps/demo/demo2.o" -o "lv_examples/lv_apps/demo/demo2.o" "../lv_examples/lv_apps/demo/demo2.c"
../lv_examples/lv_apps/demo/demo2.c: In function 'demo2_create':
../lv_examples/lv_apps/demo/demo2.c:199:2: warning: implicit declaration of function 'Principale' [-Wimplicit-function-declaration]
  Principale();
  ^~~~~~~~~~
../lv_examples/lv_apps/demo/demo2.c: At top level:
../lv_examples/lv_apps/demo/demo2.c:203:6: warning: conflicting types for 'Principale'
 void Principale ()
      ^~~~~~~~~~
../lv_examples/lv_apps/demo/demo2.c:199:2: note: previous implicit declaration of 'Principale' was here
  Principale();
  ^~~~~~~~~~
../lv_examples/lv_apps/demo/demo2.c: In function 'sw_master_slave':
../lv_examples/lv_apps/demo/demo2.c:686:1: warning: no return statement in function returning non-void [-Wreturn-type]
 }
 ^
../lv_examples/lv_apps/demo/demo2.c: In function 'click_Parametres':
../lv_examples/lv_apps/demo/demo2.c:695:1: warning: no return statement in function returning non-void [-Wreturn-type]
 }
 ^
../lv_examples/lv_apps/demo/demo2.c: In function 'afficheCanBus_Data':
../lv_examples/lv_apps/demo/demo2.c:704:11: warning: pointer targets in passing argument 1 of 'sprintf' differ in signedness [-Wpointer-sign]
   sprintf(tempBuf, "[%d],", data[i]);
           ^~~~~~~
In file included from c:\ac6\systemworkbench\plugins\fr.ac6.mcu.externaltools.arm-none.win32_1.15.0.201708311556\tools\compiler\arm-none-eabi\include\string.h:10:0,
                 from c:\perfecttuning\projet\lvgl\lv_misc\lv_area.h:17,
                 from c:\perfecttuning\projet\lvgl\lv_hal/lv_hal_indev.h:21,
                 from c:\perfecttuning\projet\lvgl\lv_hal/lv_hal.h:17,
                 from c:\perfecttuning\projet\lvgl\lvgl.h:20,
                 from ../lv_examples/lv_apps/demo/demo.h:19,
                 from ../lv_examples/lv_apps/demo/demo2.c:12:
c:\ac6\systemworkbench\plugins\fr.ac6.mcu.externaltools.arm-none.win32_1.15.0.201708311556\tools\compiler\arm-none-eabi\include\stdio.h:244:5: note: expected 'char * restrict' but argument is of type 'uint8_t * {aka unsigned char *}'
 int _EXFUN(sprintf, (char *__restrict, const char *__restrict, ...)
     ^
../lv_examples/lv_apps/demo/demo2.c:705:10: warning: pointer targets in passing argument 1 of 'strcat' differ in signedness [-Wpointer-sign]
   strcat(canbusString, tempBuf);
          ^~~~~~~~~~~~
In file included from c:\ac6\systemworkbench\plugins\fr.ac6.mcu.externaltools.arm-none.win32_1.15.0.201708311556\tools\compiler\arm-none-eabi\include\string.h:10:0,
                 from c:\perfecttuning\projet\lvgl\lv_misc\lv_area.h:17,
                 from c:\perfecttuning\projet\lvgl\lv_hal/lv_hal_indev.h:21,
                 from c:\perfecttuning\projet\lvgl\lv_hal/lv_hal.h:17,
                 from c:\perfecttuning\projet\lvgl\lvgl.h:20,
                 from ../lv_examples/lv_apps/demo/demo.h:19,
                 from ../lv_examples/lv_apps/demo/demo2.c:12:
c:\ac6\systemworkbench\plugins\fr.ac6.mcu.externaltools.arm-none.win32_1.15.0.201708311556\tools\compiler\arm-none-eabi\include\string.h:30:8: note: expected 'char * restrict' but argument is of type 'uint8_t * {aka unsigned char *}'
 char  *_EXFUN(strcat,(char *__restrict, const char *__restrict));
        ^
../lv_examples/lv_apps/demo/demo2.c:705:24: warning: pointer targets in passing argument 2 of 'strcat' differ in signedness [-Wpointer-sign]
   strcat(canbusString, tempBuf);
                        ^~~~~~~
In file included from c:\ac6\systemworkbench\plugins\fr.ac6.mcu.externaltools.arm-none.win32_1.15.0.201708311556\tools\compiler\arm-none-eabi\include\string.h:10:0,
                 from c:\perfecttuning\projet\lvgl\lv_misc\lv_area.h:17,
                 from c:\perfecttuning\projet\lvgl\lv_hal/lv_hal_indev.h:21,
                 from c:\perfecttuning\projet\lvgl\lv_hal/lv_hal.h:17,
                 from c:\perfecttuning\projet\lvgl\lvgl.h:20,
                 from ../lv_examples/lv_apps/demo/demo.h:19,
                 from ../lv_examples/lv_apps/demo/demo2.c:12:
c:\ac6\systemworkbench\plugins\fr.ac6.mcu.externaltools.arm-none.win32_1.15.0.201708311556\tools\compiler\arm-none-eabi\include\string.h:30:8: note: expected 'const char * restrict' but argument is of type 'uint8_t * {aka unsigned char *}'
 char  *_EXFUN(strcat,(char *__restrict, const char *__restrict));
        ^
../lv_examples/lv_apps/demo/demo2.c:708:10: warning: pointer targets in passing argument 1 of 'sprintf' differ in signedness [-Wpointer-sign]
  sprintf(tempBuf, "[%d]\n", data[i]);
          ^~~~~~~
In file included from c:\ac6\systemworkbench\plugins\fr.ac6.mcu.externaltools.arm-none.win32_1.15.0.201708311556\tools\compiler\arm-none-eabi\include\string.h:10:0,
                 from c:\perfecttuning\projet\lvgl\lv_misc\lv_area.h:17,
                 from c:\perfecttuning\projet\lvgl\lv_hal/lv_hal_indev.h:21,
                 from c:\perfecttuning\projet\lvgl\lv_hal/lv_hal.h:17,
                 from c:\perfecttuning\projet\lvgl\lvgl.h:20,
                 from ../lv_examples/lv_apps/demo/demo.h:19,
                 from ../lv_examples/lv_apps/demo/demo2.c:12:
c:\ac6\systemworkbench\plugins\fr.ac6.mcu.externaltools.arm-none.win32_1.15.0.201708311556\tools\compiler\arm-none-eabi\include\stdio.h:244:5: note: expected 'char * restrict' but argument is of type 'uint8_t * {aka unsigned char *}'
 int _EXFUN(sprintf, (char *__restrict, const char *__restrict, ...)
     ^
../lv_examples/lv_apps/demo/demo2.c:709:9: warning: pointer targets in passing argument 1 of 'strcat' differ in signedness [-Wpointer-sign]
  strcat(canbusString, tempBuf);
         ^~~~~~~~~~~~
In file included from c:\ac6\systemworkbench\plugins\fr.ac6.mcu.externaltools.arm-none.win32_1.15.0.201708311556\tools\compiler\arm-none-eabi\include\string.h:10:0,
                 from c:\perfecttuning\projet\lvgl\lv_misc\lv_area.h:17,
                 from c:\perfecttuning\projet\lvgl\lv_hal/lv_hal_indev.h:21,
                 from c:\perfecttuning\projet\lvgl\lv_hal/lv_hal.h:17,
                 from c:\perfecttuning\projet\lvgl\lvgl.h:20,
                 from ../lv_examples/lv_apps/demo/demo.h:19,
                 from ../lv_examples/lv_apps/demo/demo2.c:12:
c:\ac6\systemworkbench\plugins\fr.ac6.mcu.externaltools.arm-none.win32_1.15.0.201708311556\tools\compiler\arm-none-eabi\include\string.h:30:8: note: expected 'char * restrict' but argument is of type 'uint8_t * {aka unsigned char *}'
 char  *_EXFUN(strcat,(char *__restrict, const char *__restrict));
        ^
../lv_examples/lv_apps/demo/demo2.c:709:23: warning: pointer targets in passing argument 2 of 'strcat' differ in signedness [-Wpointer-sign]
  strcat(canbusString, tempBuf);
                       ^~~~~~~
In file included from c:\ac6\systemworkbench\plugins\fr.ac6.mcu.externaltools.arm-none.win32_1.15.0.201708311556\tools\compiler\arm-none-eabi\include\string.h:10:0,
                 from c:\perfecttuning\projet\lvgl\lv_misc\lv_area.h:17,
                 from c:\perfecttuning\projet\lvgl\lv_hal/lv_hal_indev.h:21,
                 from c:\perfecttuning\projet\lvgl\lv_hal/lv_hal.h:17,
                 from c:\perfecttuning\projet\lvgl\lvgl.h:20,
                 from ../lv_examples/lv_apps/demo/demo.h:19,
                 from ../lv_examples/lv_apps/demo/demo2.c:12:
c:\ac6\systemworkbench\plugins\fr.ac6.mcu.externaltools.arm-none.win32_1.15.0.201708311556\tools\compiler\arm-none-eabi\include\string.h:30:8: note: expected 'const char * restrict' but argument is of type 'uint8_t * {aka unsigned char *}'
 char  *_EXFUN(strcat,(char *__restrict, const char *__restrict));
        ^
../lv_examples/lv_apps/demo/demo2.c: In function 'click_home':
../lv_examples/lv_apps/demo/demo2.c:732:1: warning: no return statement in function returning non-void [-Wreturn-type]
 }
 ^
../lv_examples/lv_apps/demo/demo2.c: In function 'click_menu_PARAM':
../lv_examples/lv_apps/demo/demo2.c:744:1: warning: no return statement in function returning non-void [-Wreturn-type]
 }
 ^
../lv_examples/lv_apps/demo/demo2.c: In function 'action_switch_LED':
../lv_examples/lv_apps/demo/demo2.c:788:3: warning: implicit declaration of function 'set_leds' [-Wimplicit-function-declaration]
   set_leds();
   ^~~~~~~~
../lv_examples/lv_apps/demo/demo2.c: At top level:
../lv_examples/lv_apps/demo/demo2.c:815:6: warning: conflicting types for 'set_leds'
 void set_leds()
      ^~~~~~~~
../lv_examples/lv_apps/demo/demo2.c:788:3: note: previous implicit declaration of 'set_leds' was here
   set_leds();
   ^~~~~~~~
../lv_examples/lv_apps/demo/demo2.c:747:17: warning: 'click_Parametres_DEL' defined but not used [-Wunused-function]
 static lv_res_t click_Parametres_DEL(lv_obj_t * child)
                 ^~~~~~~~~~~~~~~~~~~~
Finished building: ../lv_examples/lv_apps/demo/demo2.c
 
Building target: Projet.elf
Invoking: MCU GCC Linker
arm-none-eabi-gcc -mcpu=cortex-m7 -mthumb -mfloat-abi=hard -mfpu=fpv5-d16 -L"C:\PerfectTuning\Projet\Debug\lvgl\lv_objx" -L"C:\PerfectTuning\Projet\lv_examples" -L"C:\PerfectTuning\Projet\Drivers\BSP" -specs=nosys.specs -specs=nano.specs -T"../STM32F769NIHx_FLASH.ld" -Wl,-Map=output.map -Wl,--gc-sections -o "Projet.elf" @"objects.list"   -lm
Finished building target: Projet.elf
 
make --no-print-directory post-build
Generating binary and Printing size information:
arm-none-eabi-objcopy -O binary "Projet.elf" "Projet.bin"
arm-none-eabi-size "Projet.elf"
   text	   data	    bss	    dec	    hex	filename
2031760	    656	 212144	2244560	 223fd0	Projet.elf
 
