12:11:48 **** Incremental Build of configuration Debug for project Projet ****
make -j all 
Building file: ../Src/lcd_lvgl.c
Invoking: MCU GCC Compiler
C:\PerfectTuning\Projet\Debug
arm-none-eabi-gcc -mcpu=cortex-m7 -mthumb -mfloat-abi=hard -mfpu=fpv5-d16 '-D__weak=__attribute__((weak))' '-D__packed=__attribute__((__packed__))' -DUSE_HAL_DRIVER -DSTM32F769xx -I"C:/PerfectTuning/Projet/Inc" -I"C:/PerfectTuning/Projet/Drivers/STM32F7xx_HAL_Driver/Inc" -I"C:/PerfectTuning/Projet/Drivers/STM32F7xx_HAL_Driver/Inc/Legacy" -I"C:/PerfectTuning/Projet/Drivers/CMSIS/Device/ST/STM32F7xx/Include" -I"C:/PerfectTuning/Projet/Drivers/CMSIS/Include" -I"C:/PerfectTuning/Projet" -I"C:/PerfectTuning/Projet/lv_examples" -I"C:/PerfectTuning/Projet/Drivers/BSP/Components" -I"C:/PerfectTuning/Projet/Drivers/BSP/STM32F769I-Discovery" -I"C:/PerfectTuning/Projet/Utilities/Fonts" -I"C:/PerfectTuning/Projet/Drivers"  -O0 -g3 -Wall -fmessage-length=0 -ffunction-sections -c -fmessage-length=0 -MMD -MP -MF"Src/lcd_lvgl.d" -MT"Src/lcd_lvgl.o" -o "Src/lcd_lvgl.o" "../Src/lcd_lvgl.c"
../Src/lcd_lvgl.c: In function 'lvgl_init':
../Src/lcd_lvgl.c:158:33: warning: pointer targets in passing argument 3 of 'BSP_LCD_DisplayStringAt' differ in signedness [-Wpointer-sign]
  BSP_LCD_DisplayStringAt(10,210,"Test de l'écran AMOLED", CENTER_MODE);
                                 ^~~~~~~~~~~~~~~~~~~~~~~~
In file included from ../Src/lcd_lvgl.c:29:0:
../Src/../Drivers/BSP/STM32F769I-Discovery/stm32f769i_discovery_lcd.h:356:10: note: expected 'uint8_t * {aka unsigned char *}' but argument is of type 'char *'
 void     BSP_LCD_DisplayStringAt(uint16_t Xpos, uint16_t Ypos, uint8_t *Text, Text_AlignModeTypdef Mode);
          ^~~~~~~~~~~~~~~~~~~~~~~
../Src/lcd_lvgl.c:168:33: warning: pointer targets in passing argument 3 of 'BSP_LCD_DisplayStringAt' differ in signedness [-Wpointer-sign]
  BSP_LCD_DisplayStringAt(30,150,"Test de l'ecran AMOLED", CENTER_MODE);
                                 ^~~~~~~~~~~~~~~~~~~~~~~~
In file included from ../Src/lcd_lvgl.c:29:0:
../Src/../Drivers/BSP/STM32F769I-Discovery/stm32f769i_discovery_lcd.h:356:10: note: expected 'uint8_t * {aka unsigned char *}' but argument is of type 'char *'
 void     BSP_LCD_DisplayStringAt(uint16_t Xpos, uint16_t Ypos, uint8_t *Text, Text_AlignModeTypdef Mode);
          ^~~~~~~~~~~~~~~~~~~~~~~
Finished building: ../Src/lcd_lvgl.c
 
Building target: Projet.elf
Invoking: MCU GCC Linker
arm-none-eabi-gcc -mcpu=cortex-m7 -mthumb -mfloat-abi=hard -mfpu=fpv5-d16 -L"C:\PerfectTuning\Projet\Debug\lvgl\lv_objx" -L"C:\PerfectTuning\Projet\lv_examples" -L"C:\PerfectTuning\Projet\Drivers\BSP" -specs=nosys.specs -specs=nano.specs -T"../STM32F769NIHx_FLASH.ld" -Wl,-Map=output.map -Wl,--gc-sections -o "Projet.elf" @"objects.list"   -lm
Finished building target: Projet.elf
 
make --no-print-directory post-build
Generating binary and Printing size information:
arm-none-eabi-objcopy -O binary "Projet.elf" "Projet.bin"
arm-none-eabi-size "Projet.elf"
   text	   data	    bss	    dec	    hex	filename
 115980	    224	 372816	 489020	  7763c	Projet.elf
 
12:12:14 **** Incremental Build of configuration Debug for project Projet ****
make -j all 
make: Nothing to be done for 'all'.
12:12:38 **** Incremental Build of configuration Debug for project Projet ****
make -j all 
make: Nothing to be done for 'all'.
12:13:11 **** Incremental Build of configuration Debug for project Projet ****
make -j all 
make: Nothing to be done for 'all'.
12:14:40 **** Incremental Build of configuration Debug for project Projet ****
make -j all 
make: Nothing to be done for 'all'.
